============================= test session starts ==============================
platform darwin -- Python 3.14.5, pytest-9.0.3, pluggy-1.6.0 -- /Users/tduffield/code/trailhead/.venv/bin/python
cachedir: .pytest_cache
rootdir: /Users/tduffield/.local/state/camp/trailhead/worktrees/lore-refactor-s3/trailhead
configfile: pyproject.toml
testpaths: trailhead/tests, tools/lore/tests, tools/craft/tests, tools/camp/tests, tools/portage/tests
collecting ... collected 2767 items

trailhead/tests/test_capabilities.py::TestLoreInventory::test_returns_manifest PASSED [  0%]
trailhead/tests/test_capabilities.py::TestLoreInventory::test_tool_name PASSED [  0%]
trailhead/tests/test_capabilities.py::TestLoreInventory::test_base_is_shared_only PASSED [  0%]
trailhead/tests/test_capabilities.py::TestLoreInventory::test_hooks_json PASSED [  0%]
trailhead/tests/test_capabilities.py::TestLoreInventory::test_librarian_subagent_discovered PASSED [  0%]
trailhead/tests/test_capabilities.py::TestLoreInventory::test_capture_skills_selectable PASSED [  0%]
trailhead/tests/test_capabilities.py::TestLoreInventory::test_sync_is_now_selectable PASSED [  0%]
trailhead/tests/test_capabilities.py::TestLoreInventory::test_shared_not_selectable PASSED [  0%]
trailhead/tests/test_capabilities.py::TestLoreInventory::test_all_selectable PASSED [  0%]
trailhead/tests/test_capabilities.py::TestCraftInventory::test_tool_name PASSED [  0%]
trailhead/tests/test_capabilities.py::TestCraftInventory::test_no_hooks_json PASSED [  0%]
trailhead/tests/test_capabilities.py::TestCraftInventory::test_base_is_shared_only PASSED [  0%]
trailhead/tests/test_capabilities.py::TestCraftInventory::test_council_subagents_discovered PASSED [  0%]
trailhead/tests/test_capabilities.py::TestCraftInventory::test_helper_subagents_discovered PASSED [  0%]
trailhead/tests/test_capabilities.py::TestCraftInventory::test_lifecycle_skills_now_selectable PASSED [  0%]
trailhead/tests/test_capabilities.py::TestCraftInventory::test_shared_not_selectable PASSED [  0%]
trailhead/tests/test_capabilities.py::TestOtherInventories::test_camp_has_no_selectable_skills PASSED [  0%]
trailhead/tests/test_capabilities.py::TestOtherInventories::test_portage_inventory PASSED [  0%]
trailhead/tests/test_capabilities.py::TestOtherInventories::test_landing_inventory PASSED [  0%]
trailhead/tests/test_capabilities.py::TestDiscoveryRules::test_skill_without_skill_md_is_not_selectable PASSED [  0%]
trailhead/tests/test_capabilities.py::TestDiscoveryRules::test_base_listed_skill_excluded_from_selectable PASSED [  0%]
trailhead/tests/test_capabilities.py::TestDiscoveryRules::test_subagents_discovered_from_agents_dir PASSED [  0%]
trailhead/tests/test_capabilities.py::TestDiscoveryRules::test_empty_plugin_has_empty_inventory PASSED [  0%]
trailhead/tests/test_capabilities.py::TestMalformedManifests::test_malformed_toml_raises PASSED [  0%]
trailhead/tests/test_capabilities.py::TestMalformedManifests::test_missing_tool_section_raises PASSED [  0%]
trailhead/tests/test_capabilities.py::TestMalformedManifests::test_missing_tool_name_raises PASSED [  0%]
trailhead/tests/test_capabilities.py::TestConfinement::test_dotdot_traversal_in_base_raises PASSED [  0%]
trailhead/tests/test_capabilities.py::TestConfinement::test_absolute_path_in_base_raises PASSED [  1%]
trailhead/tests/test_capabilities.py::TestConfinement::test_hooks_json_traversal_raises PASSED [  1%]
trailhead/tests/test_capabilities.py::TestConfinement::test_absolute_hooks_json_raises PASSED [  1%]
trailhead/tests/test_capabilities.py::TestValidate::test_missing_base_dir_raises PASSED [  1%]
trailhead/tests/test_capabilities.py::TestValidate::test_base_that_is_a_file_raises PASSED [  1%]
trailhead/tests/test_capabilities.py::TestValidate::test_missing_hooks_json_raises PASSED [  1%]
trailhead/tests/test_capabilities.py::TestValidate::test_hooks_json_that_is_a_dir_raises PASSED [  1%]
trailhead/tests/test_capabilities.py::TestValidate::test_validate_false_suppresses_missing_base PASSED [  1%]
trailhead/tests/test_capability_coverage.py::test_every_on_disk_skill_and_agent_is_wired[lore] PASSED [  1%]
trailhead/tests/test_capability_coverage.py::test_every_on_disk_skill_and_agent_is_wired[camp] PASSED [  1%]
trailhead/tests/test_capability_coverage.py::test_every_on_disk_skill_and_agent_is_wired[craft] PASSED [  1%]
trailhead/tests/test_capability_coverage.py::test_every_on_disk_skill_and_agent_is_wired[portage] PASSED [  1%]
trailhead/tests/test_capability_coverage.py::test_every_on_disk_skill_and_agent_is_wired[landing] PASSED [  1%]
trailhead/tests/test_capability_coverage.py::test_manifest_validates_against_disk[lore] PASSED [  1%]
trailhead/tests/test_capability_coverage.py::test_manifest_validates_against_disk[camp] PASSED [  1%]
trailhead/tests/test_capability_coverage.py::test_manifest_validates_against_disk[craft] PASSED [  1%]
trailhead/tests/test_capability_coverage.py::test_manifest_validates_against_disk[portage] PASSED [  1%]
trailhead/tests/test_capability_coverage.py::test_manifest_validates_against_disk[landing] PASSED [  1%]
trailhead/tests/test_capability_coverage.py::test_hooks_scripts_referenced_by_hooks_json_get_wired[lore] PASSED [  1%]
trailhead/tests/test_capability_coverage.py::test_hooks_scripts_referenced_by_hooks_json_get_wired[camp] SKIPPED [  1%]
trailhead/tests/test_capability_coverage.py::test_hooks_scripts_referenced_by_hooks_json_get_wired[craft] SKIPPED [  1%]
trailhead/tests/test_capability_coverage.py::test_hooks_scripts_referenced_by_hooks_json_get_wired[portage] SKIPPED [  1%]
trailhead/tests/test_capability_coverage.py::test_hooks_scripts_referenced_by_hooks_json_get_wired[landing] SKIPPED [  1%]
trailhead/tests/test_cli_help.py::TestCuratedHelp::test_bare_trailhead_exits_zero PASSED [  1%]
trailhead/tests/test_cli_help.py::TestCuratedHelp::test_help_exits_zero PASSED [  1%]
trailhead/tests/test_cli_help.py::TestCuratedHelp::test_bare_names_the_commands PASSED [  1%]
trailhead/tests/test_cli_help.py::TestCuratedHelp::test_help_does_not_name_removed_commands PASSED [  1%]
trailhead/tests/test_cli_help.py::TestCuratedHelp::test_help_mentions_config_flag PASSED [  1%]
trailhead/tests/test_cli_help.py::TestSubcommandHelp::test_install_help_shows_new_flags PASSED [  2%]
trailhead/tests/test_cli_help.py::TestSubcommandHelp::test_install_help_has_no_preset_flag PASSED [  2%]
trailhead/tests/test_cli_help.py::TestSubcommandHelp::test_uninstall_help_shows_yes_flag PASSED [  2%]
trailhead/tests/test_cli_help.py::TestSubcommandHelp::test_doctor_help_exits_zero PASSED [  2%]
trailhead/tests/test_cli_help.py::TestSubcommandHelp::test_update_command_is_gone PASSED [  2%]
trailhead/tests/test_cli_help.py::TestSubcommandHelp::test_config_command_is_gone PASSED [  2%]
trailhead/tests/test_cli_help.py::TestDoctorRuns::test_doctor_exits_zero_with_empty_state PASSED [  2%]
trailhead/tests/test_cli_help.py::TestShellenv::test_shellenv_zsh_prints_exports PASSED [  2%]
trailhead/tests/test_cli_help.py::TestShellenv::test_shellenv_fish PASSED [  2%]
trailhead/tests/test_compose.py::TestAlwaysOnSet::test_returns_plan PASSED [  2%]
trailhead/tests/test_compose.py::TestAlwaysOnSet::test_contains_claude_plugin PASSED [  2%]
trailhead/tests/test_compose.py::TestAlwaysOnSet::test_contains_base_and_hooks_dir PASSED [  2%]
trailhead/tests/test_compose.py::TestAlwaysOnSet::test_empty_selection_exact_count PASSED [  2%]
trailhead/tests/test_compose.py::TestAlwaysOnSet::test_no_selectable_dirs_in_empty_plan PASSED [  2%]
trailhead/tests/test_compose.py::TestNameSelection::test_selected_skill_dir_in_plan PASSED [  2%]
trailhead/tests/test_compose.py::TestNameSelection::test_selected_subagent_file_in_plan PASSED [  2%]
trailhead/tests/test_compose.py::TestNameSelection::test_src_under_plugin_root_for_in_repo PASSED [  2%]
trailhead/tests/test_compose.py::TestNameSelection::test_unknown_skill_raises PASSED [  2%]
trailhead/tests/test_compose.py::TestNameSelection::test_unknown_subagent_raises PASSED [  2%]
trailhead/tests/test_compose.py::TestOverrides::test_subagent_file_override_lands_at_canonical_path PASSED [  2%]
trailhead/tests/test_compose.py::TestOverrides::test_skill_file_override_lands_as_skill_md PASSED [  2%]
trailhead/tests/test_compose.py::TestOverrides::test_skill_dir_override_copies_whole_tree PASSED [  2%]
trailhead/tests/test_compose.py::TestOverrides::test_override_path_outside_repo_is_allowed PASSED [  2%]
trailhead/tests/test_compose.py::TestOverrides::test_missing_override_raises PASSED [  2%]
trailhead/tests/test_compose.py::TestDedupCollision::test_collision_detected PASSED [  2%]
trailhead/tests/test_compose.py::TestDedupCollision::test_same_src_no_collision PASSED [  2%]
trailhead/tests/test_compose.py::TestDedupCollision::test_base_relisted_as_skill_dedups PASSED [  2%]
trailhead/tests/test_compose.py::TestPurity::test_compose_plan_creates_nothing PASSED [  2%]
trailhead/tests/test_compose.py::TestApply::test_roundtrip_structural_validity PASSED [  3%]
trailhead/tests/test_compose.py::TestApply::test_excludes_pycache_cruft PASSED [  3%]
trailhead/tests/test_compose.py::TestApply::test_symlink_not_preserved PASSED [  3%]
trailhead/tests/test_compose.py::TestDestConfinement::test_override_cannot_escape_dest PASSED [  3%]
trailhead/tests/test_compose.py::TestNoHooksJson::test_plan_omits_hooks_when_absent PASSED [  3%]
trailhead/tests/test_compose_agents.py::TestSubagentSelection::test_selected_subagents_are_file_ops PASSED [  3%]
trailhead/tests/test_compose_agents.py::TestSubagentSelection::test_unselected_subagents_absent PASSED [  3%]
trailhead/tests/test_compose_agents.py::TestSubagentSelection::test_empty_selection_has_no_agents PASSED [  3%]
trailhead/tests/test_compose_agents.py::TestSubagentApply::test_subagent_lands_and_content_preserved PASSED [  3%]
trailhead/tests/test_compose_agents.py::TestSubagentApply::test_no_symlinks_in_tree PASSED [  3%]
trailhead/tests/test_dev_marketplace.py::TestRootMarketplaceShape::test_root_marketplace_exists PASSED [  3%]
trailhead/tests/test_dev_marketplace.py::TestRootMarketplaceShape::test_root_marketplace_parses PASSED [  3%]
trailhead/tests/test_dev_marketplace.py::TestRootMarketplaceShape::test_root_marketplace_name_is_trailhead_local PASSED [  3%]
trailhead/tests/test_dev_marketplace.py::TestRootMarketplaceShape::test_root_marketplace_has_five_plugins PASSED [  3%]
trailhead/tests/test_dev_marketplace.py::TestRootMarketplaceShape::test_root_marketplace_plugin_names PASSED [  3%]
trailhead/tests/test_dev_marketplace.py::TestRootMarketplaceShape::test_every_source_starts_with_tools PASSED [  3%]
trailhead/tests/test_dev_marketplace.py::TestRootMarketplaceShape::test_every_source_resolves_to_plugin_json PASSED [  3%]
trailhead/tests/test_dev_marketplace.py::TestPerToolMarketplacesDeleted::test_per_tool_marketplace_absent[lore] PASSED [  3%]
trailhead/tests/test_dev_marketplace.py::TestPerToolMarketplacesDeleted::test_per_tool_marketplace_absent[camp] PASSED [  3%]
trailhead/tests/test_dev_marketplace.py::TestPerToolMarketplacesDeleted::test_per_tool_marketplace_absent[craft] PASSED [  3%]
trailhead/tests/test_dev_marketplace.py::TestPerToolMarketplacesDeleted::test_per_tool_marketplace_absent[portage] PASSED [  3%]
trailhead/tests/test_dev_marketplace.py::TestPerToolMarketplacesDeleted::test_per_tool_marketplace_absent[landing] PASSED [  3%]
trailhead/tests/test_dev_marketplace.py::TestRepoWideGrepGuard::test_no_trailhead_tool_marketplace_names PASSED [  3%]
trailhead/tests/test_dev_marketplace.py::TestRepoWideGrepGuard::test_no_at_trailhead_tool_install_refs PASSED [  3%]
trailhead/tests/test_dev_marketplace.py::TestRepoWideGrepGuard::test_no_tool_local_install_refs_in_docs PASSED [  3%]
trailhead/tests/test_doctor.py::TestEmpty::test_exit_zero_with_no_state PASSED [  3%]
trailhead/tests/test_doctor.py::TestEmpty::test_human_output_mentions_no_harnesses PASSED [  3%]
trailhead/tests/test_doctor.py::TestReport::test_reports_installed_tools PASSED [  4%]
trailhead/tests/test_doctor.py::TestReport::test_clis_reported_from_which PASSED [  4%]
trailhead/tests/test_doctor.py::TestReport::test_python_version_reported PASSED [  4%]
trailhead/tests/test_doctor.py::TestReport::test_exit_zero_even_when_cli_missing PASSED [  4%]
trailhead/tests/test_doctor.py::TestReport::test_shim_dir_presence PASSED [  4%]
trailhead/tests/test_harness.py::TestFactory::test_known_names_includes_claude_code PASSED [  4%]
trailhead/tests/test_harness.py::TestFactory::test_get_harness_returns_instance PASSED [  4%]
trailhead/tests/test_harness.py::TestFactory::test_alias_claude_resolves_to_claude_code PASSED [  4%]
trailhead/tests/test_harness.py::TestFactory::test_unknown_harness_raises PASSED [  4%]
trailhead/tests/test_harness.py::TestFactory::test_resolve_harnesses_dedupes_by_canonical_name PASSED [  4%]
trailhead/tests/test_harness.py::TestFactory::test_resolve_harnesses_preserves_order PASSED [  4%]
trailhead/tests/test_harness.py::TestDetection::test_detect_true_when_claude_dir_present PASSED [  4%]
trailhead/tests/test_harness.py::TestDetection::test_detect_false_when_absent PASSED [  4%]
trailhead/tests/test_harness.py::TestDetection::test_detect_honors_explicit_override PASSED [  4%]
trailhead/tests/test_harness.py::TestDetection::test_detect_harnesses_finds_claude_code PASSED [  4%]
trailhead/tests/test_harness.py::TestDetection::test_detect_harnesses_empty_when_none_present PASSED [  4%]
trailhead/tests/test_harness.py::TestComposedRoot::test_per_harness_root PASSED [  4%]
trailhead/tests/test_harness.py::TestMarkers::test_is_registered_reads_marker PASSED [  4%]
trailhead/tests/test_harness.py::TestMarkers::test_is_installed_reads_per_tool_marker PASSED [  4%]
trailhead/tests/test_harness.py::TestDelegationToRegistry::test_generate_manifest_writes_marketplace PASSED [  4%]
trailhead/tests/test_harness.py::TestDelegationToRegistry::test_register_and_install_use_runner PASSED [  4%]
trailhead/tests/test_install.py::TestDetectionDrivenInstall::test_returns_zero_when_harness_detected PASSED [  4%]
trailhead/tests/test_install.py::TestDetectionDrivenInstall::test_wire_called_once_per_detected_harness PASSED [  4%]
trailhead/tests/test_install.py::TestDetectionDrivenInstall::test_wire_selection_contains_all_plugins PASSED [  4%]
trailhead/tests/test_install.py::TestDetectionDrivenInstall::test_clis_installed PASSED [  4%]
trailhead/tests/test_install.py::TestDetectionDrivenInstall::test_summary_prints_shellenv_hint PASSED [  4%]
trailhead/tests/test_install.py::TestCliOverrides::test_plugin_replaces_selection PASSED [  4%]
trailhead/tests/test_install.py::TestCliOverrides::test_harness_flag_used_without_detection PASSED [  4%]
trailhead/tests/test_install.py::TestCliOverrides::test_no_camp_skips_camp_cli PASSED [  5%]
trailhead/tests/test_install.py::TestCliOverrides::test_no_lore_skips_lore_cli PASSED [  5%]
trailhead/tests/test_install.py::TestCliOverrides::test_no_camp_and_no_lore_skips_pathint_entirely PASSED [  5%]
trailhead/tests/test_install.py::TestNoHarness::test_no_harness_exits_nonzero PASSED [  5%]
trailhead/tests/test_install.py::TestNoHarness::test_no_harness_still_installs_clis PASSED [  5%]
trailhead/tests/test_install.py::TestErrors::test_unknown_plugin_exits_nonzero PASSED [  5%]
trailhead/tests/test_install.py::TestErrors::test_wire_error_exits_nonzero PASSED [  5%]
trailhead/tests/test_install.py::TestJsonOutput::test_json_summary_shape PASSED [  5%]
trailhead/tests/test_install.py::TestJsonOutput::test_json_no_harness_flag PASSED [  5%]
trailhead/tests/test_install_config.py::TestConfigPath::test_default_is_config_default_toml PASSED [  5%]
trailhead/tests/test_install_config.py::TestConfigPath::test_relative_resolves_under_config_dir PASSED [  5%]
trailhead/tests/test_install_config.py::TestConfigPath::test_absolute_respected PASSED [  5%]
trailhead/tests/test_install_config.py::TestFlagsAndDefaults::test_defaults_true_with_no_config PASSED [  5%]
trailhead/tests/test_install_config.py::TestFlagsAndDefaults::test_no_camp_flag PASSED [  5%]
trailhead/tests/test_install_config.py::TestFlagsAndDefaults::test_no_lore_flag PASSED [  5%]
trailhead/tests/test_install_config.py::TestFlagsAndDefaults::test_config_can_set_install_flags PASSED [  5%]
trailhead/tests/test_install_config.py::TestFlagsAndDefaults::test_cli_no_lore_overrides_config_true PASSED [  5%]
trailhead/tests/test_install_config.py::TestHarnessResolution::test_detected_used_when_no_cli_or_config PASSED [  5%]
trailhead/tests/test_install_config.py::TestHarnessResolution::test_cli_alias_canonicalized PASSED [  5%]
trailhead/tests/test_install_config.py::TestHarnessResolution::test_cli_overrides_detection PASSED [  5%]
trailhead/tests/test_install_config.py::TestHarnessResolution::test_config_blocks_used_when_no_cli PASSED [  5%]
trailhead/tests/test_install_config.py::TestHarnessResolution::test_no_harness_anywhere_yields_empty PASSED [  5%]
trailhead/tests/test_install_config.py::TestHarnessResolution::test_unknown_harness_raises PASSED [  5%]
trailhead/tests/test_install_config.py::TestPluginExpansion::test_string_plugin_expands_to_all PASSED [  5%]
trailhead/tests/test_install_config.py::TestPluginExpansion::test_top_level_plugins_default PASSED [  5%]
trailhead/tests/test_install_config.py::TestPluginExpansion::test_no_plugins_anywhere_defaults_to_all_known PASSED [  5%]
trailhead/tests/test_install_config.py::TestPluginExpansion::test_per_harness_plugins_override_top_level PASSED [  5%]
trailhead/tests/test_install_config.py::TestPluginExpansion::test_cli_plugins_replace PASSED [  5%]
trailhead/tests/test_install_config.py::TestPluginExpansion::test_map_form_with_named_subset PASSED [  6%]
trailhead/tests/test_install_config.py::TestPluginExpansion::test_map_form_missing_keys_means_all PASSED [  6%]
trailhead/tests/test_install_config.py::TestPluginExpansion::test_override_file_path_captured PASSED [  6%]
trailhead/tests/test_install_config.py::TestValidation::test_unknown_plugin_raises PASSED [  6%]
trailhead/tests/test_install_config.py::TestValidation::test_unknown_subagent_raises PASSED [  6%]
trailhead/tests/test_install_config.py::TestValidation::test_unknown_skill_raises PASSED [  6%]
trailhead/tests/test_install_config.py::TestValidation::test_missing_config_file_raises PASSED [  6%]
trailhead/tests/test_install_config.py::TestValidation::test_malformed_toml_raises PASSED [  6%]
trailhead/tests/test_install_config.py::TestSelectionBridge::test_selection_shape_matches_wire PASSED [  6%]
trailhead/tests/test_install_config.py::TestShippedDefault::test_default_toml_resolves_all_plugins PASSED [  6%]
trailhead/tests/test_landing_links_real.py::TestClaimsManifestSchema::test_claims_file_exists PASSED [  6%]
trailhead/tests/test_landing_links_real.py::TestClaimsManifestSchema::test_claims_file_parses_as_toml PASSED [  6%]
trailhead/tests/test_landing_links_real.py::TestClaimsManifestSchema::test_claims_entries_have_required_fields PASSED [  6%]
trailhead/tests/test_landing_links_real.py::TestClaimsManifestSchema::test_claims_entries_have_valid_kind PASSED [  6%]
trailhead/tests/test_landing_links_real.py::TestClaimsManifestSchema::test_unknown_kind_synthetic_raises_named_assertion PASSED [  6%]
trailhead/tests/test_landing_links_real.py::TestClaimsManifestSchema::test_positioning_kind_is_skipped_not_rejected PASSED [  6%]
trailhead/tests/test_landing_links_real.py::TestClaimsManifestSchema::test_allowlisted_example_kind_is_skipped_not_rejected PASSED [  6%]
trailhead/tests/test_landing_links_real.py::TestForwardCheckPositive::test_real_command_claim_passes PASSED [  6%]
trailhead/tests/test_landing_links_real.py::TestForwardCheckPositive::test_real_skill_claim_passes PASSED [  6%]
trailhead/tests/test_landing_links_real.py::TestForwardCheckPositive::test_real_agent_claim_passes PASSED [  6%]
trailhead/tests/test_landing_links_real.py::TestForwardCheckPositive::test_real_doc_link_claim_passes PASSED [  6%]
trailhead/tests/test_landing_links_real.py::TestForwardCheckNegative::test_nonexistent_command_fails_with_named_assertion PASSED [  6%]
trailhead/tests/test_landing_links_real.py::TestForwardCheckNegative::test_nonexistent_skill_fails_with_named_assertion PASSED [  6%]
trailhead/tests/test_landing_links_real.py::TestForwardCheckNegative::test_nonexistent_agent_fails_with_named_assertion PASSED [  6%]
trailhead/tests/test_landing_links_real.py::TestForwardCheckNegative::test_nonexistent_doc_link_fails_with_named_assertion PASSED [  6%]
trailhead/tests/test_landing_links_real.py::TestBuildRealAnchorSet::test_returns_non_empty_dict PASSED [  6%]
trailhead/tests/test_landing_links_real.py::TestBuildRealAnchorSet::test_known_tools_present PASSED [  6%]
trailhead/tests/test_landing_links_real.py::TestBuildRealAnchorSet::test_lore_finish_skill_present PASSED [  7%]
trailhead/tests/test_landing_links_real.py::TestBuildRealAnchorSet::test_lore_librarian_agent_present PASSED [  7%]
trailhead/tests/test_landing_links_real.py::TestBuildRealAnchorSet::test_craft_execute_skill_present PASSED [  7%]
trailhead/tests/test_landing_links_real.py::TestBuildRealAnchorSet::test_craft_assumption_prover_agent_present PASSED [  7%]
trailhead/tests/test_landing_links_real.py::TestBuildRealAnchorSet::test_craft_artist_agent_present PASSED [  7%]
trailhead/tests/test_landing_links_real.py::TestBuildRealAnchorSet::test_camp_has_no_skills_or_agents PASSED [  7%]
trailhead/tests/test_landing_links_real.py::TestBuildRealAnchorSet::test_result_is_stable_across_calls PASSED [  7%]
trailhead/tests/test_landing_links_real.py::TestBuildRealAnchorSet::test_build_real_anchor_set_raises_on_validate_false_manifest PASSED [  7%]
trailhead/tests/test_landing_links_real.py::TestBuildRealAnchorSet::test_build_real_anchor_set_accepts_injected_root PASSED [  7%]
trailhead/tests/test_landing_links_real.py::TestForwardCheckOverRealClaims::test_all_claims_resolve PASSED [  7%]
trailhead/tests/test_landing_links_real.py::TestExtractFencedCommands::test_extracts_command_from_sh_block PASSED [  7%]
trailhead/tests/test_landing_links_real.py::TestExtractFencedCommands::test_extracts_command_from_bash_block PASSED [  7%]
trailhead/tests/test_landing_links_real.py::TestExtractFencedCommands::test_bare_prose_mention_not_extracted PASSED [  7%]
trailhead/tests/test_landing_links_real.py::TestExtractFencedCommands::test_plain_fenced_block_not_extracted PASSED [  7%]
trailhead/tests/test_landing_links_real.py::TestExtractFencedCommands::test_lore_command_extracted PASSED [  7%]
trailhead/tests/test_landing_links_real.py::TestExtractFencedCommands::test_multiple_commands_extracted PASSED [  7%]
trailhead/tests/test_landing_links_real.py::TestExtractFencedCommands::test_result_is_set PASSED [  7%]
trailhead/tests/test_landing_links_real.py::TestExtractFencedCommands::test_sorted_result_is_deterministic PASSED [  7%]
trailhead/tests/test_landing_links_real.py::TestExtractRelativeLinks::test_extracts_dot_slash_link PASSED [  7%]
trailhead/tests/test_landing_links_real.py::TestExtractRelativeLinks::test_extracts_dot_dot_slash_link PASSED [  7%]
trailhead/tests/test_landing_links_real.py::TestExtractRelativeLinks::test_absolute_https_link_not_extracted PASSED [  7%]
trailhead/tests/test_landing_links_real.py::TestExtractRelativeLinks::test_anchor_link_not_extracted PASSED [  7%]
trailhead/tests/test_landing_links_real.py::TestExtractRelativeLinks::test_non_relative_bare_path_not_extracted PASSED [  7%]
trailhead/tests/test_landing_links_real.py::TestExtractRelativeLinks::test_sorted_result_is_deterministic PASSED [  7%]
trailhead/tests/test_landing_links_real.py::TestCheckInverseFixtures::test_registered_command_and_link_pass PASSED [  7%]
trailhead/tests/test_landing_links_real.py::TestCheckInverseFixtures::test_unregistered_fenced_command_fails_named_assertion PASSED [  7%]
trailhead/tests/test_landing_links_real.py::TestCheckInverseFixtures::test_unregistered_relative_link_fails PASSED [  7%]
trailhead/tests/test_landing_links_real.py::TestCheckInverseFixtures::test_traversal_link_fails_escapes_repo_root PASSED [  7%]
trailhead/tests/test_landing_links_real.py::TestCheckInverseFixtures::test_allowlisted_example_does_not_fail PASSED [  8%]
trailhead/tests/test_landing_links_real.py::TestCheckInverseFixtures::test_bare_prose_not_flagged PASSED [  8%]
trailhead/tests/test_landing_links_real.py::TestCheckInverseFixtures::test_skill_claim_satisfies_fenced_command PASSED [  8%]
trailhead/tests/test_landing_links_real.py::TestCheckInverseFixtures::test_existing_relative_link_passes PASSED [  8%]
trailhead/tests/test_landing_links_real.py::TestCheckInverseFixtures::test_sorted_extraction_determinism PASSED [  8%]
trailhead/tests/test_landing_links_real.py::TestCheckInverseFixtures::test_registered_doc_link_to_absent_file_passes_via_registration PASSED [  8%]
trailhead/tests/test_landing_links_real.py::TestCheckInverseFixtures::test_unregistered_absent_link_still_fails_after_normalization PASSED [  8%]
trailhead/tests/test_landing_links_real.py::TestCheckInverseFixtures::test_link_with_title_attribute_does_not_leak_into_path PASSED [  8%]
trailhead/tests/test_landing_links_real.py::TestRealReadmeInverseScan::test_all_real_readmes_pass_inverse_check PASSED [  8%]
trailhead/tests/test_landing_links_real.py::TestLoreRecallHonestyGuards::test_lore_readme_contains_recall_areas_positive FAILED [  8%]
trailhead/tests/test_landing_links_real.py::TestLoreRecallHonestyGuards::test_lore_readme_no_branch_keyword_recall_as_live_feature PASSED [  8%]
trailhead/tests/test_landing_links_real.py::TestLoreRecallHonestyGuards::test_lore_readme_no_semantic_recall_as_built_feature PASSED [  8%]
trailhead/tests/test_landing_links_real.py::TestNoToolReadmePypiLine::test_no_pip_install_trailhead_line[lore] PASSED [  8%]
trailhead/tests/test_landing_links_real.py::TestNoToolReadmePypiLine::test_no_pip_install_trailhead_line[craft] PASSED [  8%]
trailhead/tests/test_landing_links_real.py::TestNoToolReadmePypiLine::test_no_pip_install_trailhead_line[camp] PASSED [  8%]
trailhead/tests/test_landing_links_real.py::TestRootReadmeNoPypiLine::test_root_readme_no_pip_install_trailhead PASSED [  8%]
trailhead/tests/test_landing_links_real.py::TestRootReadmeNoSemanticRecallOversell::test_root_readme_no_unqualified_semantic_recall PASSED [  8%]
trailhead/tests/test_landing_links_real.py::TestRootReadmeStructuralGuard::test_lore_lead_appears_before_multi_tool_table PASSED [  8%]
trailhead/tests/test_landing_links_real.py::TestLandingSurfaceLeakGate::test_positive_gate_landing_surface_is_clean PASSED [  8%]
trailhead/tests/test_landing_links_real.py::TestLandingSurfaceLeakGate::test_negative_twin_seeded_token_exits_1 PASSED [  8%]
trailhead/tests/test_landing_links_real.py::TestLandingSurfaceLeakGate::test_negative_twin_brain_path_exits_1 PASSED [  8%]
trailhead/tests/test_landing_links_real.py::TestLandingSurfaceLeakGate::test_negative_twin_ws_id_exits_1 PASSED [  8%]
trailhead/tests/test_landing_links_real.py::TestLandingSurfaceLeakGate::test_fail_closed_missing_path_exits_2 PASSED [  8%]
trailhead/tests/test_landing_links_real.py::TestLandingSurfaceLeakGate::test_fail_closed_empty_denylist_exits_2 PASSED [  8%]
trailhead/tests/test_landing_links_real.py::TestLandingSurfaceLeakGate::test_legitimate_vocabulary_not_flagged PASSED [  8%]
trailhead/tests/test_landing_links_real.py::TestNoDivCollapseGuard::test_root_readme_does_not_claim_group_workspace PASSED [  8%]
trailhead/tests/test_lean_report_contract.py::TestExecutorHeadSection::test_head_template_names_field[status:] PASSED [  8%]
trailhead/tests/test_lean_report_contract.py::TestExecutorHeadSection::test_head_template_names_field[files:] PASSED [  8%]
trailhead/tests/test_lean_report_contract.py::TestExecutorHeadSection::test_head_template_names_field[review:] PASSED [  9%]
trailhead/tests/test_lean_report_contract.py::TestExecutorHeadSection::test_head_template_names_field[blocking:] PASSED [  9%]
trailhead/tests/test_lean_report_contract.py::TestExecutorHeadSection::test_head_template_names_field[unknowns:] PASSED [  9%]
trailhead/tests/test_lean_report_contract.py::TestExecutorHeadSection::test_head_template_names_field[cleanup:] PASSED [  9%]
trailhead/tests/test_lean_report_contract.py::TestExecutorHeadSection::test_head_template_contains_all_six_fields PASSED [  9%]
trailhead/tests/test_lean_report_contract.py::TestExecutorTailDirective::test_tail_directive_references_commit_body PASSED [  9%]
trailhead/tests/test_lean_report_contract.py::TestExecutorTailDirective::test_tail_directive_states_not_returned_or_not_echoed PASSED [  9%]
trailhead/tests/test_lean_report_contract.py::TestExecutorSplitNegative::test_tail_heading_not_in_head[What I built] PASSED [  9%]
trailhead/tests/test_lean_report_contract.py::TestExecutorSplitNegative::test_tail_heading_not_in_head[Self-review findings] PASSED [  9%]
trailhead/tests/test_lean_report_contract.py::TestExecutorSplitNegative::test_tail_heading_not_in_head[Files changed] PASSED [  9%]
trailhead/tests/test_lean_report_contract.py::TestExecutorSplitNegative::test_tail_heading_not_in_head[Surprises] PASSED [  9%]
trailhead/tests/test_lean_report_contract.py::TestExecutorSplitNegative::test_durable_tail_template_retains_heading[What I built] PASSED [  9%]
trailhead/tests/test_lean_report_contract.py::TestExecutorSplitNegative::test_durable_tail_template_retains_heading[Self-review findings] PASSED [  9%]
trailhead/tests/test_lean_report_contract.py::TestExecutorSplitNegative::test_durable_tail_template_retains_heading[Files changed] PASSED [  9%]
trailhead/tests/test_lean_report_contract.py::TestExecutorSplitNegative::test_durable_tail_template_retains_heading[Surprises] PASSED [  9%]
trailhead/tests/test_lean_report_contract.py::TestExecutorSplitNegative::test_tests_field_not_in_controller_head PASSED [  9%]
trailhead/tests/test_lean_report_contract.py::TestHarvestCandidatesIsLast::test_harvest_candidates_exists PASSED [  9%]
trailhead/tests/test_lean_report_contract.py::TestHarvestCandidatesIsLast::test_harvest_candidates_is_last_double_hash_section PASSED [  9%]
trailhead/tests/test_lean_report_contract.py::TestSecurityEscalationInHead::test_head_or_step8_describes_security_escalation_path PASSED [  9%]
trailhead/tests/test_lean_report_contract.py::TestCodeReviewerVerdictLine::test_agent_contains_verdict_line PASSED [  9%]
trailhead/tests/test_lean_report_contract.py::TestCodeReviewerVerdictLine::test_skill_contains_verdict_line PASSED [  9%]
trailhead/tests/test_lean_report_contract.py::TestCodeReviewerHardCap::test_agent_contains_hard_cap_phrase PASSED [  9%]
trailhead/tests/test_lean_report_contract.py::TestCodeReviewerHardCap::test_skill_contains_hard_cap_phrase PASSED [  9%]
trailhead/tests/test_lean_report_contract.py::TestCodeReviewerHardCap::test_cap_phrase_is_bounded_by_number_and_unit PASSED [  9%]
trailhead/tests/test_lean_report_contract.py::TestCodeReviewerNegativeAbsence::test_agent_lacks_acknowledge_done_well PASSED [  9%]
trailhead/tests/test_lean_report_contract.py::TestCodeReviewerNegativeAbsence::test_skill_lacks_strengths_heading PASSED [  9%]
trailhead/tests/test_lean_report_contract.py::TestCodeReviewerNegativeAbsence::test_skill_lacks_acknowledge_strengths_instruction PASSED [  9%]
trailhead/tests/test_lean_report_contract.py::TestCodeReviewerNegativeAbsence::test_skill_lacks_assessment_ready_to_merge PASSED [ 10%]
trailhead/tests/test_lean_report_contract.py::TestCodeReviewerNegativeAbsence::test_agent_lacks_assessment_ready_to_merge PASSED [ 10%]
trailhead/tests/test_lean_report_contract.py::TestCodeReviewerSecurityEscalationInvariant::test_agent_contains_security_auditor_escalation PASSED [ 10%]
trailhead/tests/test_lean_report_contract.py::TestCodeReviewerSecurityEscalationInvariant::test_skill_contains_security_auditor_escalation PASSED [ 10%]
trailhead/tests/test_lean_report_contract.py::TestCodeReviewerSeverityLabelsInvariant::test_agent_contains_critical_label PASSED [ 10%]
trailhead/tests/test_lean_report_contract.py::TestCodeReviewerSeverityLabelsInvariant::test_agent_contains_important_label PASSED [ 10%]
trailhead/tests/test_lean_report_contract.py::TestCodeReviewerSeverityLabelsInvariant::test_agent_contains_minor_label PASSED [ 10%]
trailhead/tests/test_lean_report_contract.py::TestCodeReviewerSeverityLabelsInvariant::test_skill_contains_critical_label PASSED [ 10%]
trailhead/tests/test_lean_report_contract.py::TestCodeReviewerSeverityLabelsInvariant::test_skill_contains_important_label PASSED [ 10%]
trailhead/tests/test_lean_report_contract.py::TestCodeReviewerSeverityLabelsInvariant::test_skill_contains_minor_label PASSED [ 10%]
trailhead/tests/test_lean_report_contract.py::TestExecuteSkillSection4SinglePass::test_large_tier_single_combined_pass_directive PASSED [ 10%]
trailhead/tests/test_lean_report_contract.py::TestExecuteSkillSection4SinglePass::test_large_tier_second_pass_only_when_saturated_or_over_length PASSED [ 10%]
trailhead/tests/test_lean_report_contract.py::TestExecuteSkillSection4SinglePass::test_section4_contains_verdict_plus_critical_absorb_directive PASSED [ 10%]
trailhead/tests/test_lean_report_contract.py::TestExecuteSkillSection4SinglePass::test_section4_lacks_dispatch_code_reviewer_twice PASSED [ 10%]
trailhead/tests/test_lean_report_contract.py::TestExecuteSkillSection5WorkingSet::test_section5_names_current_slice_in_working_set PASSED [ 10%]
trailhead/tests/test_lean_report_contract.py::TestExecuteSkillSection5WorkingSet::test_section5_names_unknowns_checklist_in_working_set PASSED [ 10%]
trailhead/tests/test_lean_report_contract.py::TestExecuteSkillSection5WorkingSet::test_section5_states_does_not_reread_full_plan PASSED [ 10%]
trailhead/tests/test_lean_report_contract.py::TestExecuteSkillSection5WorkingSet::test_section5_preserves_source_of_truth_language PASSED [ 10%]
trailhead/tests/test_lean_report_contract.py::TestExecuteSkillSection5WorkingSet::test_section5_preserves_draft_to_in_progress_status_flip PASSED [ 10%]
trailhead/tests/test_lean_report_contract.py::TestExecuteSkillHeadConsumerFieldCrossCheck::test_review_field_in_executor_head PASSED [ 10%]
trailhead/tests/test_lean_report_contract.py::TestExecuteSkillHeadConsumerFieldCrossCheck::test_blocking_field_in_executor_head PASSED [ 10%]
trailhead/tests/test_lean_report_contract.py::TestExecuteSkillHeadConsumerFieldCrossCheck::test_unknowns_field_in_executor_head PASSED [ 10%]
trailhead/tests/test_lean_report_contract.py::TestExecuteSkillHeadConsumerFieldCrossCheck::test_cleanup_field_in_executor_head PASSED [ 10%]
trailhead/tests/test_orchestration_hardening.py::TestCliErrorGuard::test_named_error_produces_clean_stderr PASSED [ 10%]
trailhead/tests/test_orchestration_hardening.py::TestCliErrorGuard::test_generic_exception_produces_clean_stderr PASSED [ 10%]
trailhead/tests/test_orchestration_hardening.py::TestPathintFailureIsWarning::test_install_exits_zero_when_pathint_fails PASSED [ 10%]
trailhead/tests/test_orchestration_hardening.py::TestSharedWireLock::test_install_blocked_when_lock_held PASSED [ 10%]
trailhead/tests/test_orchestration_hardening.py::TestEnvNoneFallback::test_run_install_env_none_does_not_raise PASSED [ 10%]
trailhead/tests/test_orchestration_hardening.py::TestEnvNoneFallback::test_run_uninstall_env_none_does_not_raise PASSED [ 11%]
trailhead/tests/test_package_shape.py::test_import_trailhead_from_repo_root PASSED [ 11%]
trailhead/tests/test_package_shape.py::test_import_trailhead_paths_from_repo_root PASSED [ 11%]
trailhead/tests/test_package_shape.py::test_bin_trailhead_version_no_pip PASSED [ 11%]
trailhead/tests/test_package_shape.py::test_bin_camp_version_no_pip PASSED [ 11%]
trailhead/tests/test_package_shape.py::test_lore_not_importable PASSED   [ 11%]
trailhead/tests/test_package_shape.py::test_craft_not_importable PASSED  [ 11%]
trailhead/tests/test_pathint.py::TestResolveShimDir::test_under_state_dir PASSED [ 11%]
trailhead/tests/test_pathint.py::TestResolveShimDir::test_pure_does_not_create PASSED [ 11%]
trailhead/tests/test_pathint.py::TestCreateShims::test_creates_one_shim_per_tool PASSED [ 11%]
trailhead/tests/test_pathint.py::TestCreateShims::test_shim_is_executable PASSED [ 11%]
trailhead/tests/test_pathint.py::TestCreateShims::test_shim_hardcodes_trailhead_root_and_exec PASSED [ 11%]
trailhead/tests/test_pathint.py::TestCreateShims::test_denylisted_name_rejected PASSED [ 11%]
trailhead/tests/test_pathint.py::TestCreateShims::test_only_selected_tools_shimmed PASSED [ 11%]
trailhead/tests/test_pathint.py::TestDetectShell::test_detects_from_shell_env[/usr/bin/fish-fish] PASSED [ 11%]
trailhead/tests/test_pathint.py::TestDetectShell::test_detects_from_shell_env[/bin/zsh-zsh] PASSED [ 11%]
trailhead/tests/test_pathint.py::TestDetectShell::test_detects_from_shell_env[/bin/bash-bash] PASSED [ 11%]
trailhead/tests/test_pathint.py::TestDetectShell::test_detects_from_shell_env[/usr/local/bin/weird-bash] PASSED [ 11%]
trailhead/tests/test_pathint.py::TestDetectShell::test_detects_from_shell_env[-bash] PASSED [ 11%]
trailhead/tests/test_pathint.py::TestShellenv::test_posix_exports_root_and_path PASSED [ 11%]
trailhead/tests/test_pathint.py::TestShellenv::test_bash_same_as_zsh PASSED [ 11%]
trailhead/tests/test_pathint.py::TestShellenv::test_fish_uses_set_gx_and_fish_add_path PASSED [ 11%]
trailhead/tests/test_pathint.py::TestShellenv::test_shell_detected_from_env_when_unspecified PASSED [ 11%]
trailhead/tests/test_pathint.py::TestShellenv::test_default_root_is_repo PASSED [ 11%]
trailhead/tests/test_paths.py::TestU2InjectionReachesAllBranches::test_linux_branch_reached_via_injection PASSED [ 11%]
trailhead/tests/test_paths.py::TestU2InjectionReachesAllBranches::test_macos_branch_reached_via_injection PASSED [ 11%]
trailhead/tests/test_paths.py::TestU2InjectionReachesAllBranches::test_windows_branch_reached_via_injection PASSED [ 11%]
trailhead/tests/test_paths.py::TestU2InjectionReachesAllBranches::test_unknown_platform_raises_named_error PASSED [ 11%]
trailhead/tests/test_paths.py::TestLinuxBranch::test_config_dir_uses_xdg_config_home_when_set PASSED [ 12%]
trailhead/tests/test_paths.py::TestLinuxBranch::test_config_dir_falls_back_to_dotconfig PASSED [ 12%]
trailhead/tests/test_paths.py::TestLinuxBranch::test_state_dir_uses_xdg_state_home_when_set PASSED [ 12%]
trailhead/tests/test_paths.py::TestLinuxBranch::test_state_dir_falls_back_to_local_state PASSED [ 12%]
trailhead/tests/test_paths.py::TestLinuxBranch::test_cache_dir_uses_xdg_cache_home_when_set PASSED [ 12%]
trailhead/tests/test_paths.py::TestLinuxBranch::test_cache_dir_falls_back_to_dotcache PASSED [ 12%]
trailhead/tests/test_paths.py::TestMacosBranch::test_config_dir_defaults_to_dotconfig PASSED [ 12%]
trailhead/tests/test_paths.py::TestMacosBranch::test_state_dir_defaults_to_local_state PASSED [ 12%]
trailhead/tests/test_paths.py::TestMacosBranch::test_cache_dir_defaults_to_dotcache PASSED [ 12%]
trailhead/tests/test_paths.py::TestMacosBranch::test_xdg_config_home_honored_on_macos_when_explicitly_set PASSED [ 12%]
trailhead/tests/test_paths.py::TestMacosBranch::test_xdg_state_home_honored_on_macos_when_explicitly_set PASSED [ 12%]
trailhead/tests/test_paths.py::TestMacosBranch::test_xdg_cache_home_honored_on_macos_when_explicitly_set PASSED [ 12%]
trailhead/tests/test_paths.py::TestMacosIgnoresLegacyLibrary::test_config_ignores_legacy_library_data PASSED [ 12%]
trailhead/tests/test_paths.py::TestMacosIgnoresLegacyLibrary::test_state_ignores_legacy_library_data PASSED [ 12%]
trailhead/tests/test_paths.py::TestMacosIgnoresLegacyLibrary::test_cache_ignores_legacy_library_caches PASSED [ 12%]
trailhead/tests/test_paths.py::TestWindowsBranch::test_config_dir_uses_appdata PASSED [ 12%]
trailhead/tests/test_paths.py::TestWindowsBranch::test_state_dir_uses_localappdata PASSED [ 12%]
trailhead/tests/test_paths.py::TestWindowsBranch::test_cache_dir_uses_localappdata PASSED [ 12%]
trailhead/tests/test_paths.py::TestWindowsBranch::test_unset_appdata_raises_named_error PASSED [ 12%]
trailhead/tests/test_paths.py::TestWindowsBranch::test_unset_localappdata_raises_named_error_for_state PASSED [ 12%]
trailhead/tests/test_paths.py::TestWindowsBranch::test_unset_localappdata_raises_named_error_for_cache PASSED [ 12%]
trailhead/tests/test_paths.py::TestPerAppEnvOverride::test_camp_state_dir_env_override_wins PASSED [ 12%]
trailhead/tests/test_paths.py::TestPerAppEnvOverride::test_camp_config_dir_env_override_wins PASSED [ 12%]
trailhead/tests/test_paths.py::TestPerAppEnvOverride::test_camp_cache_dir_env_override_wins PASSED [ 12%]
trailhead/tests/test_paths.py::TestPerAppEnvOverride::test_per_app_override_does_not_affect_other_apps PASSED [ 12%]
trailhead/tests/test_paths.py::TestUnknownOS::test_unknown_platform_config_raises_named_error PASSED [ 12%]
trailhead/tests/test_paths.py::TestUnknownOS::test_unknown_platform_state_raises_named_error PASSED [ 12%]
trailhead/tests/test_paths.py::TestUnknownOS::test_unknown_platform_cache_raises_named_error PASSED [ 13%]
trailhead/tests/test_paths.py::TestUnsetHome::test_unset_home_on_linux_raises_named_error PASSED [ 13%]
trailhead/tests/test_paths.py::TestUnsetHome::test_unset_home_on_macos_raises_named_error PASSED [ 13%]
trailhead/tests/test_paths.py::TestOverrideValidation::test_empty_xdg_config_home_is_ignored PASSED [ 13%]
trailhead/tests/test_paths.py::TestOverrideValidation::test_empty_xdg_state_home_is_ignored PASSED [ 13%]
trailhead/tests/test_paths.py::TestOverrideValidation::test_empty_per_app_override_is_ignored PASSED [ 13%]
trailhead/tests/test_paths.py::TestOverrideValidation::test_relative_xdg_config_home_raises_named_error PASSED [ 13%]
trailhead/tests/test_paths.py::TestOverrideValidation::test_relative_per_app_override_raises_named_error PASSED [ 13%]
trailhead/tests/test_paths.py::TestOverrideValidation::test_relative_xdg_cache_home_raises_named_error PASSED [ 13%]
trailhead/tests/test_paths.py::TestAppArgValidation::test_app_with_forward_slash_raises_named_error PASSED [ 13%]
trailhead/tests/test_paths.py::TestAppArgValidation::test_app_with_backslash_raises_named_error PASSED [ 13%]
trailhead/tests/test_paths.py::TestAppArgValidation::test_app_with_dotdot_raises_named_error PASSED [ 13%]
trailhead/tests/test_paths.py::TestAppArgValidation::test_app_with_os_sep_raises_named_error PASSED [ 13%]
trailhead/tests/test_paths.py::TestResolverPurity::test_config_dir_does_not_create_directory PASSED [ 13%]
trailhead/tests/test_paths.py::TestResolverPurity::test_state_dir_does_not_create_directory PASSED [ 13%]
trailhead/tests/test_paths.py::TestResolverPurity::test_cache_dir_does_not_create_directory PASSED [ 13%]
trailhead/tests/test_paths.py::TestResolverPurity::test_resolver_returns_path_object PASSED [ 13%]
trailhead/tests/test_paths.py::TestEnsureDir::test_ensure_dir_creates_directory PASSED [ 13%]
trailhead/tests/test_paths.py::TestEnsureDir::test_ensure_dir_sets_mode_0o700 PASSED [ 13%]
trailhead/tests/test_paths.py::TestEnsureDir::test_ensure_dir_returns_path PASSED [ 13%]
trailhead/tests/test_paths.py::TestEnsureDir::test_ensure_dir_is_idempotent PASSED [ 13%]
trailhead/tests/test_paths.py::TestEnsureDir::test_ensure_dir_respects_custom_mode PASSED [ 13%]
trailhead/tests/test_paths.py::TestCampConsumerContract::test_state_dir_camp_linux_returns_correct_path PASSED [ 13%]
trailhead/tests/test_paths.py::TestCampConsumerContract::test_config_dir_camp_linux_returns_correct_path PASSED [ 13%]
trailhead/tests/test_paths.py::TestCampConsumerContract::test_ensure_dir_creates_camp_state_dir PASSED [ 13%]
trailhead/tests/test_post_merge_handoff_parity.py::TestPostMergeHandoffParity::test_handoff_marker_has_group_toml_path PASSED [ 13%]
trailhead/tests/test_post_merge_handoff_parity.py::TestPostMergeHandoffParity::test_handoff_marker_covers_all_required_inputs PASSED [ 13%]
trailhead/tests/test_post_merge_handoff_parity.py::TestPostMergeHandoffParity::test_handoff_section_exists_in_monitor PASSED [ 13%]
trailhead/tests/test_post_merge_handoff_parity.py::TestPostMergeHandoffParity::test_inputs_section_exists_in_soaker PASSED [ 14%]
trailhead/tests/test_registry.py::TestGenerateMarketplaceJson::test_marketplace_json_written PASSED [ 14%]
trailhead/tests/test_registry.py::TestGenerateMarketplaceJson::test_marketplace_name_is_trailhead PASSED [ 14%]
trailhead/tests/test_registry.py::TestGenerateMarketplaceJson::test_marketplace_owner_name_is_trailhead PASSED [ 14%]
trailhead/tests/test_registry.py::TestGenerateMarketplaceJson::test_multi_tool_plugins_list PASSED [ 14%]
trailhead/tests/test_registry.py::TestGenerateMarketplaceJson::test_plugins_contain_correct_names PASSED [ 14%]
trailhead/tests/test_registry.py::TestGenerateMarketplaceJson::test_plugin_source_relative_to_plugins_subdir PASSED [ 14%]
trailhead/tests/test_registry.py::TestGenerateMarketplaceJson::test_plugins_list_is_deterministic PASSED [ 14%]
trailhead/tests/test_registry.py::TestGenerateMarketplaceJson::test_single_tool_is_valid PASSED [ 14%]
trailhead/tests/test_registry.py::TestGenerateMarketplaceJson::test_three_tools_all_present PASSED [ 14%]
trailhead/tests/test_registry.py::TestGenerateMarketplaceJson::test_claude_plugin_dir_created_automatically PASSED [ 14%]
trailhead/tests/test_registry.py::TestGenerateMarketplaceJson::test_atomic_write_no_partial_file PASSED [ 14%]
trailhead/tests/test_registry.py::TestGenerateMarketplaceJson::test_plugin_entries_have_description PASSED [ 14%]
trailhead/tests/test_registry.py::TestInputGuard::test_generate_rejects_invalid_tool_names[Lore] PASSED [ 14%]
trailhead/tests/test_registry.py::TestInputGuard::test_generate_rejects_invalid_tool_names[1lore] PASSED [ 14%]
trailhead/tests/test_registry.py::TestInputGuard::test_generate_rejects_invalid_tool_names[lore tool] PASSED [ 14%]
trailhead/tests/test_registry.py::TestInputGuard::test_generate_rejects_invalid_tool_names[lore/../etc] PASSED [ 14%]
trailhead/tests/test_registry.py::TestInputGuard::test_generate_rejects_invalid_tool_names[] PASSED [ 14%]
trailhead/tests/test_registry.py::TestInputGuard::test_generate_rejects_invalid_tool_names[lore@trailhead] PASSED [ 14%]
trailhead/tests/test_registry.py::TestInputGuard::test_generate_rejects_invalid_tool_names[CAMP] PASSED [ 14%]
trailhead/tests/test_registry.py::TestInputGuard::test_generate_rejects_invalid_tool_names[-lore] PASSED [ 14%]
trailhead/tests/test_registry.py::TestInputGuard::test_install_tool_rejects_invalid_tool_names[Lore] PASSED [ 14%]
trailhead/tests/test_registry.py::TestInputGuard::test_install_tool_rejects_invalid_tool_names[1lore] PASSED [ 14%]
trailhead/tests/test_registry.py::TestInputGuard::test_install_tool_rejects_invalid_tool_names[lore tool] PASSED [ 14%]
trailhead/tests/test_registry.py::TestInputGuard::test_install_tool_rejects_invalid_tool_names[] PASSED [ 14%]
trailhead/tests/test_registry.py::TestInputGuard::test_install_tool_rejects_invalid_tool_names[-lore] PASSED [ 14%]
trailhead/tests/test_registry.py::TestInputGuard::test_rewire_tool_rejects_invalid_tool_names[Lore] PASSED [ 14%]
trailhead/tests/test_registry.py::TestInputGuard::test_rewire_tool_rejects_invalid_tool_names[1lore] PASSED [ 14%]
trailhead/tests/test_registry.py::TestInputGuard::test_rewire_tool_rejects_invalid_tool_names[lore tool] PASSED [ 15%]
trailhead/tests/test_registry.py::TestInputGuard::test_rewire_tool_rejects_invalid_tool_names[] PASSED [ 15%]
trailhead/tests/test_registry.py::TestInputGuard::test_rewire_tool_rejects_invalid_tool_names[-lore] PASSED [ 15%]
trailhead/tests/test_registry.py::TestInputGuard::test_generate_accepts_valid_tool_names[lore] PASSED [ 15%]
trailhead/tests/test_registry.py::TestInputGuard::test_generate_accepts_valid_tool_names[camp] PASSED [ 15%]
trailhead/tests/test_registry.py::TestInputGuard::test_generate_accepts_valid_tool_names[craft] PASSED [ 15%]
trailhead/tests/test_registry.py::TestInputGuard::test_generate_accepts_valid_tool_names[lore-plugin] PASSED [ 15%]
trailhead/tests/test_registry.py::TestInputGuard::test_generate_accepts_valid_tool_names[tool123] PASSED [ 15%]
trailhead/tests/test_registry.py::TestInputGuard::test_generate_accepts_valid_tool_names[my-tool] PASSED [ 15%]
trailhead/tests/test_registry.py::TestRegisterMarketplace::test_register_marketplace_calls_marketplace_add PASSED [ 15%]
trailhead/tests/test_registry.py::TestRegisterMarketplace::test_register_marketplace_scope_user PASSED [ 15%]
trailhead/tests/test_registry.py::TestRegisterMarketplace::test_register_marketplace_writes_global_marker_on_success PASSED [ 15%]
trailhead/tests/test_registry.py::TestRegisterMarketplace::test_register_marketplace_no_marker_when_runner_raises PASSED [ 15%]
trailhead/tests/test_registry.py::TestRegisterMarketplace::test_register_marketplace_args_are_list PASSED [ 15%]
trailhead/tests/test_registry.py::TestRegisterMarketplace::test_register_marketplace_never_invokes_real_cli PASSED [ 15%]
trailhead/tests/test_registry.py::TestInstallTool::test_install_tool_calls_plugin_install PASSED [ 15%]
trailhead/tests/test_registry.py::TestInstallTool::test_install_tool_ref_is_trailhead_not_per_tool PASSED [ 15%]
trailhead/tests/test_registry.py::TestInstallTool::test_install_tool_scope_user PASSED [ 15%]
trailhead/tests/test_registry.py::TestInstallTool::test_install_tool_writes_per_tool_marker_on_success PASSED [ 15%]
trailhead/tests/test_registry.py::TestInstallTool::test_install_tool_no_marker_when_runner_raises PASSED [ 15%]
trailhead/tests/test_registry.py::TestInstallTool::test_install_tool_per_tool_markers_are_distinct PASSED [ 15%]
trailhead/tests/test_registry.py::TestInstallTool::test_install_tool_args_are_list PASSED [ 15%]
trailhead/tests/test_registry.py::TestInstallTool::test_install_tool_never_invokes_real_cli PASSED [ 15%]
trailhead/tests/test_registry.py::TestRewireTool::test_rewire_tool_calls_uninstall_then_install PASSED [ 15%]
trailhead/tests/test_registry.py::TestRewireTool::test_rewire_tool_does_not_call_plugin_update PASSED [ 15%]
trailhead/tests/test_registry.py::TestRewireTool::test_rewire_tool_uses_trailhead_ref PASSED [ 15%]
trailhead/tests/test_registry.py::TestRewireTool::test_rewire_tool_tolerates_uninstall_failure PASSED [ 15%]
trailhead/tests/test_registry.py::TestRewireTool::test_rewire_tool_clears_per_tool_marker_before_pair PASSED [ 16%]
trailhead/tests/test_registry.py::TestRewireTool::test_rewire_tool_rewrites_per_tool_marker_after_install PASSED [ 16%]
trailhead/tests/test_registry.py::TestRewireTool::test_rewire_tool_no_marker_when_install_raises PASSED [ 16%]
trailhead/tests/test_registry.py::TestRewireTool::test_rewire_tool_scope_user_on_both_calls PASSED [ 16%]
trailhead/tests/test_registry.py::TestRewireTool::test_rewire_tool_args_are_list PASSED [ 16%]
trailhead/tests/test_registry.py::TestRewireTool::test_rewire_tool_never_invokes_real_subprocess PASSED [ 16%]
trailhead/tests/test_registry.py::TestInjectableRunner::test_register_marketplace_has_injectable_runner PASSED [ 16%]
trailhead/tests/test_registry.py::TestInjectableRunner::test_install_tool_has_injectable_runner PASSED [ 16%]
trailhead/tests/test_registry.py::TestInjectableRunner::test_rewire_tool_has_injectable_runner PASSED [ 16%]
trailhead/tests/test_registry.py::TestUnregisterTool::test_calls_plugin_uninstall_consolidated_ref PASSED [ 16%]
trailhead/tests/test_registry.py::TestUnregisterTool::test_passes_keep_data_and_yes PASSED [ 16%]
trailhead/tests/test_registry.py::TestUnregisterTool::test_does_not_remove_marketplace PASSED [ 16%]
trailhead/tests/test_registry.py::TestUnregisterTool::test_clears_per_tool_marker PASSED [ 16%]
trailhead/tests/test_registry.py::TestUnregisterTool::test_clears_per_tool_marker_even_if_runner_raises PASSED [ 16%]
trailhead/tests/test_registry.py::TestUnregisterTool::test_validates_tool_name PASSED [ 16%]
trailhead/tests/test_registry.py::TestUnregisterMarketplace::test_calls_marketplace_remove_trailhead PASSED [ 16%]
trailhead/tests/test_registry.py::TestUnregisterMarketplace::test_clears_global_marker PASSED [ 16%]
trailhead/tests/test_registry.py::TestUnregisterMarketplace::test_clears_global_marker_even_if_runner_raises PASSED [ 16%]
trailhead/tests/test_renames_guard.py::TestGrepGuard::test_no_council_dash_references PASSED [ 16%]
trailhead/tests/test_renames_guard.py::TestGrepGuard::test_no_circle_dash_agent_references PASSED [ 16%]
trailhead/tests/test_renames_guard.py::TestGrepGuard::test_no_sdd_dash_references PASSED [ 16%]
trailhead/tests/test_renames_guard.py::TestGrepGuard::test_no_scout_references PASSED [ 16%]
trailhead/tests/test_renames_guard.py::TestGrepGuard::test_no_trailblazer_references PASSED [ 16%]
trailhead/tests/test_renames_guard.py::TestGrepGuard::test_no_subagent_driven_development_references PASSED [ 16%]
trailhead/tests/test_renames_guard.py::TestGrepGuard::test_no_lore_librarian_references PASSED [ 16%]
trailhead/tests/test_renames_guard.py::TestGrepGuard::test_no_loremaster_references PASSED [ 16%]
trailhead/tests/test_renames_guard.py::TestGrepGuard::test_no_skills_finished_references PASSED [ 16%]
trailhead/tests/test_renames_guard.py::TestGrepGuard::test_no_skills_review_lore_reference_in_manifest PASSED [ 16%]
trailhead/tests/test_renames_guard.py::TestGrepGuard::test_no_skills_review_lore_reference_in_skill_files PASSED [ 17%]
trailhead/tests/test_renames_guard.py::TestGrepGuard::test_no_circle_review_prose PASSED [ 17%]
trailhead/tests/test_renames_guard.py::TestGrepGuard::test_assumption_prover_agent_exists_with_matching_frontmatter PASSED [ 17%]
trailhead/tests/test_renames_guard.py::TestGrepGuard::test_executor_role_prose_in_execute_skill PASSED [ 17%]
trailhead/tests/test_renames_guard.py::TestForgeToCraftRenameForbids::test_no_bare_forge_word PASSED [ 17%]
trailhead/tests/test_renames_guard.py::TestForgeToCraftRenameForbids::test_no_forge_namespace_prefix PASSED [ 17%]
trailhead/tests/test_renames_guard.py::TestForgeToCraftRenameForbids::test_no_forge_local_marketplace PASSED [ 17%]
trailhead/tests/test_renames_guard.py::TestManifestValidation::test_lore_manifest_validates_after_rename PASSED [ 17%]
trailhead/tests/test_renames_guard.py::TestManifestValidation::test_craft_manifest_validates_after_rename PASSED [ 17%]
trailhead/tests/test_renames_guard.py::TestManifestValidation::test_lore_recall_references_tend_skill PASSED [ 17%]
trailhead/tests/test_renames_guard.py::TestManifestValidation::test_lore_recall_references_librarian_agent PASSED [ 17%]
trailhead/tests/test_renames_guard.py::TestManifestValidation::test_lore_sessions_references_finish_skill PASSED [ 17%]
trailhead/tests/test_renames_guard.py::TestManifestValidation::test_craft_execute_references_assumption_prover_and_executor PASSED [ 17%]
trailhead/tests/test_renames_guard.py::TestManifestValidation::test_craft_council_references_council_agents PASSED [ 17%]
trailhead/tests/test_renames_guard.py::TestCouncilAgentStandaloneDescriptions::test_council_agents_drop_council_only_gate PASSED [ 17%]
trailhead/tests/test_renames_guard.py::TestCouncilAgentStandaloneDescriptions::test_breaker_differentiates_from_troubleshooter PASSED [ 17%]
trailhead/tests/test_renames_guard.py::TestCouncilAgentStandaloneDescriptions::test_attacker_differentiates_from_security_auditor PASSED [ 17%]
trailhead/tests/test_renames_guard.py::TestResolveAllCapabilitiesOracle::test_lore_all_capabilities_resolve_to_existing_src PASSED [ 17%]
trailhead/tests/test_renames_guard.py::TestResolveAllCapabilitiesOracle::test_craft_all_capabilities_resolve_to_existing_src PASSED [ 17%]
trailhead/tests/test_renames_guard.py::TestNewAgentNamesInCompose::test_craft_council_compose_includes_council_agents PASSED [ 17%]
trailhead/tests/test_renames_guard.py::TestNewAgentNamesInCompose::test_craft_execute_compose_includes_assumption_prover_and_executor PASSED [ 17%]
trailhead/tests/test_renames_guard.py::TestNewAgentNamesInCompose::test_lore_recall_compose_includes_librarian PASSED [ 17%]
trailhead/tests/test_renames_guard.py::TestSkillDirsExist::test_lore_finish_skill_dir_exists PASSED [ 17%]
trailhead/tests/test_renames_guard.py::TestSkillDirsExist::test_lore_finish_frontmatter_name_matches_dir PASSED [ 17%]
trailhead/tests/test_renames_guard.py::TestSkillDirsExist::test_lore_finished_dir_gone PASSED [ 17%]
trailhead/tests/test_renames_guard.py::TestSkillDirsExist::test_lore_tend_skill_dir_exists PASSED [ 17%]
trailhead/tests/test_renames_guard.py::TestFrontmatterNameMatchesFilename::test_agent_frontmatter_name_matches_filename[librarian-path0] PASSED [ 17%]
trailhead/tests/test_renames_guard.py::TestFrontmatterNameMatchesFilename::test_agent_frontmatter_name_matches_filename[advocate-path1] PASSED [ 17%]
trailhead/tests/test_renames_guard.py::TestFrontmatterNameMatchesFilename::test_agent_frontmatter_name_matches_filename[builder-path2] PASSED [ 18%]
trailhead/tests/test_renames_guard.py::TestFrontmatterNameMatchesFilename::test_agent_frontmatter_name_matches_filename[breaker-path3] PASSED [ 18%]
trailhead/tests/test_renames_guard.py::TestFrontmatterNameMatchesFilename::test_agent_frontmatter_name_matches_filename[attacker-path4] PASSED [ 18%]
trailhead/tests/test_renames_guard.py::TestFrontmatterNameMatchesFilename::test_agent_frontmatter_name_matches_filename[assumption-prover-path5] PASSED [ 18%]
trailhead/tests/test_renames_guard.py::TestFrontmatterNameMatchesFilename::test_agent_frontmatter_name_matches_filename[executor-path6] PASSED [ 18%]
trailhead/tests/test_renames_guard.py::TestConsultSkillAndSharedCouncil::test_consult_skill_dir_exists_with_skill_md PASSED [ 18%]
trailhead/tests/test_renames_guard.py::TestConsultSkillAndSharedCouncil::test_consult_skill_is_registrable PASSED [ 18%]
trailhead/tests/test_renames_guard.py::TestConsultSkillAndSharedCouncil::test_consult_frontmatter_name_is_consult PASSED [ 18%]
trailhead/tests/test_renames_guard.py::TestConsultSkillAndSharedCouncil::test_council_include_exists PASSED [ 18%]
trailhead/tests/test_renames_guard.py::TestConsultSkillAndSharedCouncil::test_council_include_names_all_four_agents PASSED [ 18%]
trailhead/tests/test_renames_guard.py::TestConsultSkillAndSharedCouncil::test_council_include_stems_resolve_to_agent_files PASSED [ 18%]
trailhead/tests/test_renames_guard.py::TestConsultSkillAndSharedCouncil::test_consult_references_shared_council_include PASSED [ 18%]
trailhead/tests/test_renames_guard.py::TestConsultSkillAndSharedCouncil::test_planning_references_shared_council_include PASSED [ 18%]
trailhead/tests/test_renames_guard.py::TestConsultSkillAndSharedCouncil::test_planning_dispatches_council_directly_not_via_consult PASSED [ 18%]
trailhead/tests/test_renames_guard.py::TestConsultSkillAndSharedCouncil::test_craft_council_capability_includes_consult_skill PASSED [ 18%]
trailhead/tests/test_renames_guard.py::TestConsultSkillAndSharedCouncil::test_craft_council_compose_includes_consult_skill PASSED [ 18%]
trailhead/tests/test_renames_guard.py::TestPlanningExecuteHandoff::test_planning_names_craft_execute_as_handoff_target PASSED [ 18%]
trailhead/tests/test_renames_guard.py::TestPlanningExecuteHandoff::test_planning_handoff_trigger_is_not_self_referential PASSED [ 18%]
trailhead/tests/test_renames_guard.py::TestSlice4SkillRenameForbids::test_no_skills_followup_path PASSED [ 18%]
trailhead/tests/test_renames_guard.py::TestSlice4SkillRenameForbids::test_no_skills_handoff_path PASSED [ 18%]
trailhead/tests/test_renames_guard.py::TestSlice4SkillRenameForbids::test_no_skills_planning_path PASSED [ 18%]
trailhead/tests/test_renames_guard.py::TestSlice4SkillRenameForbids::test_no_requesting_code_review_token PASSED [ 18%]
trailhead/tests/test_renames_guard.py::TestSlice4SkillRenameForbids::test_no_forge_handoff_command_invocation PASSED [ 18%]
trailhead/tests/test_renames_guard.py::TestSlice4SkillRenameForbids::test_no_followup_command_invocation PASSED [ 18%]
trailhead/tests/test_renames_guard.py::TestSlice4SkillRenameForbids::test_no_followup_skill_name_frontmatter PASSED [ 18%]
trailhead/tests/test_renames_guard.py::TestSlice4SkillRenameForbids::test_no_handoff_skill_name_frontmatter PASSED [ 18%]
trailhead/tests/test_renames_guard.py::TestSlice4SkillRenameForbids::test_no_planning_skill_name_frontmatter PASSED [ 18%]
trailhead/tests/test_renames_guard.py::TestSlice4SkillRenameForbids::test_old_skill_dirs_gone PASSED [ 19%]
trailhead/tests/test_renames_guard.py::TestSlice4RenamedSkillsExistAndRegistrable::test_renamed_skill_dir_exists_with_skill_md[polish-skill_md0] PASSED [ 19%]
trailhead/tests/test_renames_guard.py::TestSlice4RenamedSkillsExistAndRegistrable::test_renamed_skill_dir_exists_with_skill_md[shelve-skill_md1] PASSED [ 19%]
trailhead/tests/test_renames_guard.py::TestSlice4RenamedSkillsExistAndRegistrable::test_renamed_skill_dir_exists_with_skill_md[plan-skill_md2] PASSED [ 19%]
trailhead/tests/test_renames_guard.py::TestSlice4RenamedSkillsExistAndRegistrable::test_renamed_skill_dir_exists_with_skill_md[review-skill_md3] PASSED [ 19%]
trailhead/tests/test_renames_guard.py::TestSlice4RenamedSkillsExistAndRegistrable::test_renamed_skill_is_registrable_with_matching_name[polish-skill_md0] PASSED [ 19%]
trailhead/tests/test_renames_guard.py::TestSlice4RenamedSkillsExistAndRegistrable::test_renamed_skill_is_registrable_with_matching_name[shelve-skill_md1] PASSED [ 19%]
trailhead/tests/test_renames_guard.py::TestSlice4RenamedSkillsExistAndRegistrable::test_renamed_skill_is_registrable_with_matching_name[plan-skill_md2] PASSED [ 19%]
trailhead/tests/test_renames_guard.py::TestSlice4RenamedSkillsExistAndRegistrable::test_renamed_skill_is_registrable_with_matching_name[review-skill_md3] PASSED [ 19%]
trailhead/tests/test_renames_guard.py::TestSlice4ManifestRepointed::test_base_skills_repointed_to_shelve_and_polish PASSED [ 19%]
trailhead/tests/test_renames_guard.py::TestSlice4ManifestRepointed::test_planning_capability_references_plan_skill PASSED [ 19%]
trailhead/tests/test_renames_guard.py::TestSlice4ManifestRepointed::test_review_capability_references_review_skill PASSED [ 19%]
trailhead/tests/test_renames_guard.py::TestSlice4ManifestRepointed::test_renamed_skills_compose_to_existing_src PASSED [ 19%]
trailhead/tests/test_renames_guard.py::TestSlice6RadarSkillDataForbids::test_no_skills_radar_path PASSED [ 19%]
trailhead/tests/test_renames_guard.py::TestSlice6RadarSkillDataForbids::test_no_skills_check_radar_path PASSED [ 19%]
trailhead/tests/test_renames_guard.py::TestSlice6RadarSkillDataForbids::test_no_check_radar_command_token PASSED [ 19%]
trailhead/tests/test_renames_guard.py::TestSlice6RadarSkillDataForbids::test_no_radar_due_helper_reference PASSED [ 19%]
trailhead/tests/test_renames_guard.py::TestSlice6RadarSkillDataForbids::test_no_type_radar_in_skills_or_templates PASSED [ 19%]
trailhead/tests/test_renames_guard.py::TestSlice6RadarSkillDataForbids::test_no_lore_new_radar_invocation PASSED [ 19%]
trailhead/tests/test_renames_guard.py::TestSlice6RadarSkillDataForbids::test_old_radar_skill_dirs_gone PASSED [ 19%]
trailhead/tests/test_renames_guard.py::TestSlice6RenamedSkillsExistAndRegistrable::test_renamed_skill_dir_exists_with_skill_md[follow-up-skill_md0] PASSED [ 19%]
trailhead/tests/test_renames_guard.py::TestSlice6RenamedSkillsExistAndRegistrable::test_renamed_skill_dir_exists_with_skill_md[check-in-skill_md1] PASSED [ 19%]
trailhead/tests/test_renames_guard.py::TestSlice6RenamedSkillsExistAndRegistrable::test_renamed_skill_is_registrable_with_matching_name[follow-up-skill_md0] PASSED [ 19%]
trailhead/tests/test_renames_guard.py::TestSlice6RenamedSkillsExistAndRegistrable::test_renamed_skill_is_registrable_with_matching_name[check-in-skill_md1] PASSED [ 19%]
trailhead/tests/test_renames_guard.py::TestSlice6ManifestAndTemplate::test_capture_capability_references_follow_up_and_check_in PASSED [ 19%]
trailhead/tests/test_renames_guard.py::TestSlice6ManifestAndTemplate::test_follow_up_template_exists_with_type_follow_up PASSED [ 19%]
trailhead/tests/test_renames_guard.py::TestSlice6ManifestAndTemplate::test_lore_manifest_validates_and_composes_capture PASSED [ 19%]
trailhead/tests/test_renames_guard.py::TestSlice7DeletionForbids::test_no_skills_reflect_path PASSED [ 19%]
trailhead/tests/test_renames_guard.py::TestSlice7DeletionForbids::test_no_reflect_sessions_helper PASSED [ 20%]
trailhead/tests/test_renames_guard.py::TestSlice7DeletionForbids::test_no_lore_reflect_command_or_name PASSED [ 20%]
trailhead/tests/test_renames_guard.py::TestSlice7DeletionForbids::test_no_lore_skills_review_or_tend_path PASSED [ 20%]
trailhead/tests/test_renames_guard.py::TestSlice7DeletionForbids::test_no_review_helper_script PASSED [ 20%]
trailhead/tests/test_renames_guard.py::TestSlice7DeletionForbids::test_no_lore_review_or_tend_command_or_name PASSED [ 20%]
trailhead/tests/test_renames_guard.py::TestSlice7DeletionForbids::test_no_forge_ping_references PASSED [ 20%]
trailhead/tests/test_renames_guard.py::TestSlice7DeletionForbids::test_no_lore_skills_ping_path PASSED [ 20%]
trailhead/tests/test_renames_guard.py::TestSlice7DeletionForbids::test_no_lore_ping_command_or_name PASSED [ 20%]
trailhead/tests/test_renames_guard.py::TestSlice7DeletedSurfacesGone::test_reflect_skill_dir_gone PASSED [ 20%]
trailhead/tests/test_renames_guard.py::TestSlice7DeletedSurfacesGone::test_reflect_sessions_script_gone PASSED [ 20%]
trailhead/tests/test_renames_guard.py::TestSlice7DeletedSurfacesGone::test_tend_skill_dir_gone PASSED [ 20%]
trailhead/tests/test_renames_guard.py::TestSlice7DeletedSurfacesGone::test_review_helper_script_gone PASSED [ 20%]
trailhead/tests/test_renames_guard.py::TestSlice7DeletedSurfacesGone::test_lore_ping_skill_dir_gone PASSED [ 20%]
trailhead/tests/test_renames_guard.py::TestSlice7DeletedSurfacesGone::test_forge_ping_agent_gone PASSED [ 20%]
trailhead/tests/test_renames_guard.py::TestSlice7DeletedSurfacesGone::test_lore_base_drops_ping_skill PASSED [ 20%]
trailhead/tests/test_renames_guard.py::TestSlice7DeletedSurfacesGone::test_craft_helpers_drops_forge_ping_agent PASSED [ 20%]
trailhead/tests/test_renames_guard.py::TestSlice7DeletedSurfacesGone::test_landing_claims_has_no_dangling_deleted_entries PASSED [ 20%]
trailhead/tests/test_renames_guard.py::TestSlice8ArtistCutover::test_brainstorm_names_artist_as_design_mockup_provider PASSED [ 20%]
trailhead/tests/test_renames_guard.py::TestSlice8ArtistCutover::test_design_authoring_seam_no_longer_reserved PASSED [ 20%]
trailhead/tests/test_renames_guard.py::TestSlice9RadarFullForbid::test_no_bare_radar_word_anywhere PASSED [ 20%]
trailhead/tests/test_renames_guard.py::TestSlice9RadarFullForbid::test_no_lore_radar_command_ref PASSED [ 20%]
trailhead/tests/test_renames_guard.py::TestSlice9RadarFullForbid::test_no_lore_check_radar_command_ref PASSED [ 20%]
trailhead/tests/test_renames_guard.py::TestSlice9RadarFullForbid::test_no_radar_harvest_typed_prefix PASSED [ 20%]
trailhead/tests/test_renames_guard.py::TestSlice9DesignMockupWriterForbid::test_no_design_mockup_writer_live_ref PASSED [ 20%]
trailhead/tests/test_renames_guard.py::TestOldReleaseIdentifiersAbsentFromPortageLanding::test_old_identifier_absent_from_portage_and_landing[pr-summarizer] PASSED [ 20%]
trailhead/tests/test_renames_guard.py::TestOldReleaseIdentifiersAbsentFromPortageLanding::test_old_identifier_absent_from_portage_and_landing[pr-updater] PASSED [ 20%]
trailhead/tests/test_renames_guard.py::TestOldReleaseIdentifiersAbsentFromPortageLanding::test_old_identifier_absent_from_portage_and_landing[watch-pr] PASSED [ 20%]
trailhead/tests/test_renames_guard.py::TestOldReleaseIdentifiersAbsentFromPortageLanding::test_old_identifier_absent_from_portage_and_landing[watch-preview] PASSED [ 20%]
trailhead/tests/test_renames_guard.py::TestOldReleaseIdentifiersAbsentFromPortageLanding::test_old_identifier_absent_from_portage_and_landing[diagnose-preview] PASSED [ 21%]
trailhead/tests/test_renames_guard.py::TestOldReleaseIdentifiersAbsentFromPortageLanding::test_old_identifier_absent_from_portage_and_landing[create-pr] PASSED [ 21%]
trailhead/tests/test_renames_guard.py::TestOldReleaseIdentifiersAbsentFromPortageLanding::test_old_identifier_absent_from_portage_and_landing[update-pr] PASSED [ 21%]
trailhead/tests/test_renames_guard.py::TestOldReleaseIdentifiersAbsentFromPortageLanding::test_old_identifier_absent_from_portage_and_landing[merge-pr] PASSED [ 21%]
trailhead/tests/test_renames_guard.py::TestOldReleaseIdentifiersAbsentFromPortageLanding::test_old_identifier_absent_from_portage_and_landing[github-pr] PASSED [ 21%]
trailhead/tests/test_renames_guard.py::TestOldReleaseIdentifiersAbsentFromPortageLanding::test_old_identifier_absent_from_portage_and_landing[post-merge-decide] PASSED [ 21%]
trailhead/tests/test_renames_guard.py::TestCraftReleaseClusterDeleted::test_craft_manifest_has_no_release_capability PASSED [ 21%]
trailhead/tests/test_renames_guard.py::TestCraftReleaseClusterDeleted::test_craft_helpers_no_longer_lists_pr_summarizer PASSED [ 21%]
trailhead/tests/test_renames_guard.py::TestCraftReleaseClusterDeleted::test_moved_release_script_absent_from_craft[detect_repos.py] PASSED [ 21%]
trailhead/tests/test_renames_guard.py::TestCraftReleaseClusterDeleted::test_moved_release_script_absent_from_craft[check_pr_status.py] PASSED [ 21%]
trailhead/tests/test_renames_guard.py::TestCraftReleaseClusterDeleted::test_moved_release_script_absent_from_craft[pr_evaluate_status.py] PASSED [ 21%]
trailhead/tests/test_renames_guard.py::TestCraftReleaseClusterDeleted::test_moved_release_script_absent_from_craft[merge_prs.py] PASSED [ 21%]
trailhead/tests/test_renames_guard.py::TestCraftReleaseClusterDeleted::test_moved_release_script_absent_from_craft[release_prs_sidecar.py] PASSED [ 21%]
trailhead/tests/test_renames_guard.py::TestCraftReleaseClusterDeleted::test_moved_release_script_absent_from_craft[wait_for_actionable.py] PASSED [ 21%]
trailhead/tests/test_renames_guard.py::TestCraftReleaseClusterDeleted::test_moved_release_script_absent_from_craft[runner_protocol.py] PASSED [ 21%]
trailhead/tests/test_renames_guard.py::TestCraftReleaseClusterDeleted::test_moved_release_script_absent_from_craft[soak_health.py] PASSED [ 21%]
trailhead/tests/test_renames_guard.py::TestCraftReleaseClusterDeleted::test_deleted_release_skill_dir_absent_from_craft[create-pr] PASSED [ 21%]
trailhead/tests/test_renames_guard.py::TestCraftReleaseClusterDeleted::test_deleted_release_skill_dir_absent_from_craft[update-pr] PASSED [ 21%]
trailhead/tests/test_renames_guard.py::TestCraftReleaseClusterDeleted::test_deleted_release_skill_dir_absent_from_craft[watch-pr] PASSED [ 21%]
trailhead/tests/test_renames_guard.py::TestCraftReleaseClusterDeleted::test_deleted_release_skill_dir_absent_from_craft[watch-preview] PASSED [ 21%]
trailhead/tests/test_renames_guard.py::TestCraftReleaseClusterDeleted::test_deleted_release_skill_dir_absent_from_craft[merge-pr] PASSED [ 21%]
trailhead/tests/test_renames_guard.py::TestCraftReleaseClusterDeleted::test_deleted_release_skill_dir_absent_from_craft[github-pr] PASSED [ 21%]
trailhead/tests/test_renames_guard.py::TestCraftReleaseClusterDeleted::test_deleted_release_skill_dir_absent_from_craft[post-merge-decide] PASSED [ 21%]
trailhead/tests/test_renames_guard.py::TestCraftReleaseClusterDeleted::test_deleted_release_agent_absent_from_craft[pr-updater.md] PASSED [ 21%]
trailhead/tests/test_renames_guard.py::TestCraftReleaseClusterDeleted::test_deleted_release_agent_absent_from_craft[watch-pr.md] PASSED [ 21%]
trailhead/tests/test_renames_guard.py::TestCraftReleaseClusterDeleted::test_deleted_release_agent_absent_from_craft[watch-preview.md] PASSED [ 21%]
trailhead/tests/test_renames_guard.py::TestCraftReleaseClusterDeleted::test_deleted_release_agent_absent_from_craft[diagnose-preview.md] PASSED [ 21%]
trailhead/tests/test_renames_guard.py::TestCraftReleaseClusterDeleted::test_deleted_release_agent_absent_from_craft[pr-summarizer.md] PASSED [ 22%]
trailhead/tests/test_uninstall.py::TestNothing::test_nothing_to_uninstall PASSED [ 22%]
trailhead/tests/test_uninstall.py::TestConfirmation::test_refuses_without_yes_noninteractive PASSED [ 22%]
trailhead/tests/test_uninstall.py::TestTeardown::test_unregisters_each_installed_tool PASSED [ 22%]
trailhead/tests/test_uninstall.py::TestTeardown::test_keep_data_flag_present PASSED [ 22%]
trailhead/tests/test_uninstall.py::TestTeardown::test_marketplace_removed_once_per_harness PASSED [ 22%]
trailhead/tests/test_uninstall.py::TestTeardown::test_composed_tree_removed PASSED [ 22%]
trailhead/tests/test_uninstall.py::TestTeardown::test_shim_dir_removed PASSED [ 22%]
trailhead/tests/test_uninstall.py::TestTeardown::test_multiple_harnesses_torn_down PASSED [ 22%]
trailhead/tests/test_uninstall.py::TestBestEffort::test_unknown_harness_warns_but_removes_tree PASSED [ 22%]
trailhead/tests/test_uninstall.py::TestBestEffort::test_runner_error_is_warning_not_failure PASSED [ 22%]
trailhead/tests/test_uninstall.py::TestJson::test_json_shape PASSED      [ 22%]
trailhead/tests/test_vcs_deploy.py::TestWorkflowRuns::test_parses_runs_into_documented_shape PASSED [ 22%]
trailhead/tests/test_vcs_deploy.py::TestWorkflowRuns::test_in_progress_run_has_none_conclusion PASSED [ 22%]
trailhead/tests/test_vcs_deploy.py::TestWorkflowRuns::test_queries_rest_actions_runs_not_run_list PASSED [ 22%]
trailhead/tests/test_vcs_deploy.py::TestWorkflowRuns::test_status_filter_forwarded_to_query PASSED [ 22%]
trailhead/tests/test_vcs_deploy.py::TestWorkflowRuns::test_empty_runs_returns_empty_list PASSED [ 22%]
trailhead/tests/test_vcs_deploy.py::TestWorkflowRuns::test_all_calls_list_form PASSED [ 22%]
trailhead/tests/test_vcs_deploy.py::TestStatus::test_parses_latest_status_per_deployment PASSED [ 22%]
trailhead/tests/test_vcs_deploy.py::TestStatus::test_zero_deployments_returns_empty_list_no_raise PASSED [ 22%]
trailhead/tests/test_vcs_deploy.py::TestStatus::test_deployment_with_no_statuses_yields_empty_state PASSED [ 22%]
trailhead/tests/test_vcs_deploy.py::TestStatus::test_all_calls_list_form PASSED [ 22%]
trailhead/tests/test_vcs_deploy.py::TestLogs::test_failure_annotations_surfaced_on_failing_run PASSED [ 22%]
trailhead/tests/test_vcs_deploy.py::TestLogs::test_clean_run_returns_empty_list_no_false_alarm PASSED [ 22%]
trailhead/tests/test_vcs_deploy.py::TestLogs::test_not_found_run_returns_empty_list PASSED [ 22%]
trailhead/tests/test_vcs_deploy.py::TestLogs::test_non_404_nonzero_raises_deploy_error PASSED [ 22%]
trailhead/tests/test_vcs_deploy.py::TestLogs::test_truncation_sentinel_appended_past_cap PASSED [ 22%]
trailhead/tests/test_vcs_deploy.py::TestLogs::test_issues_check_runs_annotations_api_call PASSED [ 22%]
trailhead/tests/test_vcs_deploy.py::TestLogs::test_all_calls_list_form PASSED [ 23%]
trailhead/tests/test_vcs_deploy.py::TestDeployErrorCause::test_gh_nonzero_surfaces_returncode_and_stderr PASSED [ 23%]
trailhead/tests/test_vcs_deploy.py::TestDeployErrorCause::test_non_json_surfaces_distinct_cause PASSED [ 23%]
trailhead/tests/test_vcs_deploy.py::TestDeployErrorCause::test_two_branches_are_distinguishable PASSED [ 23%]
trailhead/tests/test_vcs_github_pr.py::TestPrStatus::test_done_when_mergeable_and_clean PASSED [ 23%]
trailhead/tests/test_vcs_github_pr.py::TestPrStatus::test_bot_reviews_present_when_configured PASSED [ 23%]
trailhead/tests/test_vcs_github_pr.py::TestPrStatus::test_wrong_login_filtered PASSED [ 23%]
trailhead/tests/test_vcs_github_pr.py::TestPrStatus::test_status_routes_through_runner_no_shell_string PASSED [ 23%]
trailhead/tests/test_vcs_github_pr.py::TestPrStatus::test_since_filter_excludes_older_bot_reviews PASSED [ 23%]
trailhead/tests/test_vcs_github_pr.py::TestCiChecks::test_annotation_gh_api_call_issued PASSED [ 23%]
trailhead/tests/test_vcs_github_pr.py::TestPrEvaluate::test_done_on_mergeable_clean PASSED [ 23%]
trailhead/tests/test_vcs_github_pr.py::TestPrEvaluate::test_rebase_on_conflicting PASSED [ 23%]
trailhead/tests/test_vcs_github_pr.py::TestPrEvaluate::test_rerun_ci_on_failing_no_annotations PASSED [ 23%]
trailhead/tests/test_vcs_github_pr.py::TestPrEvaluate::test_fix_ci_on_failing_with_annotations PASSED [ 23%]
trailhead/tests/test_vcs_github_pr.py::TestPrEvaluate::test_wait_on_draft PASSED [ 23%]
trailhead/tests/test_vcs_github_pr.py::TestPrEvaluate::test_wait_on_ci_pending PASSED [ 23%]
trailhead/tests/test_vcs_github_pr.py::TestPrEvaluate::test_no_bot_configured_ignores_reviews PASSED [ 23%]
trailhead/tests/test_vcs_github_pr.py::TestPrEvaluate::test_with_bot_configured_changes_requested_yields_review PASSED [ 23%]
trailhead/tests/test_vcs_github_pr.py::TestPrMerge::test_toml_merge_order_respected PASSED [ 23%]
trailhead/tests/test_vcs_github_pr.py::TestPrMerge::test_multiple_prs_no_merge_order_refuses PASSED [ 23%]
trailhead/tests/test_vcs_github_pr.py::TestPrMerge::test_merge_order_names_nonexistent_member_raises PASSED [ 23%]
trailhead/tests/test_vcs_github_pr.py::TestPrMerge::test_partial_merge_pr1_merges_pr2_fails PASSED [ 23%]
trailhead/tests/test_vcs_github_pr.py::TestPrMerge::test_stop_on_first_failure_skips_remaining PASSED [ 23%]
trailhead/tests/test_vcs_github_pr.py::TestPrMerge::test_already_merged_pr_skipped PASSED [ 23%]
trailhead/tests/test_vcs_github_pr.py::TestPrMerge::test_pr_number_non_numeric_rejected PASSED [ 23%]
trailhead/tests/test_vcs_github_pr.py::TestPrMerge::test_branch_with_leading_dash_skips_delete PASSED [ 23%]
trailhead/tests/test_vcs_github_pr.py::TestCiWait::test_returns_immediately_when_actionable PASSED [ 23%]
trailhead/tests/test_vcs_github_pr.py::TestCiWait::test_times_out_when_always_waiting PASSED [ 23%]
trailhead/tests/test_vcs_github_pr.py::TestCiWait::test_total_slept_does_not_exceed_timeout PASSED [ 24%]
trailhead/tests/test_vcs_github_pr.py::TestCiWait::test_wait_routes_evaluate_through_pr_surface PASSED [ 24%]
trailhead/tests/test_vcs_interface.py::TestGetProvider::test_github_returns_github_provider PASSED [ 24%]
trailhead/tests/test_vcs_interface.py::TestGetProvider::test_default_is_github PASSED [ 24%]
trailhead/tests/test_vcs_interface.py::TestGetProvider::test_unknown_name_raises_legible_error PASSED [ 24%]
trailhead/tests/test_vcs_interface.py::TestGetProvider::test_arbitrary_unregistered_name_raises PASSED [ 24%]
trailhead/tests/test_vcs_interface.py::TestGetProvider::test_runner_threads_through PASSED [ 24%]
trailhead/tests/test_vcs_interface.py::TestProviderShape::test_namespaced_surfaces_present PASSED [ 24%]
trailhead/tests/test_vcs_interface.py::TestProviderShape::test_repos_methods PASSED [ 24%]
trailhead/tests/test_vcs_interface.py::TestProviderShape::test_pr_methods PASSED [ 24%]
trailhead/tests/test_vcs_interface.py::TestProviderShape::test_ci_methods PASSED [ 24%]
trailhead/tests/test_vcs_interface.py::TestProviderShape::test_deploy_methods PASSED [ 24%]
trailhead/tests/test_vcs_interface.py::TestVcsProviderDoc::test_doc_exists PASSED [ 24%]
trailhead/tests/test_vcs_interface.py::TestVcsProviderDoc::test_doc_names_every_interface_method PASSED [ 24%]
trailhead/tests/test_vcs_interface.py::TestVcsProviderDoc::test_doc_documents_gitlab_mapping PASSED [ 24%]
trailhead/tests/test_vcs_interface.py::TestVcsProviderDoc::test_doc_documents_provider_selection PASSED [ 24%]
trailhead/tests/test_vcs_repos.py::TestReposDetect::test_both_members_reported PASSED [ 24%]
trailhead/tests/test_vcs_repos.py::TestReposDetect::test_member_shape_has_required_fields PASSED [ 24%]
trailhead/tests/test_vcs_repos.py::TestReposDetect::test_path_comes_from_worktree_path PASSED [ 24%]
trailhead/tests/test_vcs_repos.py::TestReposDetect::test_member_on_main_excluded PASSED [ 24%]
trailhead/tests/test_vcs_repos.py::TestReposDetect::test_missing_worktree_excluded_not_error PASSED [ 24%]
trailhead/tests/test_vcs_repos.py::TestReposDetect::test_no_zenith_exclusion PASSED [ 24%]
trailhead/tests/test_vcs_repos.py::TestReposDetect::test_missing_manifest_raises_named_error PASSED [ 24%]
trailhead/tests/test_vcs_repos.py::TestReposDetect::test_malformed_manifest_raises_named_error PASSED [ 24%]
trailhead/tests/test_vcs_repos.py::TestReposDetect::test_empty_members_returns_empty_list PASSED [ 24%]
trailhead/tests/test_vcs_repos.py::TestReposDetect::test_detect_routes_through_injected_runner PASSED [ 24%]
trailhead/tests/test_vcs_repos.py::TestPrOpenSidecar::test_write_then_read_roundtrips_prs PASSED [ 24%]
trailhead/tests/test_vcs_repos.py::TestPrOpenSidecar::test_schema_version_and_external_tracker PASSED [ 25%]
trailhead/tests/test_vcs_repos.py::TestPrOpenSidecar::test_file_mode_is_0600 PASSED [ 25%]
trailhead/tests/test_vcs_repos.py::TestPrOpenSidecar::test_overwrite_is_atomic PASSED [ 25%]
trailhead/tests/test_vcs_repos.py::TestPrOpenSidecar::test_missing_sidecar_raises_named_error PASSED [ 25%]
trailhead/tests/test_vcs_repos.py::TestPrOpenSidecar::test_malformed_sidecar_raises_named_error PASSED [ 25%]
trailhead/tests/test_vcs_runner.py::TestRunnerStub::test_stub_records_single_call PASSED [ 25%]
trailhead/tests/test_vcs_runner.py::TestRunnerStub::test_stub_records_multiple_calls_in_order PASSED [ 25%]
trailhead/tests/test_vcs_runner.py::TestRunnerStub::test_stub_return_value_propagated PASSED [ 25%]
trailhead/tests/test_vcs_runner.py::TestRunnerStub::test_stub_receives_cwd_kwarg PASSED [ 25%]
trailhead/tests/test_vcs_runner.py::TestRunnerProduction::test_real_git_rev_parse_on_tmp_repo PASSED [ 25%]
trailhead/tests/test_vcs_runner.py::TestRunnerProduction::test_production_path_inherits_env PASSED [ 25%]
trailhead/tests/test_vcs_runner.py::TestShellSafety::test_metachar_in_pr_number_passed_literally PASSED [ 25%]
trailhead/tests/test_vcs_runner.py::TestShellSafety::test_metachar_branch_name_passed_literally PASSED [ 25%]
trailhead/tests/test_vcs_runner.py::TestShellSafety::test_no_shell_flag_is_false PASSED [ 25%]
trailhead/tests/test_vcs_runner.py::TestRunnerTimeout::test_default_runner_passes_timeout_kwarg PASSED [ 25%]
trailhead/tests/test_vcs_runner.py::TestRunnerTimeout::test_rp_run_forwards_timeout_to_stub PASSED [ 25%]
trailhead/tests/test_wire.py::TestMinimalPresetGating::test_minimal_lore_dest_exists PASSED [ 25%]
trailhead/tests/test_wire.py::TestMinimalPresetGating::test_minimal_no_camp_dest PASSED [ 25%]
trailhead/tests/test_wire.py::TestMinimalPresetGating::test_minimal_no_craft_dest PASSED [ 25%]
trailhead/tests/test_wire.py::TestMinimalPresetGating::test_minimal_marketplace_lists_only_lore PASSED [ 25%]
trailhead/tests/test_wire.py::TestCraftSubsetWiring::test_standard_lore_dest_exists PASSED [ 25%]
trailhead/tests/test_wire.py::TestCraftSubsetWiring::test_standard_camp_dest_exists PASSED [ 25%]
trailhead/tests/test_wire.py::TestCraftSubsetWiring::test_standard_craft_dest_exists PASSED [ 25%]
trailhead/tests/test_wire.py::TestCraftSubsetWiring::test_unselected_council_agents_absent PASSED [ 25%]
trailhead/tests/test_wire.py::TestCraftSubsetWiring::test_standard_craft_unselected_council_and_execute_absent PASSED [ 25%]
trailhead/tests/test_wire.py::TestConsolidatedMarketplace::test_plugin_json_exists_and_parses PASSED [ 25%]
trailhead/tests/test_wire.py::TestConsolidatedMarketplace::test_single_consolidated_marketplace_named_trailhead PASSED [ 25%]
trailhead/tests/test_wire.py::TestConsolidatedMarketplace::test_marketplace_lists_both_tools_after_multi_wire PASSED [ 25%]
trailhead/tests/test_wire.py::TestConsolidatedMarketplace::test_no_per_tool_marketplace_dirs PASSED [ 26%]
trailhead/tests/test_wire.py::TestConsolidatedMarketplace::test_s2_no_symlinks_in_wired_tree PASSED [ 26%]
trailhead/tests/test_wire.py::TestIdempotency::test_rewire_same_selection_idempotent PASSED [ 26%]
trailhead/tests/test_wire.py::TestIdempotency::test_rewire_removes_previously_present_capability PASSED [ 26%]
trailhead/tests/test_wire.py::TestAtomicPromote::test_mid_compose_failure_leaves_prior_dest_intact PASSED [ 26%]
trailhead/tests/test_wire.py::TestAtomicPromote::test_first_wire_failure_leaves_no_dest PASSED [ 26%]
trailhead/tests/test_wire.py::TestRegistrySequencing::test_marketplace_add_invoked_once_across_multi_tool_wire PASSED [ 26%]
trailhead/tests/test_wire.py::TestRegistrySequencing::test_install_references_tool_at_trailhead PASSED [ 26%]
trailhead/tests/test_wire.py::TestRegistrySequencing::test_runner_never_invokes_real_subprocess PASSED [ 26%]
trailhead/tests/test_wire.py::TestRegistrySequencing::test_marketplace_add_includes_composed_root PASSED [ 26%]
trailhead/tests/test_wire.py::TestMinimalLoreContent::test_lore_minimal_skills_present PASSED [ 26%]
trailhead/tests/test_wire.py::TestMinimalLoreContent::test_lore_minimal_lore_librarian_agent_present PASSED [ 26%]
trailhead/tests/test_wire.py::TestStagingCleanupOnBaseException::test_staging_dir_cleaned_on_keyboard_interrupt PASSED [ 26%]
trailhead/tests/test_wire.py::TestStagingCleanupOnBaseException::test_staging_dir_cleaned_on_system_exit PASSED [ 26%]
trailhead/tests/test_wire.py::TestStagingCleanupOnBaseException::test_successful_promote_leaves_no_staging_dir PASSED [ 26%]
trailhead/tests/test_wire.py::TestWireErrorIsolation::test_wire_error_raised_naming_failing_tool PASSED [ 26%]
trailhead/tests/test_wire.py::TestWireErrorIsolation::test_already_wired_tool_stays_committed_after_later_failure PASSED [ 26%]
trailhead/tests/test_wire.py::TestWireErrorIsolation::test_no_orphaned_staging_dir_after_wire_error PASSED [ 26%]
trailhead/tests/test_wire.py::TestWireErrorIsolation::test_failed_tool_absent_from_marketplace_but_earlier_tool_present PASSED [ 26%]
trailhead/tests/test_wire.py::TestWireErrorIsolation::test_wire_error_register_stage PASSED [ 26%]
trailhead/tests/test_wire.py::TestSplitMarkers::test_global_and_per_tool_markers_written_after_success PASSED [ 26%]
trailhead/tests/test_wire.py::TestSplitMarkers::test_install_marker_absent_after_failed_install PASSED [ 26%]
trailhead/tests/test_wire.py::TestSplitMarkers::test_second_wire_without_marker_calls_install_not_rewire PASSED [ 26%]
trailhead/tests/test_wire.py::TestSplitMarkers::test_second_wire_with_marker_calls_rewire PASSED [ 26%]
tools/lore/tests/test_brainstorm_behavior_anchors.py::test_all_poke_dimensions_present PASSED [ 26%]
tools/lore/tests/test_brainstorm_behavior_anchors.py::test_mandatory_decision_steps_present PASSED [ 26%]
tools/lore/tests/test_brainstorm_behavior_anchors.py::test_spec_canonical_sections_present PASSED [ 26%]
tools/lore/tests/test_brainstorm_behavior_anchors.py::test_recall_primary_and_spec_scaffold_anchors_present PASSED [ 26%]
tools/lore/tests/test_brainstorm_dedup_slice5.py::TestDegradationDedup::test_degradation_sentence_appears_exactly_once PASSED [ 27%]
tools/lore/tests/test_brainstorm_dedup_slice5.py::TestDegradationDedup::test_all_provider_seams_still_present PASSED [ 27%]
tools/lore/tests/test_brainstorm_dedup_slice5.py::TestKeyPrinciplesAbsent::test_key_principles_section_gone PASSED [ 27%]
tools/lore/tests/test_brainstorm_dedup_slice5.py::TestInjectionDefenseByteIdentical::test_injection_defense_present_in_brainstorm PASSED [ 27%]
tools/lore/tests/test_brainstorm_dedup_slice5.py::TestInjectionDefenseByteIdentical::test_injection_defense_present_in_librarian PASSED [ 27%]
tools/lore/tests/test_brainstorm_dedup_slice5.py::TestInjectionDefenseByteIdentical::test_injection_defense_byte_identical PASSED [ 27%]
tools/lore/tests/test_capture_layer_labeling.py::TestCapturePrintsPersonalLabelWhenSharedDeclared::test_lore_new_decision_prints_personal_label_with_shared_vault PASSED [ 27%]
tools/lore/tests/test_capture_layer_labeling.py::TestCapturePrintsPersonalLabelWhenSharedDeclared::test_lore_new_decision_writes_to_personal_root_not_shared PASSED [ 27%]
tools/lore/tests/test_capture_layer_labeling.py::TestCaptureSuppressesPersonalLabelWithoutSharedVault::test_lore_new_without_shared_vault_has_no_personal_label PASSED [ 27%]
tools/lore/tests/test_capture_layer_labeling.py::TestCaptureSuppressesPersonalLabelWithoutSharedVault::test_lore_new_prints_created_path_without_label PASSED [ 27%]
tools/lore/tests/test_capture_layer_labeling.py::TestCaptureRefusesSharedVaultDirectly::test_vault_pointing_at_shared_root_is_refused PASSED [ 27%]
tools/lore/tests/test_capture_layer_labeling.py::TestCaptureRefusesSharedVaultDirectly::test_vault_pointing_at_non_shared_path_still_works PASSED [ 27%]
tools/lore/tests/test_capture_skills.py::TestResolveProject::test_parses_https_remote PASSED [ 27%]
tools/lore/tests/test_capture_skills.py::TestResolveProject::test_parses_ssh_remote PASSED [ 27%]
tools/lore/tests/test_capture_skills.py::TestResolveProject::test_strips_trailing_slash PASSED [ 27%]
tools/lore/tests/test_capture_skills.py::TestResolveProject::test_falls_back_to_cwd_name_when_no_remote PASSED [ 27%]
tools/lore/tests/test_capture_skills.py::TestResolveProject::test_falls_back_to_cwd_name_on_nonzero PASSED [ 27%]
tools/lore/tests/test_capture_skills.py::TestFindSessionNote::test_returns_newest_session_note PASSED [ 27%]
tools/lore/tests/test_capture_skills.py::TestFindSessionNote::test_returns_none_when_sessions_dir_empty PASSED [ 27%]
tools/lore/tests/test_capture_skills.py::TestFindSessionNote::test_returns_none_when_sessions_dir_missing PASSED [ 27%]
tools/lore/tests/test_capture_skills.py::TestFindSessionNote::test_ignores_non_md_files PASSED [ 27%]
tools/lore/tests/test_capture_skills.py::TestNewDeferred::test_writes_to_deferred_dir PASSED [ 27%]
tools/lore/tests/test_capture_skills.py::TestNewDeferred::test_frontmatter_has_correct_type_and_status PASSED [ 27%]
tools/lore/tests/test_capture_skills.py::TestNewDeferred::test_status_is_valid PASSED [ 27%]
tools/lore/tests/test_capture_skills.py::TestNewDeferred::test_no_literal_user_placeholder PASSED [ 27%]
tools/lore/tests/test_capture_skills.py::TestNewDeferred::test_slug_is_date_kebab_title PASSED [ 27%]
tools/lore/tests/test_capture_skills.py::TestNewDeferred::test_backlinks_session_note_under_deferred_section PASSED [ 27%]
tools/lore/tests/test_capture_skills.py::TestNewDeferred::test_backlink_does_not_touch_other_sections PASSED [ 28%]
tools/lore/tests/test_capture_skills.py::TestNewDeferred::test_no_session_still_writes_note PASSED [ 28%]
tools/lore/tests/test_capture_skills.py::TestNewDeferred::test_no_session_prints_skip_notice PASSED [ 28%]
tools/lore/tests/test_capture_skills.py::TestNewDeadEnd::test_writes_to_dead_ends_dir PASSED [ 28%]
tools/lore/tests/test_capture_skills.py::TestNewDeadEnd::test_frontmatter_type_and_status PASSED [ 28%]
tools/lore/tests/test_capture_skills.py::TestNewDeadEnd::test_status_is_valid PASSED [ 28%]
tools/lore/tests/test_capture_skills.py::TestNewDeadEnd::test_no_literal_user_placeholder PASSED [ 28%]
tools/lore/tests/test_capture_skills.py::TestNewDeadEnd::test_no_project_field_in_dead_end PASSED [ 28%]
tools/lore/tests/test_capture_skills.py::TestNewDeadEnd::test_backlinks_session_under_learned_section PASSED [ 28%]
tools/lore/tests/test_capture_skills.py::TestNewDeadEnd::test_no_session_fallback PASSED [ 28%]
tools/lore/tests/test_capture_skills.py::TestNewDecision::test_writes_to_decisions_dir PASSED [ 28%]
tools/lore/tests/test_capture_skills.py::TestNewDecision::test_frontmatter_type_no_status PASSED [ 28%]
tools/lore/tests/test_capture_skills.py::TestNewDecision::test_no_literal_user_placeholder PASSED [ 28%]
tools/lore/tests/test_capture_skills.py::TestNewDecision::test_body_has_required_sections PASSED [ 28%]
tools/lore/tests/test_capture_skills.py::TestNewDecision::test_backlinks_session_under_decided_section PASSED [ 28%]
tools/lore/tests/test_capture_skills.py::TestNewDecision::test_no_session_fallback PASSED [ 28%]
tools/lore/tests/test_capture_skills.py::TestNewFollowUp::test_writes_to_follow_ups_dir PASSED [ 28%]
tools/lore/tests/test_capture_skills.py::TestNewFollowUp::test_frontmatter_type_and_status PASSED [ 28%]
tools/lore/tests/test_capture_skills.py::TestNewFollowUp::test_status_is_valid PASSED [ 28%]
tools/lore/tests/test_capture_skills.py::TestNewFollowUp::test_no_literal_user_placeholder PASSED [ 28%]
tools/lore/tests/test_capture_skills.py::TestNewFollowUp::test_no_backlink_attempted PASSED [ 28%]
tools/lore/tests/test_capture_skills.py::TestNewArea::test_writes_to_areas_dir PASSED [ 28%]
tools/lore/tests/test_capture_skills.py::TestNewArea::test_frontmatter_has_type_area PASSED [ 28%]
tools/lore/tests/test_capture_skills.py::TestNewArea::test_no_status_field PASSED [ 28%]
tools/lore/tests/test_capture_skills.py::TestNewArea::test_no_literal_user_placeholder PASSED [ 28%]
tools/lore/tests/test_capture_skills.py::TestNewArea::test_keywords_inline_list_roundtrip PASSED [ 28%]
tools/lore/tests/test_capture_skills.py::TestNewArea::test_no_backlink_attempted PASSED [ 28%]
tools/lore/tests/test_capture_skills.py::TestLeakGate::test_deferred_note_has_no_leaks PASSED [ 28%]
tools/lore/tests/test_capture_skills.py::TestLeakGate::test_dead_end_note_has_no_leaks PASSED [ 29%]
tools/lore/tests/test_capture_skills.py::TestLeakGate::test_decision_note_has_no_leaks PASSED [ 29%]
tools/lore/tests/test_capture_skills.py::TestLeakGate::test_follow_up_note_has_no_leaks PASSED [ 29%]
tools/lore/tests/test_capture_skills.py::TestLeakGate::test_area_note_has_no_leaks PASSED [ 29%]
tools/lore/tests/test_capture_skills.py::TestSlugSafety::test_two_notes_same_title_same_day_are_distinct PASSED [ 29%]
tools/lore/tests/test_capture_skills.py::TestSlugSafety::test_all_punctuation_title_produces_nonempty_slug PASSED [ 29%]
tools/lore/tests/test_capture_skills.py::TestSlugSafety::test_unicode_only_title_produces_nonempty_slug PASSED [ 29%]
tools/lore/tests/test_capture_skills.py::TestProjectInference::test_deferred_without_project_flag_infers_project PASSED [ 29%]
tools/lore/tests/test_capture_skills.py::TestProjectInference::test_dead_end_still_has_no_project_field PASSED [ 29%]
tools/lore/tests/test_capture_skills.py::TestFindSessionNoteM1::test_ignores_stray_undated_file PASSED [ 29%]
tools/lore/tests/test_capture_skills.py::TestFindSessionNoteM1::test_returns_none_when_only_stray_files PASSED [ 29%]
tools/lore/tests/test_capture_skills.py::TestBacklinkWorktreeScoped::test_backlink_goes_into_alpha_note_not_newer_beta PASSED [ 29%]
tools/lore/tests/test_capture_skills.py::TestBacklinkWorktreeScoped::test_no_session_for_current_worktree_skips_backlink_with_notice PASSED [ 29%]
tools/lore/tests/test_cli_new.py::TestNewSpec::test_writes_to_specs_dir PASSED [ 29%]
tools/lore/tests/test_cli_new.py::TestNewSpec::test_frontmatter_type_is_spec PASSED [ 29%]
tools/lore/tests/test_cli_new.py::TestNewSpec::test_frontmatter_status_is_draft PASSED [ 29%]
tools/lore/tests/test_cli_new.py::TestNewSpec::test_status_passes_validator PASSED [ 29%]
tools/lore/tests/test_cli_new.py::TestNewSpec::test_project_bearing_populates_project PASSED [ 29%]
tools/lore/tests/test_cli_new.py::TestNewSpec::test_slug_is_date_kebab_title PASSED [ 29%]
tools/lore/tests/test_cli_new.py::TestNewSpec::test_no_unresolved_placeholders PASSED [ 29%]
tools/lore/tests/test_cli_new.py::TestNewSpec::test_no_project_bearing_literal_survives PASSED [ 29%]
tools/lore/tests/test_cli_new.py::TestNewSpec::test_contains_cross_plugin_section_rollout_and_gating PASSED [ 29%]
tools/lore/tests/test_cli_new.py::TestNewSpec::test_contains_cross_plugin_section_observability PASSED [ 29%]
tools/lore/tests/test_cli_new.py::TestNewSpec::test_contains_cross_plugin_section_acceptance_criteria PASSED [ 29%]
tools/lore/tests/test_cli_new.py::TestNewSpec::test_contains_cross_plugin_section_non_goals PASSED [ 29%]
tools/lore/tests/test_cli_new.py::TestNewSpec::test_no_private_tokens_in_output PASSED [ 29%]
tools/lore/tests/test_cli_new.py::TestNewSpec::test_areas_flag_populates_frontmatter PASSED [ 29%]
tools/lore/tests/test_cli_new.py::TestNewSpec::test_unknown_type_is_rejected PASSED [ 29%]
tools/lore/tests/test_cli_new.py::TestNewPlan::test_writes_to_plans_dir PASSED [ 30%]
tools/lore/tests/test_cli_new.py::TestNewPlan::test_frontmatter_type_is_plan PASSED [ 30%]
tools/lore/tests/test_cli_new.py::TestNewPlan::test_frontmatter_status_is_draft PASSED [ 30%]
tools/lore/tests/test_cli_new.py::TestNewPlan::test_status_passes_validator PASSED [ 30%]
tools/lore/tests/test_cli_new.py::TestNewPlan::test_project_bearing_populates_project PASSED [ 30%]
tools/lore/tests/test_cli_new.py::TestNewPlan::test_slug_is_date_kebab_title PASSED [ 30%]
tools/lore/tests/test_cli_new.py::TestNewPlan::test_no_unresolved_placeholders PASSED [ 30%]
tools/lore/tests/test_cli_new.py::TestNewPlan::test_no_project_bearing_literal_survives PASSED [ 30%]
tools/lore/tests/test_cli_new.py::TestNewPlan::test_no_private_tokens_in_output PASSED [ 30%]
tools/lore/tests/test_cli_new.py::TestNewPlan::test_related_areas_flag_populates_frontmatter PASSED [ 30%]
tools/lore/tests/test_cli_new.py::TestNewPlan::test_related_spec_flag_populates_frontmatter PASSED [ 30%]
tools/lore/tests/test_cli_new.py::TestNewPlan::test_slug_field_matches_filename_slug PASSED [ 30%]
tools/lore/tests/test_cli_seed.py::TestSeed::test_creates_note_in_inbox PASSED [ 30%]
tools/lore/tests/test_cli_seed.py::TestSeed::test_frontmatter_type_is_inbox PASSED [ 30%]
tools/lore/tests/test_cli_seed.py::TestSeed::test_frontmatter_has_date_and_status PASSED [ 30%]
tools/lore/tests/test_cli_seed.py::TestSeed::test_heading_is_human_name PASSED [ 30%]
tools/lore/tests/test_cli_seed.py::TestSeed::test_no_unresolved_placeholders PASSED [ 30%]
tools/lore/tests/test_cli_seed.py::TestSeed::test_status_passes_validator PASSED [ 30%]
tools/lore/tests/test_cli_seed.py::TestSeed::test_reseed_is_idempotent PASSED [ 30%]
tools/lore/tests/test_extending_doc.py::test_extending_doc_exists PASSED [ 30%]
tools/lore/tests/test_extending_doc.py::test_real_extension_points_discovered PASSED [ 30%]
tools/lore/tests/test_extending_doc.py::test_every_real_extension_point_is_documented[design_mockup] PASSED [ 30%]
tools/lore/tests/test_extending_doc.py::test_every_real_extension_point_is_documented[feature_flags] PASSED [ 30%]
tools/lore/tests/test_extending_doc.py::test_every_real_extension_point_is_documented[issue_tracker] PASSED [ 30%]
tools/lore/tests/test_extending_doc.py::test_every_real_extension_point_is_documented[observability] PASSED [ 30%]
tools/lore/tests/test_extending_doc.py::test_no_invented_extension_points[log_source] PASSED [ 30%]
tools/lore/tests/test_extending_doc.py::test_no_invented_extension_points[pr_review_bot] PASSED [ 30%]
tools/lore/tests/test_extending_doc.py::test_extending_links_degradation_as_source_of_truth PASSED [ 31%]
tools/lore/tests/test_extending_doc.py::test_extending_warns_about_relative_hook_paths PASSED [ 31%]
tools/lore/tests/test_extending_doc.py::test_readme_links_extending_doc PASSED [ 31%]
tools/lore/tests/test_finalize.py::TestLoreFinishSetsStatus::test_sets_status_complete PASSED [ 31%]
tools/lore/tests/test_finalize.py::TestLoreFinishSetsStatus::test_sets_nonempty_ended PASSED [ 31%]
tools/lore/tests/test_finalize.py::TestLoreFinishSetsStatus::test_finalized_note_passes_status_validator PASSED [ 31%]
tools/lore/tests/test_finalize.py::TestLoreFinishSetsStatus::test_commits_after_finalize PASSED [ 31%]
tools/lore/tests/test_finalize.py::TestLoreFinishNoSession::test_exits_zero_with_notice_when_no_session PASSED [ 31%]
tools/lore/tests/test_finalize.py::TestLoreFinishNoSession::test_no_error_when_sessions_dir_missing PASSED [ 31%]
tools/lore/tests/test_finalize.py::TestLoreFinishNonGitVault::test_status_set_even_when_not_git_toplevel PASSED [ 31%]
tools/lore/tests/test_finalize.py::TestFinishNoopWithStrayUntracked::test_noop_finish_with_stray_untracked_exits_zero PASSED [ 31%]
tools/lore/tests/test_follow_up_due.py::test_active_stale_is_selected PASSED [ 31%]
tools/lore/tests/test_follow_up_due.py::test_active_fresh_is_skipped PASSED [ 31%]
tools/lore/tests/test_follow_up_due.py::test_active_empty_last_checked_is_selected PASSED [ 31%]
tools/lore/tests/test_follow_up_due.py::test_resolved_is_skipped PASSED  [ 31%]
tools/lore/tests/test_follow_up_due.py::test_dropped_is_skipped PASSED   [ 31%]
tools/lore/tests/test_follow_up_due.py::test_manual_source_is_listed_separately PASSED [ 31%]
tools/lore/tests/test_follow_up_due.py::test_exact_due_set PASSED        [ 31%]
tools/lore/tests/test_follow_up_due.py::test_weekly_stale_7_days_ago_is_due PASSED [ 31%]
tools/lore/tests/test_follow_up_due.py::test_weekly_stale_8_days_ago_is_due PASSED [ 31%]
tools/lore/tests/test_follow_up_due.py::test_empty_follow_up_dir_returns_empty_result PASSED [ 31%]
tools/lore/tests/test_follow_up_due.py::test_status_preserved_after_patch PASSED [ 31%]
tools/lore/tests/test_follow_up_due.py::test_snoozed_legacy_status_does_not_crash PASSED [ 31%]
tools/lore/tests/test_follow_up_due.py::test_bucketed_radar_note_is_selected PASSED [ 31%]
tools/lore/tests/test_follow_up_due.py::test_flat_and_bucketed_radar_both_selected PASSED [ 31%]
tools/lore/tests/test_frontmatter.py::test_parse_frontmatter_scalars PASSED [ 31%]
tools/lore/tests/test_frontmatter.py::test_parse_frontmatter_inline_list PASSED [ 31%]
tools/lore/tests/test_frontmatter.py::test_parse_frontmatter_strips_quotes PASSED [ 31%]
tools/lore/tests/test_frontmatter.py::test_parse_frontmatter_no_frontmatter PASSED [ 32%]
tools/lore/tests/test_frontmatter.py::test_parse_frontmatter_missing_file PASSED [ 32%]
tools/lore/tests/test_frontmatter.py::test_set_status_replaces_existing PASSED [ 32%]
tools/lore/tests/test_frontmatter.py::test_set_status_adds_when_missing PASSED [ 32%]
tools/lore/tests/test_frontmatter.py::test_set_status_only_touches_status_line PASSED [ 32%]
tools/lore/tests/test_frontmatter.py::test_patch_section_appends_under_heading PASSED [ 32%]
tools/lore/tests/test_frontmatter.py::test_patch_section_leaves_sibling_byte_identical PASSED [ 32%]
tools/lore/tests/test_frontmatter.py::test_patch_section_creates_section_when_missing PASSED [ 32%]
tools/lore/tests/test_harvest_expand.py::TestExpansionLandsNotes::test_deferred_note_created_with_fields PASSED [ 32%]
tools/lore/tests/test_harvest_expand.py::TestExpansionLandsNotes::test_decision_note_created_with_fields PASSED [ 32%]
tools/lore/tests/test_harvest_expand.py::TestExpansionLandsNotes::test_dead_end_note_created_with_fields PASSED [ 32%]
tools/lore/tests/test_harvest_expand.py::TestExpansionLandsNotes::test_follow_up_note_created_with_fields PASSED [ 32%]
tools/lore/tests/test_harvest_expand.py::TestExpansionLandsNotes::test_lesson_note_created_with_fields_and_template PASSED [ 32%]
tools/lore/tests/test_harvest_expand.py::TestGotchaSurfaced::test_gotcha_not_expanded_no_gotcha_dir_note PASSED [ 32%]
tools/lore/tests/test_harvest_expand.py::TestGotchaSurfaced::test_gotcha_left_in_pending PASSED [ 32%]
tools/lore/tests/test_harvest_expand.py::TestGotchaSurfaced::test_session_note_gotcha_is_surfaced PASSED [ 32%]
tools/lore/tests/test_harvest_expand.py::TestMalformedLineRetained::test_malformed_line_kept_and_warned PASSED [ 32%]
tools/lore/tests/test_harvest_expand.py::TestConsumedEntriesRemoved::test_expanded_hashes_removed_from_pending PASSED [ 32%]
tools/lore/tests/test_harvest_expand.py::TestSingleCommitExplicitPaths::test_one_commit_covers_note_and_new_notes PASSED [ 32%]
tools/lore/tests/test_harvest_expand.py::TestSingleCommitExplicitPaths::test_unrelated_dirty_file_not_swept_into_commit PASSED [ 32%]
tools/lore/tests/test_harvest_expand.py::TestCommitFailureNoDataLoss::test_failing_commit_leaves_entries_recoverable PASSED [ 32%]
tools/lore/tests/test_harvest_expand.py::TestCommitFailureNoDataLoss::test_retry_after_commit_failure_expands_cleanly PASSED [ 32%]
tools/lore/tests/test_harvest_expand.py::TestIdempotentRerun::test_second_finish_creates_no_duplicate_notes PASSED [ 32%]
tools/lore/tests/test_harvest_expand.py::TestIdempotentRerun::test_rerun_with_same_pending_does_not_dup PASSED [ 32%]
tools/lore/tests/test_harvest_expand.py::TestHarvestBuckets::test_lesson_lands_in_month_bucket_not_flat PASSED [ 32%]
tools/lore/tests/test_harvest_expand.py::TestHarvestBuckets::test_decision_lands_in_month_bucket_not_flat PASSED [ 32%]
tools/lore/tests/test_harvest_expand.py::TestHarvestBuckets::test_unique_path_dedupes_within_bucket PASSED [ 32%]
tools/lore/tests/test_harvest_expand.py::TestHarvestBuckets::test_dedup_is_bucket_aware_no_duplicate PASSED [ 32%]
tools/lore/tests/test_harvest_expand.py::TestHarvestBuckets::test_second_expand_same_pending_writes_nothing_new PASSED [ 33%]
tools/lore/tests/test_harvest_stub_contract.py::TestCompressedStubHookContract::test_all_six_types_captured PASSED [ 33%]
tools/lore/tests/test_harvest_stub_contract.py::TestCompressedStubHookContract::test_follow_up_type_captured PASSED [ 33%]
tools/lore/tests/test_harvest_stub_contract.py::TestCompressedStubHookContract::test_suffix_anchor_holds_with_trailing_newline PASSED [ 33%]
tools/lore/tests/test_harvest_stub_contract.py::TestCompressedStubHookContract::test_entry_body_whitespace_stripped PASSED [ 33%]
tools/lore/tests/test_harvest_stub_contract.py::TestHookNegativeControls::test_prose_between_heading_and_dashes_breaks_match PASSED [ 33%]
tools/lore/tests/test_harvest_stub_contract.py::TestHookNegativeControls::test_heading_with_extra_suffix_text_fails_section_re PASSED [ 33%]
tools/lore/tests/test_harvest_stub_contract.py::TestHookNegativeControls::test_block_not_at_message_suffix_is_rejected PASSED [ 33%]
tools/lore/tests/test_harvest_stub_contract.py::TestHookNegativeControls::test_invalid_type_prefix_silently_skipped PASSED [ 33%]
tools/lore/tests/test_harvest_stub_contract.py::TestHookNegativeControls::test_absent_harvest_section_produces_empty PASSED [ 33%]
tools/lore/tests/test_harvest_stub_contract.py::TestResearcherMdInvariants::test_researcher_md_exists PASSED [ 33%]
tools/lore/tests/test_harvest_stub_contract.py::TestResearcherMdInvariants::test_researcher_md_contains_harvest_heading PASSED [ 33%]
tools/lore/tests/test_harvest_stub_contract.py::TestResearcherMdInvariants::test_researcher_md_contains_role_specific_sentence PASSED [ 33%]
tools/lore/tests/test_harvest_stub_contract.py::TestResearcherMdInvariants::test_researcher_md_does_not_contain_old_typed_prefix PASSED [ 33%]
tools/lore/tests/test_harvest_stub_contract.py::TestResearcherMdInvariants::test_researcher_md_is_compressed_stub PASSED [ 33%]
tools/lore/tests/test_harvest_stub_contract.py::test_agent_harvest_block_contains_heading[researcher-Skip dead-ends \u2014 those belong to troubleshooters] PASSED [ 33%]
tools/lore/tests/test_harvest_stub_contract.py::test_agent_harvest_block_contains_heading[executor-Skip decisions (the plan already made them) and follow-ups] PASSED [ 33%]
tools/lore/tests/test_harvest_stub_contract.py::test_agent_harvest_block_contains_heading[architect-Skip dead-ends (you didn't try anything \u2014 you advised)] PASSED [ 33%]
tools/lore/tests/test_harvest_stub_contract.py::test_agent_harvest_block_contains_heading[assumption-prover-you prove or disprove one assumption] PASSED [ 33%]
tools/lore/tests/test_harvest_stub_contract.py::test_agent_harvest_block_contains_heading[code-reviewer-only emit a lesson if the pattern is durable across reviews] PASSED [ 33%]
tools/lore/tests/test_harvest_stub_contract.py::test_agent_harvest_block_contains_heading[security-auditor-only emit a lesson if the pattern is durable across audits] PASSED [ 33%]
tools/lore/tests/test_harvest_stub_contract.py::test_agent_harvest_block_contains_heading[troubleshooter-the caller decides what to do about the bug, not you] PASSED [ 33%]
tools/lore/tests/test_harvest_stub_contract.py::test_agent_harvest_block_contains_role_sentence[researcher-Skip dead-ends \u2014 those belong to troubleshooters] PASSED [ 33%]
tools/lore/tests/test_harvest_stub_contract.py::test_agent_harvest_block_contains_role_sentence[executor-Skip decisions (the plan already made them) and follow-ups] PASSED [ 33%]
tools/lore/tests/test_harvest_stub_contract.py::test_agent_harvest_block_contains_role_sentence[architect-Skip dead-ends (you didn't try anything \u2014 you advised)] PASSED [ 33%]
tools/lore/tests/test_harvest_stub_contract.py::test_agent_harvest_block_contains_role_sentence[assumption-prover-you prove or disprove one assumption] PASSED [ 33%]
tools/lore/tests/test_harvest_stub_contract.py::test_agent_harvest_block_contains_role_sentence[code-reviewer-only emit a lesson if the pattern is durable across reviews] PASSED [ 33%]
tools/lore/tests/test_harvest_stub_contract.py::test_agent_harvest_block_contains_role_sentence[security-auditor-only emit a lesson if the pattern is durable across audits] PASSED [ 34%]
tools/lore/tests/test_harvest_stub_contract.py::test_agent_harvest_block_contains_role_sentence[troubleshooter-the caller decides what to do about the bug, not you] PASSED [ 34%]
tools/lore/tests/test_harvest_stub_contract.py::test_agent_harvest_block_is_compressed[researcher-Skip dead-ends \u2014 those belong to troubleshooters] PASSED [ 34%]
tools/lore/tests/test_harvest_stub_contract.py::test_agent_harvest_block_is_compressed[executor-Skip decisions (the plan already made them) and follow-ups] PASSED [ 34%]
tools/lore/tests/test_harvest_stub_contract.py::test_agent_harvest_block_is_compressed[architect-Skip dead-ends (you didn't try anything \u2014 you advised)] PASSED [ 34%]
tools/lore/tests/test_harvest_stub_contract.py::test_agent_harvest_block_is_compressed[assumption-prover-you prove or disprove one assumption] PASSED [ 34%]
tools/lore/tests/test_harvest_stub_contract.py::test_agent_harvest_block_is_compressed[code-reviewer-only emit a lesson if the pattern is durable across reviews] PASSED [ 34%]
tools/lore/tests/test_harvest_stub_contract.py::test_agent_harvest_block_is_compressed[security-auditor-only emit a lesson if the pattern is durable across audits] PASSED [ 34%]
tools/lore/tests/test_harvest_stub_contract.py::test_agent_harvest_block_is_compressed[troubleshooter-the caller decides what to do about the bug, not you] PASSED [ 34%]
tools/lore/tests/test_index_projection.py::test_open_index_enables_foreign_keys PASSED [ 34%]
tools/lore/tests/test_index_projection.py::test_facet_fk_is_enforced PASSED [ 34%]
tools/lore/tests/test_index_projection.py::test_open_index_provisions_realized_tables PASSED [ 34%]
tools/lore/tests/test_index_projection.py::test_records_has_locked_columns PASSED [ 34%]
tools/lore/tests/test_index_projection.py::test_reindex_populates_records_columns PASSED [ 34%]
tools/lore/tests/test_index_projection.py::test_reindex_one_facet_row_per_list_value PASSED [ 34%]
tools/lore/tests/test_index_projection.py::test_reindex_populates_fts_rows PASSED [ 34%]
tools/lore/tests/test_index_projection.py::test_body_only_term_is_full_text_matched PASSED [ 34%]
tools/lore/tests/test_index_projection.py::test_unicode61_hyphen_split_case_insensitive PASSED [ 34%]
tools/lore/tests/test_index_projection.py::test_diacritics_folded PASSED [ 34%]
tools/lore/tests/test_index_projection.py::test_reverse_edge_symmetry_same_vault PASSED [ 34%]
tools/lore/tests/test_index_projection.py::test_reverse_edge_cross_vault_target_ingested_second PASSED [ 34%]
tools/lore/tests/test_index_projection.py::test_bm25_title_hit_sorts_before_body_only_hit PASSED [ 34%]
tools/lore/tests/test_index_projection.py::test_non_default_vault_is_shared_layer PASSED [ 34%]
tools/lore/tests/test_index_projection.py::test_check_constraint_rejects_non_enum_layer PASSED [ 34%]
tools/lore/tests/test_index_projection.py::test_reindex_idempotent PASSED [ 34%]
tools/lore/tests/test_index_projection.py::test_reindex_skips_malformed_sidecar_without_aborting PASSED [ 34%]
tools/lore/tests/test_index_projection.py::test_reindex_drops_deleted_records_and_facets PASSED [ 34%]
tools/lore/tests/test_index_projection.py::test_upsert_row_populates_forward_facets_and_fts PASSED [ 34%]
tools/lore/tests/test_index_projection.py::test_upsert_row_re_upsert_replaces_facets_and_fts PASSED [ 35%]
tools/lore/tests/test_index_store.py::test_open_index_creates_db_at_xdg_state_path PASSED [ 35%]
tools/lore/tests/test_index_store.py::test_open_index_reports_wal_journal_mode PASSED [ 35%]
tools/lore/tests/test_index_store.py::test_open_index_creates_records_table PASSED [ 35%]
tools/lore/tests/test_index_store.py::test_open_index_wal_persists_across_reopen PASSED [ 35%]
tools/lore/tests/test_index_store.py::test_upsert_row_inserts_new_row PASSED [ 35%]
tools/lore/tests/test_index_store.py::test_upsert_row_idempotent_same_key_leaves_one_row PASSED [ 35%]
tools/lore/tests/test_index_store.py::test_upsert_row_updates_scalar_in_place PASSED [ 35%]
tools/lore/tests/test_index_store.py::test_delete_row_removes_keyed_row PASSED [ 35%]
tools/lore/tests/test_index_store.py::test_delete_row_does_not_remove_different_key PASSED [ 35%]
tools/lore/tests/test_index_store.py::test_delete_row_missing_key_is_noop_no_raise PASSED [ 35%]
tools/lore/tests/test_index_store.py::test_rebuild_produces_exactly_n_rows PASSED [ 35%]
tools/lore/tests/test_index_store.py::test_rebuild_keys_rows_correctly PASSED [ 35%]
tools/lore/tests/test_index_store.py::test_rebuild_idempotent PASSED     [ 35%]
tools/lore/tests/test_index_store.py::test_rebuild_drops_since_deleted_rows PASSED [ 35%]
tools/lore/tests/test_index_store.py::test_rebuild_spans_two_vaults_keys_by_vault PASSED [ 35%]
tools/lore/tests/test_index_store.py::test_rebuild_skips_orphan_json_without_md PASSED [ 35%]
tools/lore/tests/test_index_store.py::test_lore_reindex_exits_0 PASSED   [ 35%]
tools/lore/tests/test_index_store.py::test_lore_reindex_prints_row_count_to_stdout PASSED [ 35%]
tools/lore/tests/test_index_store.py::test_lore_reindex_count_reflects_vault_records PASSED [ 35%]
tools/lore/tests/test_kql_compile.py::TestLockedCompileTable::test_kind_scalar_field_eq PASSED [ 35%]
tools/lore/tests/test_kql_compile.py::TestLockedCompileTable::test_status_scalar_field_eq PASSED [ 35%]
tools/lore/tests/test_kql_compile.py::TestLockedCompileTable::test_repo_scalar_field_eq PASSED [ 35%]
tools/lore/tests/test_kql_compile.py::TestLockedCompileTable::test_team_scalar_field_eq PASSED [ 35%]
tools/lore/tests/test_kql_compile.py::TestLockedCompileTable::test_product_scalar_field_eq PASSED [ 35%]
tools/lore/tests/test_kql_compile.py::TestLockedCompileTable::test_suite_scalar_field_eq PASSED [ 35%]
tools/lore/tests/test_kql_compile.py::TestLockedCompileTable::test_area_alias_resolves_to_facet_exists PASSED [ 35%]
tools/lore/tests/test_kql_compile.py::TestLockedCompileTable::test_phase_alias_resolves_to_facet_exists PASSED [ 35%]
tools/lore/tests/test_kql_compile.py::TestLockedCompileTable::test_keyword_alias_resolves_to_facet_exists PASSED [ 36%]
tools/lore/tests/test_kql_compile.py::TestLockedCompileTable::test_related_area_real_key_passthrough PASSED [ 36%]
tools/lore/tests/test_kql_compile.py::TestLockedCompileTable::test_related_phases_real_key_passthrough PASSED [ 36%]
tools/lore/tests/test_kql_compile.py::TestLockedCompileTable::test_keywords_real_key_passthrough PASSED [ 36%]
tools/lore/tests/test_kql_compile.py::TestLockedCompileTable::test_compare_gte_created_at PASSED [ 36%]
tools/lore/tests/test_kql_compile.py::TestLockedCompileTable::test_compare_lte_updated_at PASSED [ 36%]
tools/lore/tests/test_kql_compile.py::TestLockedCompileTable::test_compare_gt PASSED [ 36%]
tools/lore/tests/test_kql_compile.py::TestLockedCompileTable::test_compare_lt_last_referenced_at PASSED [ 36%]
tools/lore/tests/test_kql_compile.py::TestLockedCompileTable::test_fulltext_bare_term_is_sql_predicate PASSED [ 36%]
tools/lore/tests/test_kql_compile.py::TestLockedCompileTable::test_phrase_is_sql_predicate_quoted_match PASSED [ 36%]
tools/lore/tests/test_kql_compile.py::TestLockedCompileTable::test_and_boolean_composed PASSED [ 36%]
tools/lore/tests/test_kql_compile.py::TestLockedCompileTable::test_or_boolean_composed PASSED [ 36%]
tools/lore/tests/test_kql_compile.py::TestLockedCompileTable::test_not_boolean_composed PASSED [ 36%]
tools/lore/tests/test_kql_compile.py::TestLockedCompileTable::test_group_unwrapped PASSED [ 36%]
tools/lore/tests/test_kql_compile.py::TestBooleanComposition::test_or_of_fulltext_and_facet_preserves_or PASSED [ 36%]
tools/lore/tests/test_kql_compile.py::TestBooleanComposition::test_or_returns_more_than_and_would PASSED [ 36%]
tools/lore/tests/test_kql_compile.py::TestBooleanComposition::test_leading_not_fulltext_no_fts_syntax_error PASSED [ 36%]
tools/lore/tests/test_kql_compile.py::TestBooleanComposition::test_facet_and_not_fulltext_correct_complement PASSED [ 36%]
tools/lore/tests/test_kql_compile.py::TestMatchEncoding::test_bare_term_match_param PASSED [ 36%]
tools/lore/tests/test_kql_compile.py::TestMatchEncoding::test_phrase_match_param_double_quoted PASSED [ 36%]
tools/lore/tests/test_kql_compile.py::TestMatchEncoding::test_multi_term_each_own_predicate PASSED [ 36%]
tools/lore/tests/test_kql_compile.py::TestMatchEncoding::test_ranking_match_or_combines_positive_terms PASSED [ 36%]
tools/lore/tests/test_kql_compile.py::TestMatchEncoding::test_mixed_fts_and_facet_keeps_facet_in_where PASSED [ 36%]
tools/lore/tests/test_kql_compile.py::TestRankingSelection::test_fulltext_query_uses_bm25_order PASSED [ 36%]
tools/lore/tests/test_kql_compile.py::TestRankingSelection::test_pure_facet_uses_recency_order PASSED [ 36%]
tools/lore/tests/test_kql_compile.py::TestRankingSelection::test_phrase_query_uses_bm25_order PASSED [ 36%]
tools/lore/tests/test_kql_compile.py::TestRankingSelection::test_mixed_fulltext_and_facet_uses_bm25 PASSED [ 36%]
tools/lore/tests/test_kql_compile.py::TestRankingSelection::test_bm25_orders_title_hit_before_body_hit PASSED [ 37%]
tools/lore/tests/test_kql_compile.py::TestRankingSelection::test_null_score_rows_sort_last PASSED [ 37%]
tools/lore/tests/test_kql_compile.py::TestRankingSelection::test_pure_facet_recency_order_executes PASSED [ 37%]
tools/lore/tests/test_kql_compile.py::TestVaultScope::test_vault_none_adds_no_predicate PASSED [ 37%]
tools/lore/tests/test_kql_compile.py::TestVaultScope::test_vault_name_adds_predicate PASSED [ 37%]
tools/lore/tests/test_kql_compile.py::TestVaultScope::test_vault_does_not_double_add_on_fulltext PASSED [ 37%]
tools/lore/tests/test_kql_compile.py::TestLimit::test_default_limit_is_20 PASSED [ 37%]
tools/lore/tests/test_kql_compile.py::TestLimit::test_explicit_limit_overrides PASSED [ 37%]
tools/lore/tests/test_kql_compile.py::TestLimit::test_limit_is_bound_param_not_interpolated PASSED [ 37%]
tools/lore/tests/test_kql_compile.py::TestLimit::test_limit_coerced_to_int PASSED [ 37%]
tools/lore/tests/test_kql_compile.py::TestLimit::test_limit_appears_in_full_query PASSED [ 37%]
tools/lore/tests/test_kql_compile.py::TestParamAlignment::test_param_count_matches_placeholders_pure_facet PASSED [ 37%]
tools/lore/tests/test_kql_compile.py::TestParamAlignment::test_param_count_matches_placeholders_fulltext PASSED [ 37%]
tools/lore/tests/test_kql_compile.py::TestParamAlignment::test_assembled_query_executes_with_alignment PASSED [ 37%]
tools/lore/tests/test_kql_compile.py::TestParamAlignment::test_rank_match_param_precedes_limit PASSED [ 37%]
tools/lore/tests/test_kql_compile.py::TestInjectionSafety::test_scalar_value_is_bound_not_interpolated PASSED [ 37%]
tools/lore/tests/test_kql_compile.py::TestInjectionSafety::test_injection_value_returns_no_spurious_rows PASSED [ 37%]
tools/lore/tests/test_kql_compile.py::TestInjectionSafety::test_facet_injection_in_value_is_bound PASSED [ 37%]
tools/lore/tests/test_kql_compile.py::TestCompareOpGuard::test_invalid_op_raises_value_error PASSED [ 37%]
tools/lore/tests/test_kql_compile.py::TestCompareOpGuard::test_valid_op_does_not_raise PASSED [ 37%]
tools/lore/tests/test_kql_compile.py::TestUnknownColumnGuard::test_unknown_field_eq_column_raises PASSED [ 37%]
tools/lore/tests/test_kql_compile.py::TestUnknownColumnGuard::test_unknown_compare_column_raises PASSED [ 37%]
tools/lore/tests/test_kql_compile.py::TestFtsSanitizer::test_injection_term_compiles_and_executes_no_error[*] PASSED [ 37%]
tools/lore/tests/test_kql_compile.py::TestFtsSanitizer::test_injection_term_compiles_and_executes_no_error[(foo] PASSED [ 37%]
tools/lore/tests/test_kql_compile.py::TestFtsSanitizer::test_injection_term_compiles_and_executes_no_error[foo)] PASSED [ 37%]
tools/lore/tests/test_kql_compile.py::TestFtsSanitizer::test_injection_term_compiles_and_executes_no_error[NEAR(foo,bar)] PASSED [ 37%]
tools/lore/tests/test_kql_compile.py::TestFtsSanitizer::test_injection_term_compiles_and_executes_no_error[^foo] PASSED [ 37%]
tools/lore/tests/test_kql_compile.py::TestFtsSanitizer::test_injection_term_compiles_and_executes_no_error[foo*] PASSED [ 37%]
tools/lore/tests/test_kql_compile.py::TestFtsSanitizer::test_injection_term_compiles_and_executes_no_error[body:zephyr] PASSED [ 38%]
tools/lore/tests/test_kql_compile.py::TestFtsSanitizer::test_injection_term_compiles_and_executes_no_error[col:nonexistent] PASSED [ 38%]
tools/lore/tests/test_kql_compile.py::TestFtsSanitizer::test_injection_term_compiles_and_executes_no_error[(foo OR bar)] PASSED [ 38%]
tools/lore/tests/test_kql_compile.py::TestFtsSanitizer::test_clean_bare_term_stays_unquoted PASSED [ 38%]
tools/lore/tests/test_kql_compile.py::TestFtsSanitizer::test_reserved_op_term_is_quoted PASSED [ 38%]
tools/lore/tests/test_kql_compile.py::TestFtsSanitizer::test_dotted_term_stays_unquoted PASSED [ 38%]
tools/lore/tests/test_kql_compile.py::TestFtsSanitizer::test_single_quote_term_becomes_quoted_literal PASSED [ 38%]
tools/lore/tests/test_kql_compile.py::TestFtsSanitizer::test_phrase_always_wrapped PASSED [ 38%]
tools/lore/tests/test_kql_compile.py::TestFtsSanitizer::test_phrase_with_stray_quotes_sanitized PASSED [ 38%]
tools/lore/tests/test_kql_compile.py::TestEmptyAfterStrip::test_empty_after_strip_raises["] PASSED [ 38%]
tools/lore/tests/test_kql_compile.py::TestEmptyAfterStrip::test_empty_after_strip_raises[\\] PASSED [ 38%]
tools/lore/tests/test_kql_compile.py::TestEmptyAfterStrip::test_empty_after_strip_raises[""] PASSED [ 38%]
tools/lore/tests/test_kql_compile.py::TestEmptyAfterStrip::test_empty_phrase_raises PASSED [ 38%]
tools/lore/tests/test_kql_compile.py::TestFullQueryShape::test_full_query_selects_from_records PASSED [ 38%]
tools/lore/tests/test_kql_compile.py::TestFullQueryShape::test_fulltext_full_query_no_mandatory_join PASSED [ 38%]
tools/lore/tests/test_kql_compile.py::TestFullQueryShape::test_fts_full_query_executes_against_fixture PASSED [ 38%]
tools/lore/tests/test_kql_compile.py::TestFullQueryShape::test_pure_facet_full_query_executes_against_fixture PASSED [ 38%]
tools/lore/tests/test_kql_compile.py::TestFullQueryShape::test_area_facet_query_executes_against_fixture PASSED [ 38%]
tools/lore/tests/test_kql_compile.py::TestFullQueryShape::test_vault_scope_narrows_results PASSED [ 38%]
tools/lore/tests/test_kql_compile.py::TestFullQueryShape::test_limit_caps_results PASSED [ 38%]
tools/lore/tests/test_kql_compile.py::TestCompiledQueryStructure::test_compiled_query_has_expected_attrs PASSED [ 38%]
tools/lore/tests/test_kql_compile.py::TestCompiledQueryStructure::test_params_is_list PASSED [ 38%]
tools/lore/tests/test_kql_compile.py::TestCompiledQueryStructure::test_has_fts_false_for_pure_facet PASSED [ 38%]
tools/lore/tests/test_kql_compile.py::TestCompiledQueryStructure::test_has_fts_true_for_fulltext PASSED [ 38%]
tools/lore/tests/test_kql_compile.py::TestCompiledQueryStructure::test_rank_match_empty_for_pure_facet PASSED [ 38%]
tools/lore/tests/test_kql_parser.py::test_kind_field_eq PASSED           [ 38%]
tools/lore/tests/test_kql_parser.py::test_area_facet_membership PASSED   [ 38%]
tools/lore/tests/test_kql_parser.py::test_status_and_kind PASSED         [ 38%]
tools/lore/tests/test_kql_parser.py::test_or_binds_looser_than_and PASSED [ 39%]
tools/lore/tests/test_kql_parser.py::test_implicit_and_is_left_associative PASSED [ 39%]
tools/lore/tests/test_kql_parser.py::test_field_or_group PASSED          [ 39%]
tools/lore/tests/test_kql_parser.py::test_facet_or_group PASSED          [ 39%]
tools/lore/tests/test_kql_parser.py::test_exclusion_prefix PASSED        [ 39%]
tools/lore/tests/test_kql_parser.py::test_phrase PASSED                  [ 39%]
tools/lore/tests/test_kql_parser.py::test_compare_gte PASSED             [ 39%]
tools/lore/tests/test_kql_parser.py::test_compare_lte PASSED             [ 39%]
tools/lore/tests/test_kql_parser.py::test_compare_gt PASSED              [ 39%]
tools/lore/tests/test_kql_parser.py::test_compare_lt PASSED              [ 39%]
tools/lore/tests/test_kql_parser.py::test_nested_grouping PASSED         [ 39%]
tools/lore/tests/test_kql_parser.py::test_bare_fulltext_term PASSED      [ 39%]
tools/lore/tests/test_kql_parser.py::test_implicit_and PASSED            [ 39%]
tools/lore/tests/test_kql_parser.py::test_not_keyword PASSED             [ 39%]
tools/lore/tests/test_kql_parser.py::test_or_keyword PASSED              [ 39%]
tools/lore/tests/test_kql_parser.py::test_three_term_implicit_and PASSED [ 39%]
tools/lore/tests/test_kql_parser.py::test_phase_facet_membership PASSED  [ 39%]
tools/lore/tests/test_kql_parser.py::test_keyword_facet_membership PASSED [ 39%]
tools/lore/tests/test_kql_parser.py::test_repo_slash_requires_quotes PASSED [ 39%]
tools/lore/tests/test_kql_parser.py::test_created_at_unquoted_in_compare PASSED [ 39%]
tools/lore/tests/test_kql_parser.py::test_team_space_requires_quotes PASSED [ 39%]
tools/lore/tests/test_kql_parser.py::test_unquoted_value_space_is_boundary PASSED [ 39%]
tools/lore/tests/test_kql_parser.py::test_hyphenated_field_not_quoted PASSED [ 39%]
tools/lore/tests/test_kql_parser.py::test_error_unbalanced_quote PASSED  [ 39%]
tools/lore/tests/test_kql_parser.py::test_error_unbalanced_paren PASSED  [ 39%]
tools/lore/tests/test_kql_parser.py::test_error_empty_query PASSED       [ 39%]
tools/lore/tests/test_kql_parser.py::test_error_whitespace_only_query PASSED [ 39%]
tools/lore/tests/test_kql_parser.py::test_error_wildcard_prefix PASSED   [ 40%]
tools/lore/tests/test_kql_parser.py::test_error_fuzzy PASSED             [ 40%]
tools/lore/tests/test_kql_parser.py::test_error_boost PASSED             [ 40%]
tools/lore/tests/test_kql_parser.py::test_error_regex PASSED             [ 40%]
tools/lore/tests/test_kql_parser.py::test_error_unknown_field PASSED     [ 40%]
tools/lore/tests/test_kql_parser.py::test_deterministic_suggestion_repeated PASSED [ 40%]
tools/lore/tests/test_kql_parser.py::test_deterministic_suggestion_content PASSED [ 40%]
tools/lore/tests/test_kql_parser.py::test_deterministic_suggestion_sorted_field_list PASSED [ 40%]
tools/lore/tests/test_kql_parser.py::test_valid_field_zero_matches_no_error PASSED [ 40%]
tools/lore/tests/test_kql_parser.py::test_nodes_are_immutable PASSED     [ 40%]
tools/lore/tests/test_kql_parser.py::test_ast_equality PASSED            [ 40%]
tools/lore/tests/test_kql_parser.py::test_extra_close_paren_is_error PASSED [ 40%]
tools/lore/tests/test_kql_parser.py::test_empty_group_is_error PASSED    [ 40%]
tools/lore/tests/test_kql_parser.py::test_suite_field PASSED             [ 40%]
tools/lore/tests/test_kql_parser.py::test_product_field PASSED           [ 40%]
tools/lore/tests/test_layer_discovery.py::TestSharedLayerDiscovery::test_one_shared_vault_returns_personal_and_shared PASSED [ 40%]
tools/lore/tests/test_layer_discovery.py::TestSharedLayerDiscovery::test_two_shared_vaults_both_appended_in_order PASSED [ 40%]
tools/lore/tests/test_layer_discovery.py::TestGracefulFallback::test_no_groups_dir_returns_personal_only PASSED [ 40%]
tools/lore/tests/test_layer_discovery.py::TestGracefulFallback::test_group_with_no_shared_vaults_returns_personal_only PASSED [ 40%]
tools/lore/tests/test_layer_discovery.py::TestGracefulFallback::test_cwd_in_no_group_returns_personal_only PASSED [ 40%]
tools/lore/tests/test_layer_discovery.py::TestCampAbsent::test_camp_import_error_returns_personal_only PASSED [ 40%]
tools/lore/tests/test_layer_discovery.py::TestMalformedConfig::test_malformed_group_config_returns_personal_only PASSED [ 40%]
tools/lore/tests/test_layer_discovery.py::TestMissingSharedRoot::test_missing_shared_root_omitted_with_stderr PASSED [ 40%]
tools/lore/tests/test_layer_discovery.py::TestMissingSharedRoot::test_good_vault_survives_bad_vault_skipped PASSED [ 40%]
tools/lore/tests/test_layer_discovery.py::TestConfinementViolations::test_bad_shared_name_dropped_with_stderr PASSED [ 40%]
tools/lore/tests/test_layer_discovery.py::TestConfinementViolations::test_bad_name_dropped_but_good_name_survives PASSED [ 40%]
tools/lore/tests/test_layer_discovery.py::TestPromoteToSelfCollision::test_shared_root_same_as_personal_root_dropped PASSED [ 40%]
tools/lore/tests/test_layer_discovery.py::TestRelativeRootResolution::test_relative_root_resolves_from_toml_location PASSED [ 40%]
tools/lore/tests/test_layer_discovery.py::TestOverlapDegradation::test_two_groups_claim_cwd_degrades_to_personal PASSED [ 41%]
tools/lore/tests/test_layers_model.py::TestVaultLayerDataclass::test_personal_layer_trusted_by_default PASSED [ 41%]
tools/lore/tests/test_layers_model.py::TestVaultLayerDataclass::test_shared_layer_not_trusted_by_default PASSED [ 41%]
tools/lore/tests/test_layers_model.py::TestVaultLayerDataclass::test_vault_layer_is_frozen PASSED [ 41%]
tools/lore/tests/test_layers_model.py::TestVaultLayerDataclass::test_vault_layer_fields PASSED [ 41%]
tools/lore/tests/test_layers_model.py::TestResolveLayers::test_with_lore_vault_set_returns_one_personal_layer PASSED [ 41%]
tools/lore/tests/test_layers_model.py::TestResolveLayers::test_without_lore_vault_uses_home_lore_default PASSED [ 41%]
tools/lore/tests/test_layers_model.py::TestResolveLayers::test_resolve_layers_returns_list PASSED [ 41%]
tools/lore/tests/test_layers_model.py::TestLayerForPath::test_path_under_root_returns_layer PASSED [ 41%]
tools/lore/tests/test_layers_model.py::TestLayerForPath::test_path_outside_all_roots_returns_none PASSED [ 41%]
tools/lore/tests/test_layers_model.py::TestLayerForPath::test_empty_layers_returns_none PASSED [ 41%]
tools/lore/tests/test_layers_model.py::TestLayerForPath::test_symlinked_path_resolving_into_root_returns_layer PASSED [ 41%]
tools/lore/tests/test_layers_model.py::TestLayerForPath::test_first_matching_layer_wins PASSED [ 41%]
tools/lore/tests/test_layers_model.py::TestBootstrapImportable::test_ensure_trailhead_importable_succeeds_from_repo PASSED [ 41%]
tools/lore/tests/test_layers_model.py::TestBootstrapImportable::test_bare_python3_no_raw_module_not_found_error PASSED [ 41%]
tools/lore/tests/test_layers_model.py::TestBootstrapImportable::test_forced_missing_emits_legible_error PASSED [ 41%]
tools/lore/tests/test_layers_model.py::TestValidateLayerName::test_reject_dotdot PASSED [ 41%]
tools/lore/tests/test_layers_model.py::TestValidateLayerName::test_reject_dotdot_plain PASSED [ 41%]
tools/lore/tests/test_layers_model.py::TestValidateLayerName::test_reject_forward_slash PASSED [ 41%]
tools/lore/tests/test_layers_model.py::TestValidateLayerName::test_reject_backslash PASSED [ 41%]
tools/lore/tests/test_layers_model.py::TestValidateLayerName::test_reject_null_byte PASSED [ 41%]
tools/lore/tests/test_layers_model.py::TestValidateLayerName::test_reject_empty PASSED [ 41%]
tools/lore/tests/test_layers_model.py::TestValidateLayerName::test_benign_name_passes PASSED [ 41%]
tools/lore/tests/test_layers_model.py::TestAssertWithinRoot::test_path_within_root_passes PASSED [ 41%]
tools/lore/tests/test_layers_model.py::TestAssertWithinRoot::test_path_escaping_root_raises PASSED [ 41%]
tools/lore/tests/test_layers_model.py::TestAssertWithinRoot::test_traversal_escape_raises PASSED [ 41%]
tools/lore/tests/test_layers_model.py::TestAssertWithinRoot::test_symlinked_escape_is_caught PASSED [ 41%]
tools/lore/tests/test_librarian_output_cap_slice6.py::TestDetailBulletCap::test_detail_section_has_bullet_cap_of_8 PASSED [ 41%]
tools/lore/tests/test_librarian_output_cap_slice6.py::TestDetailBulletCap::test_detail_section_has_wikilink_over_quoting_instruction PASSED [ 42%]
tools/lore/tests/test_librarian_output_cap_slice6.py::TestConditionalSections::test_related_adjacent_is_conditional PASSED [ 42%]
tools/lore/tests/test_librarian_output_cap_slice6.py::TestConditionalSections::test_gaps_is_conditional PASSED [ 42%]
tools/lore/tests/test_librarian_output_cap_slice6.py::TestStructureIntact::test_short_answer_heading_present PASSED [ 42%]
tools/lore/tests/test_librarian_output_cap_slice6.py::TestStructureIntact::test_detail_heading_present PASSED [ 42%]
tools/lore/tests/test_lifecycle_hooks.py::TestEnsureSessionNote::test_creates_note_with_session_type PASSED [ 42%]
tools/lore/tests/test_lifecycle_hooks.py::TestEnsureSessionNote::test_status_passes_validator_for_session PASSED [ 42%]
tools/lore/tests/test_lifecycle_hooks.py::TestEnsureSessionNote::test_body_has_five_required_headings PASSED [ 42%]
tools/lore/tests/test_lifecycle_hooks.py::TestEnsureSessionNote::test_filename_format_date_time_worktree PASSED [ 42%]
tools/lore/tests/test_lifecycle_hooks.py::TestEnsureSessionNote::test_areas_inline_empty PASSED [ 42%]
tools/lore/tests/test_lifecycle_hooks.py::TestEnsureSessionNote::test_resumes_recent_note_for_same_worktree PASSED [ 42%]
tools/lore/tests/test_lifecycle_hooks.py::TestEnsureSessionNote::test_creates_fresh_note_when_outside_window PASSED [ 42%]
tools/lore/tests/test_lifecycle_hooks.py::TestEnsureSessionNote::test_resumes_same_session_id_outside_window PASSED [ 42%]
tools/lore/tests/test_lifecycle_hooks.py::TestEnsureSessionNote::test_fresh_note_when_matching_session_is_terminal PASSED [ 42%]
tools/lore/tests/test_lifecycle_hooks.py::TestEnsureSessionNote::test_other_worktree_note_not_resumed PASSED [ 42%]
tools/lore/tests/test_lifecycle_hooks.py::TestSessionContext::test_creates_session_note_and_emits_index PASSED [ 42%]
tools/lore/tests/test_lifecycle_hooks.py::TestSessionContext::test_resolves_vault_via_lore_vault PASSED [ 42%]
tools/lore/tests/test_lifecycle_hooks.py::TestSessionContext::test_footgun_warning_when_unset_and_no_default PASSED [ 42%]
tools/lore/tests/test_lifecycle_hooks.py::TestSessionContext::test_no_warning_when_lore_vault_set PASSED [ 42%]
tools/lore/tests/test_lifecycle_hooks.py::TestSessionContext::test_emits_empty_json_on_error PASSED [ 42%]
tools/lore/tests/test_lifecycle_hooks.py::TestFinalize::test_sets_status_complete_and_ended PASSED [ 42%]
tools/lore/tests/test_lifecycle_hooks.py::TestFinalize::test_commits_when_toplevel_matches PASSED [ 42%]
tools/lore/tests/test_lifecycle_hooks.py::TestFinalize::test_skips_commit_when_vault_not_git_toplevel PASSED [ 42%]
tools/lore/tests/test_lifecycle_hooks.py::TestFinalize::test_skips_commit_when_toplevel_is_parent PASSED [ 42%]
tools/lore/tests/test_lifecycle_hooks.py::TestFinalize::test_mid_write_crash_leaves_original_intact PASSED [ 42%]
tools/lore/tests/test_lifecycle_hooks.py::TestHarvest::test_routes_block_to_pending_file PASSED [ 42%]
tools/lore/tests/test_lifecycle_hooks.py::TestHarvest::test_noop_when_block_absent PASSED [ 42%]
tools/lore/tests/test_lifecycle_hooks.py::TestHarvest::test_noop_when_not_agent_tool PASSED [ 43%]
tools/lore/tests/test_lifecycle_hooks.py::TestHarvest::test_never_raises_on_garbage PASSED [ 43%]
tools/lore/tests/test_lifecycle_hooks.py::TestPermissionLog::test_permission_log_hook_not_present PASSED [ 43%]
tools/lore/tests/test_lifecycle_hooks.py::TestHooksJson::test_registers_all_three_events PASSED [ 43%]
tools/lore/tests/test_lifecycle_hooks.py::TestHooksJson::test_session_start_points_at_session_context PASSED [ 43%]
tools/lore/tests/test_lifecycle_hooks.py::TestHooksJson::test_post_tool_use_matches_agent PASSED [ 43%]
tools/lore/tests/test_lifecycle_hooks.py::TestHooksJson::test_smoke_files_deleted PASSED [ 43%]
tools/lore/tests/test_lifecycle_hooks.py::TestSessionNoteNestedNameCollision::test_session_note_path_no_false_match_on_super_prefix PASSED [ 43%]
tools/lore/tests/test_lifecycle_hooks.py::TestSessionNoteNestedNameCollision::test_session_note_path_returns_none_when_only_prefix_note_exists PASSED [ 43%]
tools/lore/tests/test_lifecycle_hooks.py::TestSessionNoteNestedNameCollision::test_all_notes_for_worktree_no_false_match_on_super_prefix PASSED [ 43%]
tools/lore/tests/test_lifecycle_hooks.py::TestSessionNoteNestedNameCollision::test_all_notes_for_worktree_empty_when_only_prefix_note_exists PASSED [ 43%]
tools/lore/tests/test_lifecycle_hooks.py::TestFinalizeCommitScope::test_unrelated_dirty_file_stays_unstaged_after_finalize PASSED [ 43%]
tools/lore/tests/test_lore_areas.py::TestAreasWithContent::test_stdout_contains_first_area_name PASSED [ 43%]
tools/lore/tests/test_lore_areas.py::TestAreasWithContent::test_stdout_contains_second_area_name PASSED [ 43%]
tools/lore/tests/test_lore_areas.py::TestAreasWithContent::test_stdout_contains_first_area_one_liner PASSED [ 43%]
tools/lore/tests/test_lore_areas.py::TestAreasWithContent::test_stdout_contains_second_area_one_liner PASSED [ 43%]
tools/lore/tests/test_lore_areas.py::TestAreasWithContent::test_stdout_contains_keywords PASSED [ 43%]
tools/lore/tests/test_lore_areas.py::TestAreasWithContent::test_exit_code_is_zero PASSED [ 43%]
tools/lore/tests/test_lore_areas.py::TestAreasWithContent::test_no_traceback_in_stdout PASSED [ 43%]
tools/lore/tests/test_lore_areas.py::TestAreasWithContent::test_stdout_contains_lore_search_instruction PASSED [ 43%]
tools/lore/tests/test_lore_areas.py::TestAreasEmpty::test_exit_code_is_zero PASSED [ 43%]
tools/lore/tests/test_lore_areas.py::TestAreasEmpty::test_stdout_contains_no_areas_message PASSED [ 43%]
tools/lore/tests/test_lore_areas.py::TestAreasEmpty::test_no_traceback PASSED [ 43%]
tools/lore/tests/test_lore_areas.py::TestAreasEmpty::test_absent_areas_dir_also_safe PASSED [ 43%]
tools/lore/tests/test_lore_areas.py::TestAreasUnresolvableVault::test_exit_code_is_zero PASSED [ 43%]
tools/lore/tests/test_lore_areas.py::TestAreasUnresolvableVault::test_stderr_contains_one_liner_signal PASSED [ 43%]
tools/lore/tests/test_lore_areas.py::TestAreasUnresolvableVault::test_stdout_contains_degraded_line PASSED [ 43%]
tools/lore/tests/test_lore_areas.py::TestAreasUnresolvableVault::test_stdout_degraded_line_is_no_areas PASSED [ 43%]
tools/lore/tests/test_lore_areas.py::TestAreasUnresolvableVault::test_no_traceback_in_stdout PASSED [ 44%]
tools/lore/tests/test_lore_areas.py::TestAreasBuildAreaMapRaises::test_exit_code_is_zero PASSED [ 44%]
tools/lore/tests/test_lore_areas.py::TestAreasBuildAreaMapRaises::test_stdout_contains_no_areas_line PASSED [ 44%]
tools/lore/tests/test_lore_areas.py::TestAreasBuildAreaMapRaises::test_stderr_contains_one_line_signal PASSED [ 44%]
tools/lore/tests/test_lore_cli.py::test_init_scaffolds_full_taxonomy PASSED [ 44%]
tools/lore/tests/test_lore_cli.py::test_init_starter_docs_carry_no_status PASSED [ 44%]
tools/lore/tests/test_lore_cli.py::test_init_prints_export_line PASSED   [ 44%]
tools/lore/tests/test_lore_cli.py::test_init_copies_templates_dir_contents PASSED [ 44%]
tools/lore/tests/test_lore_cli.py::test_init_refuses_nonempty_without_force PASSED [ 44%]
tools/lore/tests/test_lore_cli.py::test_init_force_allows_nonempty PASSED [ 44%]
tools/lore/tests/test_lore_cli.py::test_init_refuses_outside_home_without_flag PASSED [ 44%]
tools/lore/tests/test_lore_cli.py::test_init_allow_outside_home_flag PASSED [ 44%]
tools/lore/tests/test_lore_cli.py::test_init_requires_confirmation_without_yes PASSED [ 44%]
tools/lore/tests/test_lore_cli.py::test_patch_appends_under_section_via_arg PASSED [ 44%]
tools/lore/tests/test_lore_cli.py::test_patch_leaves_sibling_byte_identical PASSED [ 44%]
tools/lore/tests/test_lore_cli.py::test_patch_reads_stdin PASSED         [ 44%]
tools/lore/tests/test_lore_cli.py::test_set_status_rejects_noncanonical PASSED [ 44%]
tools/lore/tests/test_lore_cli.py::test_set_status_accepts_canonical PASSED [ 44%]
tools/lore/tests/test_lore_cli.py::test_stats_counts_resolved_vault PASSED [ 44%]
tools/lore/tests/test_lore_skills_generic.py::test_skill_has_no_structural_brain_seams[area] PASSED [ 44%]
tools/lore/tests/test_lore_skills_generic.py::test_skill_has_no_structural_brain_seams[brainstorm] PASSED [ 44%]
tools/lore/tests/test_lore_skills_generic.py::test_skill_has_no_structural_brain_seams[check-in] PASSED [ 44%]
tools/lore/tests/test_lore_skills_generic.py::test_skill_has_no_structural_brain_seams[checkpoint] PASSED [ 44%]
tools/lore/tests/test_lore_skills_generic.py::test_skill_has_no_structural_brain_seams[dead-end] PASSED [ 44%]
tools/lore/tests/test_lore_skills_generic.py::test_skill_has_no_structural_brain_seams[decision] PASSED [ 44%]
tools/lore/tests/test_lore_skills_generic.py::test_skill_has_no_structural_brain_seams[defer] PASSED [ 44%]
tools/lore/tests/test_lore_skills_generic.py::test_skill_has_no_structural_brain_seams[finish] PASSED [ 44%]
tools/lore/tests/test_lore_skills_generic.py::test_skill_has_no_structural_brain_seams[follow-up] PASSED [ 44%]
tools/lore/tests/test_lore_skills_generic.py::test_skill_has_no_structural_brain_seams[seed] PASSED [ 45%]
tools/lore/tests/test_lore_skills_generic.py::test_skill_has_no_structural_brain_seams[sync] PASSED [ 45%]
tools/lore/tests/test_lore_skills_generic.py::test_template_has_no_structural_brain_seams[area] PASSED [ 45%]
tools/lore/tests/test_lore_skills_generic.py::test_template_has_no_structural_brain_seams[dead-end] PASSED [ 45%]
tools/lore/tests/test_lore_skills_generic.py::test_template_has_no_structural_brain_seams[decision] PASSED [ 45%]
tools/lore/tests/test_lore_skills_generic.py::test_template_has_no_structural_brain_seams[deferred] PASSED [ 45%]
tools/lore/tests/test_lore_skills_generic.py::test_template_has_no_structural_brain_seams[follow-up] PASSED [ 45%]
tools/lore/tests/test_lore_skills_generic.py::test_template_has_no_structural_brain_seams[inbox] PASSED [ 45%]
tools/lore/tests/test_lore_skills_generic.py::test_template_has_no_structural_brain_seams[lesson] PASSED [ 45%]
tools/lore/tests/test_lore_skills_generic.py::test_template_has_no_structural_brain_seams[plan] PASSED [ 45%]
tools/lore/tests/test_lore_skills_generic.py::test_template_has_no_structural_brain_seams[spec] PASSED [ 45%]
tools/lore/tests/test_lore_skills_generic.py::test_template_has_no_private_tokens[area] PASSED [ 45%]
tools/lore/tests/test_lore_skills_generic.py::test_template_has_no_private_tokens[dead-end] PASSED [ 45%]
tools/lore/tests/test_lore_skills_generic.py::test_template_has_no_private_tokens[decision] PASSED [ 45%]
tools/lore/tests/test_lore_skills_generic.py::test_template_has_no_private_tokens[deferred] PASSED [ 45%]
tools/lore/tests/test_lore_skills_generic.py::test_template_has_no_private_tokens[follow-up] PASSED [ 45%]
tools/lore/tests/test_lore_skills_generic.py::test_template_has_no_private_tokens[inbox] PASSED [ 45%]
tools/lore/tests/test_lore_skills_generic.py::test_template_has_no_private_tokens[lesson] PASSED [ 45%]
tools/lore/tests/test_lore_skills_generic.py::test_template_has_no_private_tokens[plan] PASSED [ 45%]
tools/lore/tests/test_lore_skills_generic.py::test_template_has_no_private_tokens[spec] PASSED [ 45%]
tools/lore/tests/test_lore_skills_generic.py::test_brainstorm_visible_skip_phrase_present[feature_flags_skip] PASSED [ 45%]
tools/lore/tests/test_lore_skills_generic.py::test_brainstorm_visible_skip_phrase_present[observability_skip] PASSED [ 45%]
tools/lore/tests/test_lore_skills_generic.py::test_brainstorm_visible_skip_phrase_present[issue_tracker_skip] PASSED [ 45%]
tools/lore/tests/test_lore_skills_generic.py::test_brainstorm_visible_skip_phrase_present[craft_planning_handoff] PASSED [ 45%]
tools/lore/tests/test_lore_skills_generic.py::test_brainstorm_dispatches_artist_as_design_mockup_provider PASSED [ 45%]
tools/lore/tests/test_lore_skills_generic.py::test_brainstorm_skill_has_no_private_tokens PASSED [ 45%]
tools/lore/tests/test_lore_skills_generic.py::test_intake_skill_is_not_present PASSED [ 45%]
tools/lore/tests/test_lore_skills_registrable.py::test_skill_has_registrable_frontmatter[area] PASSED [ 46%]
tools/lore/tests/test_lore_skills_registrable.py::test_skill_has_registrable_frontmatter[brainstorm] PASSED [ 46%]
tools/lore/tests/test_lore_skills_registrable.py::test_skill_has_registrable_frontmatter[check-in] PASSED [ 46%]
tools/lore/tests/test_lore_skills_registrable.py::test_skill_has_registrable_frontmatter[checkpoint] PASSED [ 46%]
tools/lore/tests/test_lore_skills_registrable.py::test_skill_has_registrable_frontmatter[dead-end] PASSED [ 46%]
tools/lore/tests/test_lore_skills_registrable.py::test_skill_has_registrable_frontmatter[decision] PASSED [ 46%]
tools/lore/tests/test_lore_skills_registrable.py::test_skill_has_registrable_frontmatter[defer] PASSED [ 46%]
tools/lore/tests/test_lore_skills_registrable.py::test_skill_has_registrable_frontmatter[finish] PASSED [ 46%]
tools/lore/tests/test_lore_skills_registrable.py::test_skill_has_registrable_frontmatter[follow-up] PASSED [ 46%]
tools/lore/tests/test_lore_skills_registrable.py::test_skill_has_registrable_frontmatter[seed] PASSED [ 46%]
tools/lore/tests/test_lore_skills_registrable.py::test_skill_has_registrable_frontmatter[sync] PASSED [ 46%]
tools/lore/tests/test_lore_skills_registrable.py::test_all_capture_and_ritual_skills_present PASSED [ 46%]
tools/lore/tests/test_migrate_radar_to_follow_ups.py::TestRealMigration::test_dir_moved_and_old_radar_gone PASSED [ 46%]
tools/lore/tests/test_migrate_radar_to_follow_ups.py::TestRealMigration::test_substructure_preserved PASSED [ 46%]
tools/lore/tests/test_migrate_radar_to_follow_ups.py::TestRealMigration::test_type_rewritten_in_frontmatter PASSED [ 46%]
tools/lore/tests/test_migrate_radar_to_follow_ups.py::TestRealMigration::test_body_prose_untouched PASSED [ 46%]
tools/lore/tests/test_migrate_radar_to_follow_ups.py::TestRealMigration::test_status_closed_outlier_fixed_to_dropped PASSED [ 46%]
tools/lore/tests/test_migrate_radar_to_follow_ups.py::TestRealMigration::test_other_statuses_untouched PASSED [ 46%]
tools/lore/tests/test_migrate_radar_to_follow_ups.py::TestRealMigration::test_index_deleted_not_moved PASSED [ 46%]
tools/lore/tests/test_migrate_radar_to_follow_ups.py::TestRealMigration::test_body_horizontal_rule_and_body_keys_untouched PASSED [ 46%]
tools/lore/tests/test_migrate_radar_to_follow_ups.py::TestRealMigration::test_manifest_written_with_all_moves PASSED [ 46%]
tools/lore/tests/test_migrate_radar_to_follow_ups.py::TestIdempotency::test_second_run_is_noop PASSED [ 46%]
tools/lore/tests/test_migrate_radar_to_follow_ups.py::TestIdempotency::test_refuses_to_clobber_existing_manifest PASSED [ 46%]
tools/lore/tests/test_migrate_radar_to_follow_ups.py::TestIdempotency::test_second_run_reports_nothing_to_migrate PASSED [ 46%]
tools/lore/tests/test_migrate_radar_to_follow_ups.py::TestDryRun::test_dry_run_touches_nothing PASSED [ 46%]
tools/lore/tests/test_migrate_radar_to_follow_ups.py::TestDryRun::test_dry_run_prints_planned_moves_and_rewrites PASSED [ 46%]
tools/lore/tests/test_migrate_radar_to_follow_ups.py::TestPathSafety::test_refuses_nonexistent_vault PASSED [ 46%]
tools/lore/tests/test_migrate_radar_to_follow_ups.py::TestPathSafety::test_refuses_path_escaping_vault_root PASSED [ 46%]
tools/lore/tests/test_p1a_frontmatter_wikilink.py::TestBlockStyleListParsing::test_block_style_single_bare_slug PASSED [ 47%]
tools/lore/tests/test_p1a_frontmatter_wikilink.py::TestBlockStyleListParsing::test_block_style_multiple_bare_slugs PASSED [ 47%]
tools/lore/tests/test_p1a_frontmatter_wikilink.py::TestBlockStyleListParsing::test_block_style_quoted_bare_slug PASSED [ 47%]
tools/lore/tests/test_p1a_frontmatter_wikilink.py::TestBlockStyleListParsing::test_block_style_double_quoted_bare_slug PASSED [ 47%]
tools/lore/tests/test_p1a_frontmatter_wikilink.py::TestWikilinkUnwrapSlugReduced::test_block_wikilink_areas_prefix_stripped PASSED [ 47%]
tools/lore/tests/test_p1a_frontmatter_wikilink.py::TestWikilinkUnwrapSlugReduced::test_block_wikilink_tools_prefix_stripped PASSED [ 47%]
tools/lore/tests/test_p1a_frontmatter_wikilink.py::TestWikilinkUnwrapSlugReduced::test_block_wikilink_plans_prefix_stripped PASSED [ 47%]
tools/lore/tests/test_p1a_frontmatter_wikilink.py::TestWikilinkUnwrapSlugReduced::test_block_wikilink_double_quoted PASSED [ 47%]
tools/lore/tests/test_p1a_frontmatter_wikilink.py::TestWikilinkUnwrapSlugReduced::test_inline_wikilink_list_areas_stripped PASSED [ 47%]
tools/lore/tests/test_p1a_frontmatter_wikilink.py::TestWikilinkUnwrapSlugReduced::test_areas_key_slug_reduced PASSED [ 47%]
tools/lore/tests/test_p1a_frontmatter_wikilink.py::TestWikilinkUnwrapSlugReduced::test_related_areas_key_slug_reduced PASSED [ 47%]
tools/lore/tests/test_p1a_frontmatter_wikilink.py::TestWikilinkUnwrapSlugReduced::test_all_three_prefixes_for_each_overlap_key PASSED [ 47%]
tools/lore/tests/test_p1a_frontmatter_wikilink.py::TestNonOverlapWikilinkFields::test_related_spec_keeps_full_path PASSED [ 47%]
tools/lore/tests/test_p1a_frontmatter_wikilink.py::TestNonOverlapWikilinkFields::test_related_plan_keeps_full_path PASSED [ 47%]
tools/lore/tests/test_p1a_frontmatter_wikilink.py::TestNonOverlapWikilinkFields::test_scalar_wikilink_unwraps_in_place PASSED [ 47%]
tools/lore/tests/test_p1a_frontmatter_wikilink.py::TestNonOverlapWikilinkFields::test_scalar_wikilink_not_slug_reduced PASSED [ 47%]
tools/lore/tests/test_p1a_frontmatter_wikilink.py::TestRegressionGuard::test_inline_bare_slug_list_unchanged PASSED [ 47%]
tools/lore/tests/test_p1a_frontmatter_wikilink.py::TestRegressionGuard::test_inline_quoted_slug_list_unchanged PASSED [ 47%]
tools/lore/tests/test_p1a_frontmatter_wikilink.py::TestRegressionGuard::test_scalar_no_wikilink_unchanged PASSED [ 47%]
tools/lore/tests/test_p1a_frontmatter_wikilink.py::TestRegressionGuard::test_scalar_quoted_no_wikilink_unchanged PASSED [ 47%]
tools/lore/tests/test_p1a_frontmatter_wikilink.py::TestRegressionGuard::test_block_bare_slug_regression PASSED [ 47%]
tools/lore/tests/test_p1c_action_guards_tool_notes.py::TestBuildActionIndex::test_empty_collaboration_returns_empty_index PASSED [ 47%]
tools/lore/tests/test_p1c_action_guards_tool_notes.py::TestBuildActionIndex::test_single_collaboration_note_single_action PASSED [ 47%]
tools/lore/tests/test_p1c_action_guards_tool_notes.py::TestBuildActionIndex::test_collaboration_note_multiple_actions PASSED [ 47%]
tools/lore/tests/test_p1c_action_guards_tool_notes.py::TestBuildActionIndex::test_dead_end_note_populates_dead_ends_bucket PASSED [ 47%]
tools/lore/tests/test_p1c_action_guards_tool_notes.py::TestBuildActionIndex::test_same_action_in_both_dirs_accumulates PASSED [ 47%]
tools/lore/tests/test_p1c_action_guards_tool_notes.py::TestBuildActionIndex::test_graduated_collaboration_note_excluded PASSED [ 47%]
tools/lore/tests/test_p1c_action_guards_tool_notes.py::TestBuildActionIndex::test_obsolete_collaboration_note_excluded PASSED [ 47%]
tools/lore/tests/test_p1c_action_guards_tool_notes.py::TestBuildActionIndex::test_note_without_actions_key_is_ignored PASSED [ 48%]
tools/lore/tests/test_p1c_action_guards_tool_notes.py::TestBuildActionIndex::test_absent_collaboration_dir_is_safe PASSED [ 48%]
tools/lore/tests/test_p1c_action_guards_tool_notes.py::TestBuildActionIndex::test_absent_dead_ends_dir_is_safe PASSED [ 48%]
tools/lore/tests/test_p1c_action_guards_tool_notes.py::TestRenderActionGuards::test_empty_vault_returns_none PASSED [ 48%]
tools/lore/tests/test_p1c_action_guards_tool_notes.py::TestRenderActionGuards::test_returns_string_when_guards_exist PASSED [ 48%]
tools/lore/tests/test_p1c_action_guards_tool_notes.py::TestRenderActionGuards::test_output_contains_action_name PASSED [ 48%]
tools/lore/tests/test_p1c_action_guards_tool_notes.py::TestRenderActionGuards::test_output_has_heading PASSED [ 48%]
tools/lore/tests/test_p1c_action_guards_tool_notes.py::TestRenderActionGuards::test_collaboration_count_mentioned PASSED [ 48%]
tools/lore/tests/test_p1c_action_guards_tool_notes.py::TestRenderActionGuards::test_dead_end_count_mentioned PASSED [ 48%]
tools/lore/tests/test_p1c_action_guards_tool_notes.py::TestRenderActionGuards::test_actions_sorted_alphabetically PASSED [ 48%]
tools/lore/tests/test_p1c_action_guards_tool_notes.py::TestListToolNotes::test_empty_tools_dir_returns_empty_list PASSED [ 48%]
tools/lore/tests/test_p1c_action_guards_tool_notes.py::TestListToolNotes::test_absent_tools_dir_returns_empty_list PASSED [ 48%]
tools/lore/tests/test_p1c_action_guards_tool_notes.py::TestListToolNotes::test_single_tool_note_returned PASSED [ 48%]
tools/lore/tests/test_p1c_action_guards_tool_notes.py::TestListToolNotes::test_multiple_tool_notes_returned PASSED [ 48%]
tools/lore/tests/test_p1c_action_guards_tool_notes.py::TestListToolNotes::test_readme_is_excluded PASSED [ 48%]
tools/lore/tests/test_p1c_action_guards_tool_notes.py::TestListToolNotes::test_fallback_to_stem_when_no_name_frontmatter PASSED [ 48%]
tools/lore/tests/test_p1c_action_guards_tool_notes.py::TestListToolNotes::test_empty_summary_when_no_summary_frontmatter PASSED [ 48%]
tools/lore/tests/test_p1c_action_guards_tool_notes.py::TestRenderToolNotes::test_empty_tools_returns_none PASSED [ 48%]
tools/lore/tests/test_p1c_action_guards_tool_notes.py::TestRenderToolNotes::test_returns_string_when_tools_exist PASSED [ 48%]
tools/lore/tests/test_p1c_action_guards_tool_notes.py::TestRenderToolNotes::test_output_contains_tool_name PASSED [ 48%]
tools/lore/tests/test_p1c_action_guards_tool_notes.py::TestRenderToolNotes::test_three_mixed_tools_single_line_names_only PASSED [ 48%]
tools/lore/tests/test_p1c_action_guards_tool_notes.py::TestRenderToolNotes::test_output_is_single_line_with_compact_prefix PASSED [ 48%]
tools/lore/tests/test_p1c_action_guards_tool_notes.py::TestRenderToolNotes::test_no_summary_text_in_output PASSED [ 48%]
tools/lore/tests/test_p1c_action_guards_tool_notes.py::TestRenderVaultIndexIntegration::test_empty_vault_has_no_action_guards_heading PASSED [ 48%]
tools/lore/tests/test_p1c_action_guards_tool_notes.py::TestRenderVaultIndexIntegration::test_empty_vault_has_no_tool_notes_heading PASSED [ 48%]
tools/lore/tests/test_p1c_action_guards_tool_notes.py::TestRenderVaultIndexIntegration::test_collaboration_notes_trigger_action_guards_block PASSED [ 48%]
tools/lore/tests/test_p1c_action_guards_tool_notes.py::TestRenderVaultIndexIntegration::test_tool_notes_trigger_tool_notes_block PASSED [ 48%]
tools/lore/tests/test_p1c_action_guards_tool_notes.py::TestRenderVaultIndexIntegration::test_both_blocks_present_when_both_populated PASSED [ 49%]
tools/lore/tests/test_p1c_action_guards_tool_notes.py::TestRenderVaultIndexIntegration::test_dead_end_actions_appear_in_output PASSED [ 49%]
tools/lore/tests/test_p1c_action_guards_tool_notes.py::TestRenderVaultIndexIntegration::test_block_style_actions_parsed_correctly PASSED [ 49%]
tools/lore/tests/test_p1d_skeleton_sweep.py::TestIsSkeletonBody::test_skeleton_note_returns_true PASSED [ 49%]
tools/lore/tests/test_p1d_skeleton_sweep.py::TestIsSkeletonBody::test_real_content_note_returns_false PASSED [ 49%]
tools/lore/tests/test_p1d_skeleton_sweep.py::TestIsSkeletonBody::test_no_frontmatter_returns_false PASSED [ 49%]
tools/lore/tests/test_p1d_skeleton_sweep.py::TestIsSkeletonBody::test_nonexistent_file_returns_false PASSED [ 49%]
tools/lore/tests/test_p1d_skeleton_sweep.py::TestIsSkeletonBody::test_note_with_only_heading_and_blank_lines_is_skeleton PASSED [ 49%]
tools/lore/tests/test_p1d_skeleton_sweep.py::TestIsSkeletonBody::test_note_with_started_line_is_skeleton PASSED [ 49%]
tools/lore/tests/test_p1d_skeleton_sweep.py::TestIsSkeletonBody::test_any_extra_line_is_real_content PASSED [ 49%]
tools/lore/tests/test_p1d_skeleton_sweep.py::TestIsSkeletonBody::test_multiline_html_comment_is_real_content PASSED [ 49%]
tools/lore/tests/test_p1d_skeleton_sweep.py::TestFinalizeSkeletonDeleted::test_skeleton_note_is_deleted_on_worktree_remove PASSED [ 49%]
tools/lore/tests/test_p1d_skeleton_sweep.py::TestFinalizeSkeletonDeleted::test_skeleton_note_not_finalized PASSED [ 49%]
tools/lore/tests/test_p1d_skeleton_sweep.py::TestFinalizeRealContent::test_real_note_gets_status_complete PASSED [ 49%]
tools/lore/tests/test_p1d_skeleton_sweep.py::TestFinalizeRealContent::test_real_note_gets_ended_timestamp PASSED [ 49%]
tools/lore/tests/test_p1d_skeleton_sweep.py::TestFinalizeIdempotencyGuard::test_already_complete_not_restamped PASSED [ 49%]
tools/lore/tests/test_p1d_skeleton_sweep.py::TestFinalizeIdempotencyGuard::test_already_shelved_not_restamped PASSED [ 49%]
tools/lore/tests/test_p1d_skeleton_sweep.py::TestFinalizeIdempotencyGuard::test_already_finalized_not_restamped PASSED [ 49%]
tools/lore/tests/test_p1d_skeleton_sweep.py::TestFinalizeIdempotencyGuard::test_already_handoff_not_restamped PASSED [ 49%]
tools/lore/tests/test_p1d_skeleton_sweep.py::TestSweepOrphanSkeletons::test_old_skeleton_in_other_worktree_is_swept PASSED [ 49%]
tools/lore/tests/test_p1d_skeleton_sweep.py::TestSweepOrphanSkeletons::test_recent_skeleton_in_other_worktree_is_kept PASSED [ 49%]
tools/lore/tests/test_p1d_skeleton_sweep.py::TestSweepOrphanSkeletons::test_current_worktree_notes_never_swept PASSED [ 49%]
tools/lore/tests/test_p1d_skeleton_sweep.py::TestSweepOrphanSkeletons::test_real_content_note_not_swept_even_if_old PASSED [ 49%]
tools/lore/tests/test_p1d_skeleton_sweep.py::TestSweepOrphanSkeletons::test_sessions_dir_missing_does_not_raise PASSED [ 49%]
tools/lore/tests/test_p1d_skeleton_sweep.py::TestSweepOrphanSkeletons::test_sweep_called_from_finalize_hook PASSED [ 49%]
tools/lore/tests/test_p1d_skeleton_sweep.py::TestTrackedSkeletonDeletionCommitted::test_tracked_skeleton_deletion_leaves_clean_tree PASSED [ 49%]
tools/lore/tests/test_p1d_skeleton_sweep.py::TestTrackedSkeletonDeletionCommitted::test_all_skeleton_case_commits_deletion PASSED [ 49%]
tools/lore/tests/test_p1d_skeleton_sweep.py::TestTrackedSkeletonDeletionCommitted::test_tracked_orphan_skeleton_sweep_leaves_clean_tree PASSED [ 49%]
tools/lore/tests/test_p1e_regenerate_indices.py::TestBasicGeneration::test_deferred_index_created PASSED [ 50%]
tools/lore/tests/test_p1e_regenerate_indices.py::TestBasicGeneration::test_follow_up_index_created PASSED [ 50%]
tools/lore/tests/test_p1e_regenerate_indices.py::TestBasicGeneration::test_lessons_index_created PASSED [ 50%]
tools/lore/tests/test_p1e_regenerate_indices.py::TestBasicGeneration::test_plans_index_created PASSED [ 50%]
tools/lore/tests/test_p1e_regenerate_indices.py::TestBasicGeneration::test_specs_index_created PASSED [ 50%]
tools/lore/tests/test_p1e_regenerate_indices.py::TestBasicGeneration::test_designs_index_created PASSED [ 50%]
tools/lore/tests/test_p1e_regenerate_indices.py::TestBasicGeneration::test_missing_folder_skipped_gracefully PASSED [ 50%]
tools/lore/tests/test_p1e_regenerate_indices.py::TestBasicGeneration::test_vault_not_found_returns_nonzero PASSED [ 50%]
tools/lore/tests/test_p1e_regenerate_indices.py::TestDeferredOrdering::test_high_value_before_low_value PASSED [ 50%]
tools/lore/tests/test_p1e_regenerate_indices.py::TestDeferredOrdering::test_open_section_present PASSED [ 50%]
tools/lore/tests/test_p1e_regenerate_indices.py::TestDeferredOrdering::test_closed_items_in_closed_section PASSED [ 50%]
tools/lore/tests/test_p1e_regenerate_indices.py::TestDeferredOrdering::test_total_count_in_header PASSED [ 50%]
tools/lore/tests/test_p1e_regenerate_indices.py::TestStatusGrouping::test_in_progress_bucket_present PASSED [ 50%]
tools/lore/tests/test_p1e_regenerate_indices.py::TestStatusGrouping::test_completed_bucket_present PASSED [ 50%]
tools/lore/tests/test_p1e_regenerate_indices.py::TestStatusGrouping::test_uncategorized_bucket_for_unknown_status PASSED [ 50%]
tools/lore/tests/test_p1e_regenerate_indices.py::TestStatusGrouping::test_item_link_appears_in_index PASSED [ 50%]
tools/lore/tests/test_p1e_regenerate_indices.py::TestIdempotency::test_deferred_idempotent PASSED [ 50%]
tools/lore/tests/test_p1e_regenerate_indices.py::TestIdempotency::test_plans_idempotent PASSED [ 50%]
tools/lore/tests/test_p1e_regenerate_indices.py::TestIdempotency::test_follow_up_idempotent PASSED [ 50%]
tools/lore/tests/test_p1e_regenerate_indices.py::TestIdempotency::test_lessons_idempotent PASSED [ 50%]
tools/lore/tests/test_p1e_regenerate_indices.py::TestGracefulDegradation::test_deferred_missing_value_and_effort_still_indexed PASSED [ 50%]
tools/lore/tests/test_p1e_regenerate_indices.py::TestGracefulDegradation::test_plan_missing_status_lands_in_uncategorized PASSED [ 50%]
tools/lore/tests/test_p1e_regenerate_indices.py::TestGracefulDegradation::test_note_missing_date_fields_still_indexed PASSED [ 50%]
tools/lore/tests/test_p1e_regenerate_indices.py::TestGracefulDegradation::test_lesson_missing_subsystems_still_indexed PASSED [ 50%]
tools/lore/tests/test_p1e_regenerate_indices.py::TestGracefulDegradation::test_empty_folder_produces_empty_index PASSED [ 50%]
tools/lore/tests/test_p1e_regenerate_indices.py::TestGracefulDegradation::test_all_folders_populated_no_crash PASSED [ 50%]
tools/lore/tests/test_p1e_regenerate_indices.py::TestBucketedScan::test_plans_index_lists_notes_across_two_buckets PASSED [ 50%]
tools/lore/tests/test_p1e_regenerate_indices.py::TestBucketedScan::test_bucketed_link_is_resolvable_not_broken_form PASSED [ 50%]
tools/lore/tests/test_p1e_regenerate_indices.py::TestBucketedScan::test_specs_index_across_two_buckets PASSED [ 51%]
tools/lore/tests/test_p1e_regenerate_indices.py::TestBucketedScan::test_underscore_files_and_dirs_skipped_in_buckets PASSED [ 51%]
tools/lore/tests/test_p1e_regenerate_indices.py::TestBucketedScan::test_flat_and_bucketed_both_listed_transition_safe PASSED [ 51%]
tools/lore/tests/test_p1e_regenerate_indices.py::TestBucketedScan::test_deferred_index_recurses_into_buckets PASSED [ 51%]
tools/lore/tests/test_p1e_regenerate_indices.py::TestBucketedScan::test_follow_up_index_recurses_into_buckets PASSED [ 51%]
tools/lore/tests/test_p1e_regenerate_indices.py::TestBucketedScan::test_lessons_index_recurses_into_buckets PASSED [ 51%]
tools/lore/tests/test_p1e_regenerate_indices.py::TestBucketedScan::test_living_index_does_not_descend_two_levels PASSED [ 51%]
tools/lore/tests/test_p1e_regenerate_indices.py::TestPreCommitHookStagesIndices::test_index_included_in_commit_tree PASSED [ 51%]
tools/lore/tests/test_p1e_regenerate_indices.py::TestPreCommitHookStagesIndices::test_vault_clean_after_commit PASSED [ 51%]
tools/lore/tests/test_p1e_regenerate_indices.py::TestPreCommitHookStagesIndices::test_regen_idempotent_in_hook_context PASSED [ 51%]
tools/lore/tests/test_p1e_regenerate_indices.py::TestPreCommitHookStagesIndices::test_hook_idempotent_on_reinvocation PASSED [ 51%]
tools/lore/tests/test_p2_recursive_enumeration.py::TestFindSessionNote::test_finds_flat PASSED [ 51%]
tools/lore/tests/test_p2_recursive_enumeration.py::TestFindSessionNote::test_finds_bucketed PASSED [ 51%]
tools/lore/tests/test_p2_recursive_enumeration.py::TestFindSessionNote::test_newest_across_buckets_by_stem PASSED [ 51%]
tools/lore/tests/test_p2_recursive_enumeration.py::TestFindSessionNote::test_newest_flat_beats_older_bucket PASSED [ 51%]
tools/lore/tests/test_p2_recursive_enumeration.py::TestAllSessionNotes::test_finds_flat_and_bucketed PASSED [ 51%]
tools/lore/tests/test_p2_recursive_enumeration.py::TestAllSessionNotes::test_newest_first_across_buckets PASSED [ 51%]
tools/lore/tests/test_p2_recursive_enumeration.py::TestAllSessionNotes::test_other_worktree_excluded PASSED [ 51%]
tools/lore/tests/test_p2_recursive_enumeration.py::TestSessionNotePath::test_finds_bucketed PASSED [ 51%]
tools/lore/tests/test_p2_recursive_enumeration.py::TestSessionNotePath::test_newest_across_buckets PASSED [ 51%]
tools/lore/tests/test_p2_recursive_enumeration.py::TestSweepOrphanSkeletons::test_sweeps_bucketed_skeleton PASSED [ 51%]
tools/lore/tests/test_p2_recursive_enumeration.py::TestSweepOrphanSkeletons::test_excludes_passed_bucketed_note PASSED [ 51%]
tools/lore/tests/test_p2_recursive_enumeration.py::TestFindShelvedNotes::test_finds_bucketed_shelved PASSED [ 51%]
tools/lore/tests/test_p2_recursive_enumeration.py::TestFindShelvedNotes::test_finds_flat_and_bucketed_shelved PASSED [ 51%]
tools/lore/tests/test_p2_recursive_enumeration.py::TestGetVaultStats::test_counts_flat_and_bucketed_sessions PASSED [ 51%]
tools/lore/tests/test_p2_recursive_enumeration.py::TestGetVaultStats::test_deferred_count_recurses PASSED [ 51%]
tools/lore/tests/test_p2_recursive_enumeration.py::TestGetVaultStats::test_dead_ends_count_recurses PASSED [ 51%]
tools/lore/tests/test_p2_recursive_enumeration.py::TestGetVaultStats::test_lessons_count_recurses PASSED [ 52%]
tools/lore/tests/test_p2_recursive_enumeration.py::TestGetVaultStats::test_areas_count_stays_flat PASSED [ 52%]
tools/lore/tests/test_p2_recursive_enumeration.py::TestGetVaultStats::test_build_action_index_dead_ends_recurses PASSED [ 52%]
tools/lore/tests/test_p2_recursive_enumeration.py::TestAreaMapStaysFlat::test_areas_stay_flat PASSED [ 52%]
tools/lore/tests/test_p2_recursive_enumeration.py::TestIteratorScoping::test_skips_underscore_file PASSED [ 52%]
tools/lore/tests/test_p2_recursive_enumeration.py::TestIteratorScoping::test_skips_underscore_dir PASSED [ 52%]
tools/lore/tests/test_p2_recursive_enumeration.py::TestIteratorScoping::test_does_not_descend_two_levels PASSED [ 52%]
tools/lore/tests/test_p3_create_bucket.py::TestBucketDir::test_appends_year_month PASSED [ 52%]
tools/lore/tests/test_p3_create_bucket.py::TestBucketDir::test_accepts_bare_date PASSED [ 52%]
tools/lore/tests/test_p3_create_bucket.py::TestEnsureSessionNoteCreation::test_creates_in_month_bucket PASSED [ 52%]
tools/lore/tests/test_p3_create_bucket.py::TestEnsureSessionNoteCreation::test_month_dir_auto_created PASSED [ 52%]
tools/lore/tests/test_p3_create_bucket.py::TestEnsureSessionNoteCreation::test_reuse_within_window_no_duplicate PASSED [ 52%]
tools/lore/tests/test_p3_create_bucket.py::TestMonthRollover::test_end_of_month_lands_in_june PASSED [ 52%]
tools/lore/tests/test_p3_create_bucket.py::TestMonthRollover::test_start_of_next_month_lands_in_july PASSED [ 52%]
tools/lore/tests/test_p3_create_bucket.py::TestBucketDirRaceSafe::test_double_create_does_not_crash PASSED [ 52%]
tools/lore/tests/test_p3_create_bucket.py::TestNewPlanSpecBucket::test_plan_writes_into_month_bucket PASSED [ 52%]
tools/lore/tests/test_p3_create_bucket.py::TestNewPlanSpecBucket::test_spec_writes_into_month_bucket PASSED [ 52%]
tools/lore/tests/test_p3_create_bucket.py::TestNewPlanSpecBucket::test_unique_path_dedupes_inside_bucket PASSED [ 52%]
tools/lore/tests/test_p3_create_bucket.py::TestNewPlanSpecBucket::test_area_stays_flat PASSED [ 52%]
tools/lore/tests/test_p3_create_bucket.py::TestNewLivingFolderBucket::test_writes_into_month_bucket[deferred-deferred] PASSED [ 52%]
tools/lore/tests/test_p3_create_bucket.py::TestNewLivingFolderBucket::test_writes_into_month_bucket[decision-decisions] PASSED [ 52%]
tools/lore/tests/test_p3_create_bucket.py::TestNewLivingFolderBucket::test_writes_into_month_bucket[follow-up-follow-ups] PASSED [ 52%]
tools/lore/tests/test_p3_create_bucket.py::TestNewLivingFolderBucket::test_writes_into_month_bucket[dead-end-dead-ends] PASSED [ 52%]
tools/lore/tests/test_p3_create_bucket.py::TestNewLivingFolderBucket::test_unique_path_dedupes_inside_bucket[deferred-deferred] PASSED [ 52%]
tools/lore/tests/test_p3_create_bucket.py::TestNewLivingFolderBucket::test_unique_path_dedupes_inside_bucket[decision-decisions] PASSED [ 52%]
tools/lore/tests/test_p3_create_bucket.py::TestNewLivingFolderBucket::test_unique_path_dedupes_inside_bucket[follow-up-follow-ups] PASSED [ 52%]
tools/lore/tests/test_p3_create_bucket.py::TestNewLivingFolderBucket::test_unique_path_dedupes_inside_bucket[dead-end-dead-ends] PASSED [ 52%]
tools/lore/tests/test_p3_create_bucket.py::TestNewLivingFolderBucket::test_month_dir_auto_created PASSED [ 52%]
tools/lore/tests/test_p3_create_bucket.py::TestNewLivingFolderBucket::test_session_backlink_uses_bucketed_path PASSED [ 53%]
tools/lore/tests/test_p3b2_4_shelved_resume_cli.py::TestLoreShelvedList::test_lists_shelved_note PASSED [ 53%]
tools/lore/tests/test_p3b2_4_shelved_resume_cli.py::TestLoreShelvedList::test_lists_handoff_note PASSED [ 53%]
tools/lore/tests/test_p3b2_4_shelved_resume_cli.py::TestLoreShelvedList::test_excludes_active_and_complete PASSED [ 53%]
tools/lore/tests/test_p3b2_4_shelved_resume_cli.py::TestLoreShelvedList::test_most_recent_first PASSED [ 53%]
tools/lore/tests/test_p3b2_4_shelved_resume_cli.py::TestLoreShelvedList::test_slug_filter_narrows PASSED [ 53%]
tools/lore/tests/test_p3b2_4_shelved_resume_cli.py::TestLoreShelvedList::test_prints_timestamp PASSED [ 53%]
tools/lore/tests/test_p3b2_4_shelved_resume_cli.py::TestLoreShelvedList::test_prints_context_fragment_from_pickup_hints PASSED [ 53%]
tools/lore/tests/test_p3b2_4_shelved_resume_cli.py::TestLoreShelvedList::test_empty_vault_clear_message PASSED [ 53%]
tools/lore/tests/test_p3b2_4_shelved_resume_cli.py::TestLoreResume::test_resume_by_path_flips_to_active PASSED [ 53%]
tools/lore/tests/test_p3b2_4_shelved_resume_cli.py::TestLoreResume::test_resume_prints_confirmation PASSED [ 53%]
tools/lore/tests/test_p3b2_4_shelved_resume_cli.py::TestLoreResume::test_resume_handoff_note PASSED [ 53%]
tools/lore/tests/test_p3b2_4_shelved_resume_cli.py::TestLoreResume::test_resume_by_slug_flips_to_active PASSED [ 53%]
tools/lore/tests/test_p3b2_4_shelved_resume_cli.py::TestLoreResume::test_resume_already_active_clear_message_no_false_success PASSED [ 53%]
tools/lore/tests/test_p3b2_4_shelved_resume_cli.py::TestLoreResume::test_resume_complete_note_no_op_message PASSED [ 53%]
tools/lore/tests/test_p3b2_4_shelved_resume_cli.py::TestLoreResume::test_resume_missing_note_errors_nonzero PASSED [ 53%]
tools/lore/tests/test_p3b2_session_primitives.py::TestFinalizeNoteStatusParam::test_default_sets_complete PASSED [ 53%]
tools/lore/tests/test_p3b2_session_primitives.py::TestFinalizeNoteStatusParam::test_status_shelved_sets_shelved PASSED [ 53%]
tools/lore/tests/test_p3b2_session_primitives.py::TestFinalizeNoteStatusParam::test_shelved_stamps_ended PASSED [ 53%]
tools/lore/tests/test_p3b2_session_primitives.py::TestFinalizeNoteStatusParam::test_status_handoff_sets_handoff PASSED [ 53%]
tools/lore/tests/test_p3b2_session_primitives.py::TestFinalizeNoteNoStatusKey::test_append_fallback_with_default_complete PASSED [ 53%]
tools/lore/tests/test_p3b2_session_primitives.py::TestFinalizeNoteNoStatusKey::test_append_fallback_with_shelved PASSED [ 53%]
tools/lore/tests/test_p3b2_session_primitives.py::TestFinalizeNoteIdempotency::test_returns_false_when_already_complete PASSED [ 53%]
tools/lore/tests/test_p3b2_session_primitives.py::TestFinalizeNoteIdempotency::test_returns_false_when_already_shelved PASSED [ 53%]
tools/lore/tests/test_p3b2_session_primitives.py::TestFinalizeNoteIdempotency::test_returns_false_when_already_finalized PASSED [ 53%]
tools/lore/tests/test_p3b2_session_primitives.py::TestFinalizeNoteStatusValidator::test_shelved_is_valid_session_status PASSED [ 53%]
tools/lore/tests/test_p3b2_session_primitives.py::TestFindShelvedNotes::test_finds_shelved_notes PASSED [ 53%]
tools/lore/tests/test_p3b2_session_primitives.py::TestFindShelvedNotes::test_finds_handoff_notes PASSED [ 53%]
tools/lore/tests/test_p3b2_session_primitives.py::TestFindShelvedNotes::test_excludes_active_notes PASSED [ 54%]
tools/lore/tests/test_p3b2_session_primitives.py::TestFindShelvedNotes::test_excludes_complete_notes PASSED [ 54%]
tools/lore/tests/test_p3b2_session_primitives.py::TestFindShelvedNotes::test_empty_when_none_shelved PASSED [ 54%]
tools/lore/tests/test_p3b2_session_primitives.py::TestFindShelvedNotes::test_empty_when_sessions_dir_missing PASSED [ 54%]
tools/lore/tests/test_p3b2_session_primitives.py::TestFindShelvedNotes::test_sorted_most_recent_first_by_ended PASSED [ 54%]
tools/lore/tests/test_p3b2_session_primitives.py::TestFindShelvedNotes::test_missing_ended_sorts_gracefully_no_crash PASSED [ 54%]
tools/lore/tests/test_p3b2_session_primitives.py::TestFindShelvedNotes::test_falls_back_to_started_when_no_ended PASSED [ 54%]
tools/lore/tests/test_p3b2_session_primitives.py::TestFindShelvedNotes::test_slug_filter_narrows_results PASSED [ 54%]
tools/lore/tests/test_p3b2_session_primitives.py::TestFindShelvedNotes::test_slug_filter_duplicate_slugs_predictable_order PASSED [ 54%]
tools/lore/tests/test_p3b2_session_primitives.py::TestFindShelvedNotes::test_slug_filter_no_match_returns_empty PASSED [ 54%]
tools/lore/tests/test_p3b2_session_primitives.py::TestResumeNote::test_flips_shelved_to_active PASSED [ 54%]
tools/lore/tests/test_p3b2_session_primitives.py::TestResumeNote::test_flips_handoff_to_active PASSED [ 54%]
tools/lore/tests/test_p3b2_session_primitives.py::TestResumeNote::test_returns_false_for_active_note PASSED [ 54%]
tools/lore/tests/test_p3b2_session_primitives.py::TestResumeNote::test_returns_false_for_complete_note PASSED [ 54%]
tools/lore/tests/test_p3b2_session_primitives.py::TestResumeNote::test_resumed_note_passes_status_validator PASSED [ 54%]
tools/lore/tests/test_p3b2_session_primitives.py::TestLoreHandoffSetsStatusShelved::test_sets_status_shelved PASSED [ 54%]
tools/lore/tests/test_p3b2_session_primitives.py::TestLoreHandoffSetsStatusShelved::test_stamps_ended PASSED [ 54%]
tools/lore/tests/test_p3b2_session_primitives.py::TestLoreHandoffSetsStatusShelved::test_commits_vault PASSED [ 54%]
tools/lore/tests/test_p3b2_session_primitives.py::TestLoreHandoffSetsStatusShelved::test_shelved_note_passes_status_validator PASSED [ 54%]
tools/lore/tests/test_p3b2_session_primitives.py::TestLoreHandoffSetsStatusShelved::test_no_active_note_exits_zero_with_notice PASSED [ 54%]
tools/lore/tests/test_p3b2_session_primitives.py::TestLoreHandoffIdempotency::test_already_shelved_exits_zero PASSED [ 54%]
tools/lore/tests/test_p3b2_session_primitives.py::TestLoreHandoffIdempotency::test_already_shelved_prints_notice PASSED [ 54%]
tools/lore/tests/test_p3b2_session_primitives.py::TestLoreHandoffIdempotency::test_already_shelved_does_not_re_stamp_ended PASSED [ 54%]
tools/lore/tests/test_p3b2_session_primitives.py::TestLoreHandoffIdempotency::test_already_shelved_does_not_make_extra_commit PASSED [ 54%]
tools/lore/tests/test_p3b2_session_primitives.py::TestLoreFinishOnShelvedNote::test_returns_zero PASSED [ 54%]
tools/lore/tests/test_p3b2_session_primitives.py::TestLoreFinishOnShelvedNote::test_prints_already_notice PASSED [ 54%]
tools/lore/tests/test_p3b2_session_primitives.py::TestLoreFinishOnShelvedNote::test_does_not_print_finalized PASSED [ 54%]
tools/lore/tests/test_p3b2_session_primitives.py::TestLoreHandoffPickupHintsFile::test_writes_pickup_hints_section_and_shelves PASSED [ 55%]
tools/lore/tests/test_p3b2_session_primitives.py::TestLoreHandoffPickupHintsFile::test_hints_written_before_shelving PASSED [ 55%]
tools/lore/tests/test_p3b2_session_primitives.py::TestLoreHandoffPickupHintsFile::test_plain_handoff_still_shelves_without_hints PASSED [ 55%]
tools/lore/tests/test_p3b2_session_primitives.py::TestLoreHandoffPickupHintsFile::test_already_shelved_with_hints_file_is_idempotent_noop PASSED [ 55%]
tools/lore/tests/test_p3b2b_bin_wrapper.py::test_bin_lore_exists PASSED  [ 55%]
tools/lore/tests/test_p3b2b_bin_wrapper.py::test_bin_lore_is_executable PASSED [ 55%]
tools/lore/tests/test_p3b2b_bin_wrapper.py::test_bin_help_exit_code_matches_cli PASSED [ 55%]
tools/lore/tests/test_p3b2b_bin_wrapper.py::test_bin_help_stdout_matches_cli PASSED [ 55%]
tools/lore/tests/test_p3b2b_bin_wrapper.py::test_bin_stats_exit_code_matches_cli PASSED [ 55%]
tools/lore/tests/test_p3b2b_bin_wrapper.py::test_bin_stats_stdout_matches_cli PASSED [ 55%]
tools/lore/tests/test_p3b2b_bin_wrapper.py::test_bin_invalid_subcommand_forwards_nonzero PASSED [ 55%]
tools/lore/tests/test_p3b2b_bin_wrapper.py::test_bin_invalid_subcommand_exit_code_matches_cli PASSED [ 55%]
tools/lore/tests/test_p3b2b_bin_wrapper.py::test_bin_help_from_tmp_cwd PASSED [ 55%]
tools/lore/tests/test_p3b2b_bin_wrapper.py::test_bin_stats_from_tmp_cwd PASSED [ 55%]
tools/lore/tests/test_p3b2b_bin_wrapper.py::test_bin_wrapper_no_hardcoded_absolute_paths PASSED [ 55%]
tools/lore/tests/test_promote_cli.py::TestPromoteRefusesNonTTY::test_piped_stdin_refused_before_mint PASSED [ 55%]
tools/lore/tests/test_promote_cli.py::TestPromoteRefusesNonTTY::test_non_tty_refusal_includes_exact_command PASSED [ 55%]
tools/lore/tests/test_promote_cli.py::TestPromoteRefusesYesFlag::test_yes_flag_refused PASSED [ 55%]
tools/lore/tests/test_promote_cli.py::TestPromoteNoSharedVaultDeclared::test_no_shared_vault_prints_actionable_error PASSED [ 55%]
tools/lore/tests/test_promote_cli.py::TestPromoteNoSharedVaultDeclared::test_no_group_at_all_prints_actionable_error PASSED [ 55%]
tools/lore/tests/test_promote_cli.py::TestPromoteHappyPath::test_preview_shows_source_dest_and_warning PASSED [ 55%]
tools/lore/tests/test_promote_cli.py::TestPromoteHappyPath::test_confirm_y_copies_note_to_shared_root PASSED [ 55%]
tools/lore/tests/test_promote_cli.py::TestPromoteHappyPath::test_confirm_n_writes_nothing PASSED [ 55%]
tools/lore/tests/test_promote_cli.py::TestPromoteHappyPath::test_confirm_eof_writes_nothing PASSED [ 55%]
tools/lore/tests/test_promote_cli.py::TestPromoteHappyPath::test_promoted_success_line_format PASSED [ 55%]
tools/lore/tests/test_promote_cli.py::TestPromoteMultipleSharedLayers::test_multiple_shared_no_to_prints_specify_error PASSED [ 55%]
tools/lore/tests/test_promote_cli.py::TestPromoteMultipleSharedLayers::test_multiple_shared_with_to_works PASSED [ 55%]
tools/lore/tests/test_promote_cli.py::TestPromoteUnknownToLayer::test_to_unknown_layer_named_error PASSED [ 55%]
tools/lore/tests/test_promote_cli.py::TestPromoteNonexistentNote::test_nonexistent_note_named_error PASSED [ 56%]
tools/lore/tests/test_promote_cli.py::TestPromoteOverlapBlocks::test_two_groups_claiming_cwd_blocks_promote PASSED [ 56%]
tools/lore/tests/test_promote_cli.py::TestPromoteSpaceQuoteInPath::test_note_with_space_in_name_copies_correctly PASSED [ 56%]
tools/lore/tests/test_promote_cli.py::TestPromoteSpaceQuoteInPath::test_note_with_quote_in_name_copies_correctly PASSED [ 56%]
tools/lore/tests/test_recall_core.py::TestBuildAreaMap::test_reads_name_keywords_one_liner PASSED [ 56%]
tools/lore/tests/test_recall_core.py::TestBuildAreaMap::test_keyword_less_area_still_in_menu PASSED [ 56%]
tools/lore/tests/test_recall_core.py::TestBuildAreaMap::test_alpha_order_deterministic PASSED [ 56%]
tools/lore/tests/test_recall_core.py::TestBuildAreaMap::test_malformed_file_silently_skipped PASSED [ 56%]
tools/lore/tests/test_recall_core.py::TestBuildAreaMap::test_malformed_file_does_not_raise PASSED [ 56%]
tools/lore/tests/test_recall_core.py::TestBuildAreaMap::test_one_liner_capped_at_120_chars PASSED [ 56%]
tools/lore/tests/test_recall_core.py::TestBuildAreaMap::test_keywords_capped PASSED [ 56%]
tools/lore/tests/test_recall_core.py::TestBuildAreaMap::test_summary_field_preferred_over_overview PASSED [ 56%]
tools/lore/tests/test_recall_core.py::TestBuildAreaMap::test_overview_sentence_used_as_fallback PASSED [ 56%]
tools/lore/tests/test_recall_core.py::TestBuildAreaMap::test_html_comment_overview_skipped PASSED [ 56%]
tools/lore/tests/test_recall_core.py::TestBuildAreaMap::test_area_no_summary_no_usable_overview_appears_empty_one_liner PASSED [ 56%]
tools/lore/tests/test_recall_core.py::TestBuildAreaMap::test_empty_areas_dir_returns_empty_list PASSED [ 56%]
tools/lore/tests/test_recall_core.py::TestBuildAreaMap::test_missing_areas_dir_returns_empty_list PASSED [ 56%]
tools/lore/tests/test_recall_retired.py::TestRecallCommandRetired::test_bare_recall_is_unknown_command_nonzero PASSED [ 56%]
tools/lore/tests/test_recall_retired.py::TestRecallCommandRetired::test_recall_emits_did_you_mean_search_hint PASSED [ 56%]
tools/lore/tests/test_recall_retired.py::TestRecallCommandRetired::test_recall_with_areas_flag_still_redirects PASSED [ 56%]
tools/lore/tests/test_recall_retired.py::TestNoRecallReferencesInExecutables::test_no_lore_recall_in_hooks_or_cli PASSED [ 56%]
tools/lore/tests/test_recall_retired.py::TestSessionStartCallSite::test_area_pointer_references_search_not_recall PASSED [ 56%]
tools/lore/tests/test_recall_retired.py::TestSessionStartCallSite::test_session_start_hook_runs_and_emits_search_pointer PASSED [ 56%]
tools/lore/tests/test_recall_retired.py::TestRecallModuleGutted::test_command_path_symbols_removed PASSED [ 56%]
tools/lore/tests/test_recall_retired.py::TestRecallModuleGutted::test_area_map_path_kept PASSED [ 56%]
tools/lore/tests/test_recall_wiring.py::TestBrainstormSearchWiring::test_brainstorm_references_lore_search_area PASSED [ 56%]
tools/lore/tests/test_recall_wiring.py::TestBrainstormSearchWiring::test_brainstorm_no_lore_recall PASSED [ 56%]
tools/lore/tests/test_recall_wiring.py::TestBrainstormSearchWiring::test_brainstorm_search_instruction_is_imperative PASSED [ 56%]
tools/lore/tests/test_recall_wiring.py::TestBrainstormSearchWiring::test_brainstorm_preserves_injection_defense_note PASSED [ 57%]
tools/lore/tests/test_recall_wiring.py::TestAreaSkillSearchLanguage::test_area_skill_no_lore_recall PASSED [ 57%]
tools/lore/tests/test_recall_wiring.py::TestAreaSkillSearchLanguage::test_area_skill_describes_lore_search PASSED [ 57%]
tools/lore/tests/test_recall_wiring.py::TestAreaSkillSearchLanguage::test_area_skill_description_mentions_area_map PASSED [ 57%]
tools/lore/tests/test_recall_wiring.py::TestLoreLibrarianSearchPrimitive::test_lore_librarian_references_lore_search PASSED [ 57%]
tools/lore/tests/test_recall_wiring.py::TestLoreLibrarianSearchPrimitive::test_lore_librarian_no_lore_recall PASSED [ 57%]
tools/lore/tests/test_recall_wiring.py::TestLoreLibrarianSearchPrimitive::test_lore_librarian_uses_json_flag PASSED [ 57%]
tools/lore/tests/test_recall_wiring.py::TestCraftPlannerSearchReference::test_craft_planner_references_lore_search PASSED [ 57%]
tools/lore/tests/test_recall_wiring.py::TestCraftPlannerSearchReference::test_craft_planner_no_lore_recall PASSED [ 57%]
tools/lore/tests/test_record_cli_create.py::test_create_with_piped_body_returns_id_on_stdout PASSED [ 57%]
tools/lore/tests/test_record_cli_create.py::test_create_with_piped_body_body_and_sidecar_consistent PASSED [ 57%]
tools/lore/tests/test_record_cli_create.py::test_create_with_piped_body_index_row_present PASSED [ 57%]
tools/lore/tests/test_record_cli_create.py::test_create_no_stdin_empty_body PASSED [ 57%]
tools/lore/tests/test_record_cli_create.py::test_create_no_stdin_sidecar_has_auto_fields_only PASSED [ 57%]
tools/lore/tests/test_record_cli_create.py::test_create_missing_kind_exits_nonzero PASSED [ 57%]
tools/lore/tests/test_record_cli_create.py::test_create_leading_triple_dash_body_stored_verbatim PASSED [ 57%]
tools/lore/tests/test_record_cli_create.py::test_set_empty_string_scalar_equiv_unset PASSED [ 57%]
tools/lore/tests/test_record_cli_create.py::test_unset_list_item_removes_single_value PASSED [ 57%]
tools/lore/tests/test_record_cli_create.py::test_set_empty_list_field_is_hard_error PASSED [ 57%]
tools/lore/tests/test_record_cli_create.py::test_unset_list_field_no_value_clears_whole_list PASSED [ 57%]
tools/lore/tests/test_record_cli_create.py::test_unset_required_list_field_fails_validation PASSED [ 57%]
tools/lore/tests/test_record_cli_create.py::test_set_provenance_field_is_hard_error PASSED [ 57%]
tools/lore/tests/test_record_cli_create.py::test_unset_provenance_field_is_hard_error PASSED [ 57%]
tools/lore/tests/test_record_cli_create.py::test_routing_team_flag_vs_set_team_metadata PASSED [ 57%]
tools/lore/tests/test_record_cli_create.py::test_unknown_subcommand_hints_did_you_mean PASSED [ 57%]
tools/lore/tests/test_record_cli_create.py::test_search_is_a_registered_command PASSED [ 57%]
tools/lore/tests/test_record_cli_create.py::test_valid_command_bad_arg_does_not_emit_unknown_command_hint PASSED [ 57%]
tools/lore/tests/test_record_cli_create.py::test_unset_scalar_field_with_value_is_hard_error PASSED [ 58%]
tools/lore/tests/test_record_cli_delete_blob.py::test_delete_removes_body PASSED [ 58%]
tools/lore/tests/test_record_cli_delete_blob.py::test_delete_removes_sidecar PASSED [ 58%]
tools/lore/tests/test_record_cli_delete_blob.py::test_delete_removes_index_row PASSED [ 58%]
tools/lore/tests/test_record_cli_delete_blob.py::test_delete_nonexistent_id_exits_nonzero PASSED [ 58%]
tools/lore/tests/test_record_cli_delete_blob.py::test_delete_invalid_id_format_exits_nonzero PASSED [ 58%]
tools/lore/tests/test_record_cli_delete_blob.py::test_blob_writes_under_blob_dir PASSED [ 58%]
tools/lore/tests/test_record_cli_delete_blob.py::test_blob_creates_nested_intermediate_dirs PASSED [ 58%]
tools/lore/tests/test_record_cli_delete_blob.py::test_blob_fence_neutralizes_external_memory PASSED [ 58%]
tools/lore/tests/test_record_cli_delete_blob.py::test_blob_rejects_dotdot_path PASSED [ 58%]
tools/lore/tests/test_record_cli_delete_blob.py::test_blob_rejects_absolute_path_etc PASSED [ 58%]
tools/lore/tests/test_record_cli_delete_blob.py::test_blob_rejects_absolute_path_under_tmp PASSED [ 58%]
tools/lore/tests/test_record_cli_delete_blob.py::test_blob_rejects_symlink_escaping_blob_root PASSED [ 58%]
tools/lore/tests/test_record_cli_delete_blob.py::test_blob_accepts_benign_nested_path PASSED [ 58%]
tools/lore/tests/test_record_cli_delete_blob.py::test_delete_rejects_record_id_escaping_vault[../other-vault/spec/victim] PASSED [ 58%]
tools/lore/tests/test_record_cli_delete_blob.py::test_delete_rejects_record_id_escaping_vault[spec/../../other-vault/spec/victim] PASSED [ 58%]
tools/lore/tests/test_record_cli_delete_blob.py::test_delete_rejects_record_id_escaping_vault[/etc/passwd] PASSED [ 58%]
tools/lore/tests/test_record_cli_delete_blob.py::test_delete_rejects_record_id_escaping_vault[spec/../../../etc/hosts] PASSED [ 58%]
tools/lore/tests/test_record_cli_delete_blob.py::test_update_rejects_record_id_escaping_vault[../other-vault/spec/victim] PASSED [ 58%]
tools/lore/tests/test_record_cli_delete_blob.py::test_update_rejects_record_id_escaping_vault[spec/../../other-vault/spec/victim] PASSED [ 58%]
tools/lore/tests/test_record_cli_delete_blob.py::test_update_rejects_record_id_escaping_vault[/etc/passwd] PASSED [ 58%]
tools/lore/tests/test_record_cli_delete_blob.py::test_blob_rejects_dot_path PASSED [ 58%]
tools/lore/tests/test_record_cli_update.py::test_update_full_body_replaces_body PASSED [ 58%]
tools/lore/tests/test_record_cli_update.py::test_update_full_body_updates_index PASSED [ 58%]
tools/lore/tests/test_record_cli_update.py::test_update_full_body_restamps_updated_keeps_created PASSED [ 58%]
tools/lore/tests/test_record_cli_update.py::test_update_metadata_only_leaves_body_byte_identical PASSED [ 58%]
tools/lore/tests/test_record_cli_update.py::test_update_metadata_only_prints_no_stdin_notice_to_stderr PASSED [ 58%]
tools/lore/tests/test_record_cli_update.py::test_update_metadata_only_advances_updated_keeps_created PASSED [ 58%]
tools/lore/tests/test_record_cli_update.py::test_update_diff_clean_apply_updates_body_and_index PASSED [ 59%]
tools/lore/tests/test_record_cli_update.py::test_update_diff_stale_hunk_rejects_atomically PASSED [ 59%]
tools/lore/tests/test_record_cli_update.py::test_update_diff_stale_hunk_parseable_rejected_line PASSED [ 59%]
tools/lore/tests/test_record_cli_update.py::test_update_diff_inserting_fence_is_neutralized PASSED [ 59%]
tools/lore/tests/test_record_cli_update.py::test_update_invalid_record_id_nonzero PASSED [ 59%]
tools/lore/tests/test_record_cli_update.py::test_update_vault_move_relocates_record PASSED [ 59%]
tools/lore/tests/test_record_cli_update.py::test_update_crash_simulated_move_then_reindex_leaves_one_copy PASSED [ 59%]
tools/lore/tests/test_record_cli_update.py::TestApplierCleanApply::test_single_hunk_applies PASSED [ 59%]
tools/lore/tests/test_record_cli_update.py::TestApplierCleanApply::test_empty_diff_returns_body_unchanged PASSED [ 59%]
tools/lore/tests/test_record_cli_update.py::TestApplierCRLF::test_crlf_body_lf_diff_rejected_body_unchanged PASSED [ 59%]
tools/lore/tests/test_record_cli_update.py::TestApplierCRLF::test_crlf_body_crlf_diff_applies_preserving_endings PASSED [ 59%]
tools/lore/tests/test_record_cli_update.py::TestApplierTrailingNewline::test_body_without_newline_diff_with_rejected PASSED [ 59%]
tools/lore/tests/test_record_cli_update.py::TestApplierTrailingNewline::test_no_newline_both_sides_is_format_error PASSED [ 59%]
tools/lore/tests/test_record_cli_update.py::TestApplierAdjacentHunks::test_two_hunks_offset_tracking_applies PASSED [ 59%]
tools/lore/tests/test_record_cli_update.py::TestApplierAdjacentHunks::test_second_hunk_fails_both_rejected_atomically PASSED [ 59%]
tools/lore/tests/test_record_model.py::test_kinds_are_exactly_the_nine PASSED [ 59%]
tools/lore/tests/test_record_model.py::test_version_is_v1 PASSED         [ 59%]
tools/lore/tests/test_record_model.py::test_status_vocab_matches_spec_per_kind PASSED [ 59%]
tools/lore/tests/test_record_model.py::test_status_vocab_is_ordered_tuple_not_frozenset PASSED [ 59%]
tools/lore/tests/test_record_model.py::test_initial_status_per_kind PASSED [ 59%]
tools/lore/tests/test_record_model.py::test_phases_are_ordered_closed_set PASSED [ 59%]
tools/lore/tests/test_record_model.py::test_is_valid_phase PASSED        [ 59%]
tools/lore/tests/test_record_model.py::test_fields_v1_required_optional_and_autoset_flags PASSED [ 59%]
tools/lore/tests/test_record_model.py::test_fields_v1_type_tags PASSED   [ 59%]
tools/lore/tests/test_record_model.py::test_field_spec_accessor_returns_v1 PASSED [ 59%]
tools/lore/tests/test_record_model.py::test_accessor_contract_unknown_kind_returns_none_never_raises PASSED [ 59%]
tools/lore/tests/test_record_model.py::test_auto_set_keys_exact PASSED   [ 59%]
tools/lore/tests/test_record_model.py::test_required_operator_keys_exact_equality PASSED [ 59%]
tools/lore/tests/test_record_model.py::test_datetime_z_suffix_parses PASSED [ 60%]
tools/lore/tests/test_record_model.py::test_worked_example_validates_clean PASSED [ 60%]
tools/lore/tests/test_record_model.py::test_unknown_key_rejected_naming_it PASSED [ 60%]
tools/lore/tests/test_record_model.py::test_invalid_kind_rejected PASSED [ 60%]
tools/lore/tests/test_record_model.py::test_status_outside_vocab_rejected_naming_value_and_allowed_set PASSED [ 60%]
tools/lore/tests/test_record_model.py::test_status_omitted_defaults_to_initial_no_error PASSED [ 60%]
tools/lore/tests/test_record_model.py::test_missing_operator_required_keys_error PASSED [ 60%]
tools/lore/tests/test_record_model.py::test_missing_auto_set_keys_tolerated PASSED [ 60%]
tools/lore/tests/test_record_model.py::test_keywords_as_string_rejected_naming_key PASSED [ 60%]
tools/lore/tests/test_record_model.py::test_related_not_a_map_rejected PASSED [ 60%]
tools/lore/tests/test_record_model.py::test_related_non_kind_key_names_path PASSED [ 60%]
tools/lore/tests/test_record_model.py::test_related_value_not_list_of_str_names_path PASSED [ 60%]
tools/lore/tests/test_record_model.py::test_datetime_not_iso_rejected_naming_key PASSED [ 60%]
tools/lore/tests/test_record_model.py::test_datetime_explicit_utc_offset_accepted PASSED [ 60%]
tools/lore/tests/test_record_model.py::test_datetime_naive_rejected PASSED [ 60%]
tools/lore/tests/test_record_model.py::test_datetime_non_utc_offset_rejected PASSED [ 60%]
tools/lore/tests/test_record_model.py::test_non_str_kind_does_not_raise PASSED [ 60%]
tools/lore/tests/test_record_model.py::test_version_absent_defaults_to_v1_no_error PASSED [ 60%]
tools/lore/tests/test_record_model.py::test_version_non_v1_rejected_with_named_error PASSED [ 60%]
tools/lore/tests/test_record_model.py::test_related_empty_list_boundary_clean PASSED [ 60%]
tools/lore/tests/test_record_model.py::test_related_phases_invalid_phase_rejected PASSED [ 60%]
tools/lore/tests/test_record_model.py::test_related_phases_empty_ok PASSED [ 60%]
tools/lore/tests/test_record_model.py::test_lesson_conditional_clean PASSED [ 60%]
tools/lore/tests/test_record_model.py::test_backlog_tracking_clean PASSED [ 60%]
tools/lore/tests/test_record_model.py::test_validate_kind_arg_overrides_sidecar_kind PASSED [ 60%]
tools/lore/tests/test_record_store.py::test_place_record_kebab_slug_and_id PASSED [ 60%]
tools/lore/tests/test_record_store.py::test_place_record_collision_appends_suffix PASSED [ 60%]
tools/lore/tests/test_record_store.py::test_place_record_orphan_json_occupies_stem PASSED [ 61%]
tools/lore/tests/test_record_store.py::test_place_record_session_keeps_guid_verbatim PASSED [ 61%]
tools/lore/tests/test_record_store.py::test_place_record_session_no_suffix_on_collision PASSED [ 61%]
tools/lore/tests/test_record_store.py::test_resolve_committer_email_honors_lore_email PASSED [ 61%]
tools/lore/tests/test_record_store.py::test_resolve_committer_email_empty_when_unset_and_no_git PASSED [ 61%]
tools/lore/tests/test_record_store.py::test_resolve_committer_email_ignores_repo_local_override PASSED [ 61%]
tools/lore/tests/test_record_store.py::test_validate_and_write_round_trip PASSED [ 61%]
tools/lore/tests/test_record_store.py::test_validate_and_write_stamps_provenance PASSED [ 61%]
tools/lore/tests/test_record_store.py::test_validate_and_write_created_once_updated_restamped PASSED [ 61%]
tools/lore/tests/test_record_store.py::test_empty_email_raises_typed_error_nothing_written PASSED [ 61%]
tools/lore/tests/test_record_store.py::test_validation_failure_raises_typed_error_nothing_written PASSED [ 61%]
tools/lore/tests/test_record_store.py::test_neutralize_fences_kills_tokens PASSED [ 61%]
tools/lore/tests/test_record_store.py::test_neutralize_fences_kills_mixed_case_and_attrs PASSED [ 61%]
tools/lore/tests/test_record_store.py::test_validate_and_write_neutralizes_fence_in_body PASSED [ 61%]
tools/lore/tests/test_record_store.py::test_text_wins_when_index_raises PASSED [ 61%]
tools/lore/tests/test_record_store.py::test_write_temp_then_rename_no_partial_on_crash PASSED [ 61%]
tools/lore/tests/test_record_store.py::test_write_temp_then_rename_writes_full_content PASSED [ 61%]
tools/lore/tests/test_record_store.py::test_move_record_relocates_rekeys_and_removes_old PASSED [ 61%]
tools/lore/tests/test_record_store.py::test_move_record_confines_old_id_against_traversal[../other-vault/spec/victim] PASSED [ 61%]
tools/lore/tests/test_record_store.py::test_move_record_confines_old_id_against_traversal[spec/../../other-vault/spec/victim] PASSED [ 61%]
tools/lore/tests/test_record_store.py::test_move_record_confines_old_id_against_traversal[/etc/passwd] PASSED [ 61%]
tools/lore/tests/test_record_store.py::test_move_record_interrupted_keeps_old_intact PASSED [ 61%]
tools/lore/tests/test_record_store.py::test_delete_record_removes_all_three PASSED [ 61%]
tools/lore/tests/test_record_store.py::test_delete_record_missing_id_raises_not_found PASSED [ 61%]
tools/lore/tests/test_search_benchmark.py::test_search_latency_p95_under_target[2149-1x-100.0] 
[search-benchmark 1x] indexed=2149 records query='kind:lesson and scrubber' p95=10.50ms (target<100ms, ceiling<100ms) → OK
PASSED [ 61%]
tools/lore/tests/test_search_benchmark.py::test_search_latency_p95_under_target[10000-5x-300.0] 
[search-benchmark 5x] indexed=10000 records query='kind:lesson and scrubber' p95=189.37ms (target<100ms, ceiling<300ms) → over-target (within ceiling)
PASSED [ 61%]
tools/lore/tests/test_search_cli.py::test_kind_filter_returns_specs PASSED [ 61%]
tools/lore/tests/test_search_cli.py::test_facet_alias_area_returns_members PASSED [ 61%]
tools/lore/tests/test_search_cli.py::test_bare_fulltext_body_only_match PASSED [ 62%]
tools/lore/tests/test_search_cli.py::test_created_at_range PASSED        [ 62%]
tools/lore/tests/test_search_cli.py::test_valid_field_zero_match_exit_zero PASSED [ 62%]
tools/lore/tests/test_search_cli.py::test_empty_query_nonzero PASSED     [ 62%]
tools/lore/tests/test_search_cli.py::test_no_args_nonzero PASSED         [ 62%]
tools/lore/tests/test_search_cli.py::test_unknown_field_nonzero_with_suggestion PASSED [ 62%]
tools/lore/tests/test_search_cli.py::test_unbalanced_quote_nonzero PASSED [ 62%]
tools/lore/tests/test_search_cli.py::test_vault_narrows_to_one_vault PASSED [ 62%]
tools/lore/tests/test_search_cli.py::test_default_spans_all_vaults PASSED [ 62%]
tools/lore/tests/test_search_cli.py::test_limit_caps_rows PASSED         [ 62%]
tools/lore/tests/test_search_cli.py::test_result_at_cap_prints_showing_n_of_m PASSED [ 62%]
tools/lore/tests/test_search_cli.py::test_below_cap_no_truncation_note PASSED [ 62%]
tools/lore/tests/test_search_cli.py::test_json_shape_matches_banner_fields PASSED [ 62%]
tools/lore/tests/test_search_cli.py::test_json_truncation_fields PASSED  [ 62%]
tools/lore/tests/test_search_cli.py::test_shared_hit_fenced_and_escaped PASSED [ 62%]
tools/lore/tests/test_search_cli.py::test_personal_and_shared_not_interleaved PASSED [ 62%]
tools/lore/tests/test_search_cli.py::test_error_path_reflected_token_escaped PASSED [ 62%]
tools/lore/tests/test_search_cli.py::test_stale_index_prints_staleness_hint PASSED [ 62%]
tools/lore/tests/test_search_cli.py::test_reverse_edge_alias_prints_reindex_note PASSED [ 62%]
tools/lore/tests/test_search_cli.py::test_non_alias_query_no_reindex_note PASSED [ 62%]
tools/lore/tests/test_search_cli.py::test_fresh_index_no_staleness_hint PASSED [ 62%]
tools/lore/tests/test_search_cli.py::test_classify_layer_pure_function PASSED [ 62%]
tools/lore/tests/test_search_cli.py::test_nonstandard_layer_value_rendered_as_shared PASSED [ 62%]
tools/lore/tests/test_search_cli.py::test_shared_title_injection_escaped PASSED [ 62%]
tools/lore/tests/test_search_cli.py::test_shared_status_injection_escaped PASSED [ 62%]
tools/lore/tests/test_search_cli.py::test_shared_vault_name_injection_escaped PASSED [ 62%]
tools/lore/tests/test_search_cli.py::test_search_does_not_mutate_index PASSED [ 62%]
tools/lore/tests/test_search_cli.py::test_search_does_not_bump_last_referenced_at PASSED [ 62%]
tools/lore/tests/test_session_cli.py::TestCandidateLazyCreate::test_first_candidate_creates_note_named_by_guid PASSED [ 63%]
tools/lore/tests/test_session_cli.py::TestCandidateLazyCreate::test_second_candidate_appends_does_not_recreate PASSED [ 63%]
tools/lore/tests/test_session_cli.py::TestSessionIdSanitization::test_separator_and_dotdot_rejected_nothing_written[../../evil] PASSED [ 63%]
tools/lore/tests/test_session_cli.py::TestSessionIdSanitization::test_separator_and_dotdot_rejected_nothing_written[a/b] PASSED [ 63%]
tools/lore/tests/test_session_cli.py::TestSessionIdSanitization::test_separator_and_dotdot_rejected_nothing_written[..] PASSED [ 63%]
tools/lore/tests/test_session_cli.py::TestSessionIdSanitization::test_separator_and_dotdot_rejected_nothing_written[foo/bar] PASSED [ 63%]
tools/lore/tests/test_session_cli.py::TestSessionIdSanitization::test_sanitizer_rejects_nul_byte_at_library_level PASSED [ 63%]
tools/lore/tests/test_session_cli.py::TestSessionIdSanitization::test_sanitizer_rejects_non_guid[] PASSED [ 63%]
tools/lore/tests/test_session_cli.py::TestSessionIdSanitization::test_sanitizer_rejects_non_guid[not-a-guid] PASSED [ 63%]
tools/lore/tests/test_session_cli.py::TestSessionIdSanitization::test_sanitizer_rejects_non_guid[../x] PASSED [ 63%]
tools/lore/tests/test_session_cli.py::TestSessionIdSanitization::test_sanitizer_rejects_non_guid[a/b] PASSED [ 63%]
tools/lore/tests/test_session_cli.py::TestSessionIdSanitization::test_sanitizer_rejects_non_guid[..] PASSED [ 63%]
tools/lore/tests/test_session_cli.py::TestSessionIdSanitization::test_sanitizer_rejects_non_guid[.] PASSED [ 63%]
tools/lore/tests/test_session_cli.py::TestSessionIdSanitization::test_sanitizer_accepts_canonical_guid PASSED [ 63%]
tools/lore/tests/test_session_cli.py::TestReferenced::test_referenced_logs_record_id PASSED [ 63%]
tools/lore/tests/test_session_cli.py::TestFenceNeutralization::test_candidate_body_fence_neutralized PASSED [ 63%]
tools/lore/tests/test_session_cli.py::TestFenceNeutralization::test_referenced_record_id_fence_neutralized PASSED [ 63%]
tools/lore/tests/test_session_cli.py::TestEndpointIsolation::test_session_write_creates_no_record_index_row PASSED [ 63%]
tools/lore/tests/test_session_cli.py::TestNoAbbrevClash::test_session_note_still_resolves PASSED [ 63%]
tools/lore/tests/test_session_cli.py::TestNoAbbrevClash::test_session_routes_to_cmd_session PASSED [ 63%]
tools/lore/tests/test_session_cli.py::TestConcurrentRace::test_concurrent_create_or_append_no_lost_entries PASSED [ 63%]
tools/lore/tests/test_session_context_menu.py::TestRenderAreaPointer::test_zero_areas_returns_empty_string PASSED [ 63%]
tools/lore/tests/test_session_context_menu.py::TestRenderAreaPointer::test_n_areas_contains_count PASSED [ 63%]
tools/lore/tests/test_session_context_menu.py::TestRenderAreaPointer::test_n_areas_contains_lore_areas_command PASSED [ 63%]
tools/lore/tests/test_session_context_menu.py::TestRenderAreaPointer::test_n_areas_contains_trigger_cue PASSED [ 63%]
tools/lore/tests/test_session_context_menu.py::TestRenderAreaPointer::test_n_areas_contains_lore_search PASSED [ 63%]
tools/lore/tests/test_session_context_menu.py::TestRenderAreaPointer::test_count_matches_build_area_map_length PASSED [ 63%]
tools/lore/tests/test_session_context_menu.py::TestRenderAreaPointer::test_does_not_contain_area_names PASSED [ 64%]
tools/lore/tests/test_session_context_menu.py::TestRenderAreaPointer::test_is_single_line PASSED [ 64%]
tools/lore/tests/test_session_context_menu.py::TestRenderAreaPointer::test_propagates_build_area_map_exception PASSED [ 64%]
tools/lore/tests/test_session_context_menu.py::TestBuildContextMenu::test_with_areas_contains_pointer_not_full_menu PASSED [ 64%]
tools/lore/tests/test_session_context_menu.py::TestBuildContextMenu::test_with_areas_context_contains_area_count PASSED [ 64%]
tools/lore/tests/test_session_context_menu.py::TestBuildContextMenu::test_with_areas_count_matches_build_area_map PASSED [ 64%]
tools/lore/tests/test_session_context_menu.py::TestBuildContextMenu::test_with_areas_context_contains_lore_search PASSED [ 64%]
tools/lore/tests/test_session_context_menu.py::TestBuildContextMenu::test_with_areas_does_not_contain_individual_area_one_liners PASSED [ 64%]
tools/lore/tests/test_session_context_menu.py::TestBuildContextMenu::test_with_areas_block_not_labeled_as_recalled PASSED [ 64%]
tools/lore/tests/test_session_context_menu.py::TestBuildContextMenu::test_zero_areas_emits_baseline_no_pointer PASSED [ 64%]
tools/lore/tests/test_session_context_menu.py::TestBuildContextMenu::test_zero_areas_does_not_raise PASSED [ 64%]
tools/lore/tests/test_session_context_menu.py::TestBuildContextMenu::test_malformed_area_file_does_not_crash PASSED [ 64%]
tools/lore/tests/test_session_context_menu.py::TestBuildContextMenu::test_d8a_pointer_crash_leaves_vault_index_intact PASSED [ 64%]
tools/lore/tests/test_session_context_menu.py::TestBuildContextMenu::test_no_automatic_recalled_block PASSED [ 64%]
tools/lore/tests/test_session_context_menu.py::TestBuildContextMenu::test_main_prints_empty_json_on_core_failure PASSED [ 64%]
tools/lore/tests/test_session_note_resolution.py::test_by_session_id_matches_frontmatter PASSED [ 64%]
tools/lore/tests/test_session_note_resolution.py::test_by_session_id_matches_bucketed_note PASSED [ 64%]
tools/lore/tests/test_session_note_resolution.py::test_by_session_id_ignores_body_mentions PASSED [ 64%]
tools/lore/tests/test_session_note_resolution.py::test_by_session_id_empty_returns_none PASSED [ 64%]
tools/lore/tests/test_session_note_resolution.py::test_by_session_id_no_sessions_dir_returns_none PASSED [ 64%]
tools/lore/tests/test_session_note_resolution.py::test_detect_prefers_claude_project_dir PASSED [ 64%]
tools/lore/tests/test_session_note_resolution.py::test_detect_walks_worktrees_segment PASSED [ 64%]
tools/lore/tests/test_session_note_resolution.py::test_detect_falls_back_to_cwd_basename PASSED [ 64%]
tools/lore/tests/test_session_note_resolution.py::test_detect_uses_git_toplevel_basename PASSED [ 64%]
tools/lore/tests/test_session_note_resolution.py::test_resolve_session_id_beats_newer_worktree_note PASSED [ 64%]
tools/lore/tests/test_session_note_resolution.py::test_resolve_falls_back_to_worktree_when_id_unmatched PASSED [ 64%]
tools/lore/tests/test_session_note_resolution.py::test_cli_resolves_via_claude_code_session_id_env PASSED [ 64%]
tools/lore/tests/test_session_note_resolution.py::test_cli_session_id_flag_overrides_env PASSED [ 64%]
tools/lore/tests/test_session_note_resolution.py::test_cli_worktree_flag_fallback PASSED [ 65%]
tools/lore/tests/test_session_note_resolution.py::test_cli_miss_exits_1_with_diagnostic PASSED [ 65%]
tools/lore/tests/test_session_note_resolution.py::test_finish_session_id_flag_targets_exact_note PASSED [ 65%]
tools/lore/tests/test_session_note_resolution.py::test_finish_worktree_flag_overrides_detection PASSED [ 65%]
tools/lore/tests/test_session_note_resolution.py::test_handoff_session_id_flag_targets_exact_note PASSED [ 65%]
tools/lore/tests/test_session_note_resolution.py::test_resume_no_target_uses_session_id PASSED [ 65%]
tools/lore/tests/test_session_note_resolution.py::test_resume_no_target_uses_worktree PASSED [ 65%]
tools/lore/tests/test_session_note_resolution.py::test_resume_explicit_target_still_works PASSED [ 65%]
tools/lore/tests/test_session_note_resolution.py::test_resume_no_target_no_match_errors PASSED [ 65%]
tools/lore/tests/test_shared_write_gate.py::TestWriteToSharedGate::test_no_token_refused_nothing_written PASSED [ 65%]
tools/lore/tests/test_shared_write_gate.py::TestWriteToSharedGate::test_valid_token_copies_note_personal_untouched PASSED [ 65%]
tools/lore/tests/test_shared_write_gate.py::TestWriteToSharedGate::test_second_write_with_consumed_token_refused PASSED [ 65%]
tools/lore/tests/test_shared_write_gate.py::TestTokenBinding::test_token_for_note_a_refused_for_note_b PASSED [ 65%]
tools/lore/tests/test_shared_write_gate.py::TestTokenBinding::test_token_for_layer_x_refused_for_layer_y PASSED [ 65%]
tools/lore/tests/test_shared_write_gate.py::TestExpiredToken::test_expired_token_refused PASSED [ 65%]
tools/lore/tests/test_shared_write_gate.py::TestTTLConstant::test_ttl_constant_is_at_most_300_seconds PASSED [ 65%]
tools/lore/tests/test_shared_write_gate.py::TestMintRefusesNonTTY::test_mint_token_tty_confirmed_false_raises PASSED [ 65%]
tools/lore/tests/test_shared_write_gate.py::TestMintRefusesNonTTY::test_mint_token_tty_confirmed_true_succeeds PASSED [ 65%]
tools/lore/tests/test_shared_write_gate.py::TestNoBypassParameter::test_write_to_shared_has_no_yes_param PASSED [ 65%]
tools/lore/tests/test_shared_write_gate.py::TestNoBypassParameter::test_mint_token_only_accepts_tty_confirmed_flag PASSED [ 65%]
tools/lore/tests/test_shared_write_gate.py::TestTokenStorePermissions::test_token_dir_mode_0700 PASSED [ 65%]
tools/lore/tests/test_shared_write_gate.py::TestTokenStorePermissions::test_token_file_mode_0600 PASSED [ 65%]
tools/lore/tests/test_shared_write_gate.py::TestAtomicCopy::test_ioerror_mid_copy_leaves_no_partial_file PASSED [ 65%]
tools/lore/tests/test_shared_write_gate.py::TestAtomicCopy::test_ioerror_via_tmp_file_semantics PASSED [ 65%]
tools/lore/tests/test_shared_write_gate.py::TestConfinementRefusal::test_symlink_escaped_dest_refused PASSED [ 65%]
tools/lore/tests/test_shared_write_gate.py::TestConfinementRefusal::test_normal_write_to_shared_succeeds PASSED [ 65%]
tools/lore/tests/test_shared_write_gate.py::TestConfinementRefusal::test_write_to_shared_symlinked_root_confinement PASSED [ 65%]
tools/lore/tests/test_slice1.py::test_plugin_json_parses_and_has_required_keys PASSED [ 65%]
tools/lore/tests/test_slice1.py::test_hooks_json_parses_and_registers_session_start PASSED [ 66%]
tools/lore/tests/test_slice2.py::test_skill_references_harvest PASSED    [ 66%]
tools/lore/tests/test_slice2.py::test_skill_references_harvest_pending PASSED [ 66%]
tools/lore/tests/test_slice2.py::test_skill_references_gotcha_surfaced PASSED [ 66%]
tools/lore/tests/test_slice2.py::test_skill_references_lore_area_for_gotchas PASSED [ 66%]
tools/lore/tests/test_slice2.py::test_skill_documents_malformed_lines_retained PASSED [ 66%]
tools/lore/tests/test_slice2.py::test_skill_does_not_claim_skill_itself_expands PASSED [ 66%]
tools/lore/tests/test_slice2.py::test_skill_framed_as_canonical PASSED   [ 66%]
tools/lore/tests/test_slice2.py::test_readme_lore_finish_mentions_harvest_or_expanded PASSED [ 66%]
tools/lore/tests/test_slice2.py::test_finished_skill_frontmatter_still_registrable PASSED [ 66%]
tools/lore/tests/test_slice5_docs.py::TestBrainstormSkillInjectionInstruction::test_brainstorm_skill_has_shared_content_is_data_rule PASSED [ 66%]
tools/lore/tests/test_slice5_docs.py::TestBrainstormSkillInjectionInstruction::test_brainstorm_skill_references_external_memory_channel PASSED [ 66%]
tools/lore/tests/test_slice5_docs.py::TestLibrarianInjectionInstruction::test_lore_librarian_has_shared_content_is_data_rule PASSED [ 66%]
tools/lore/tests/test_slice5_docs.py::TestLibrarianInjectionInstruction::test_lore_librarian_references_external_memory_channel PASSED [ 66%]
tools/lore/tests/test_slice5_docs.py::TestPromoteDoc::test_promote_doc_exists PASSED [ 66%]
tools/lore/tests/test_slice5_docs.py::TestPromoteDoc::test_promote_doc_covers_personal_by_default PASSED [ 66%]
tools/lore/tests/test_slice5_docs.py::TestPromoteDoc::test_promote_doc_covers_shared_vaults_default_private PASSED [ 66%]
tools/lore/tests/test_slice5_docs.py::TestPromoteDoc::test_promote_doc_covers_interactive_only PASSED [ 66%]
tools/lore/tests/test_slice5_docs.py::TestPromoteDoc::test_promote_doc_covers_d6_menu_stays_personal PASSED [ 66%]
tools/lore/tests/test_slice6.py::test_validator_cli_exits_nonzero_for_bad_status PASSED [ 66%]
tools/lore/tests/test_slice6.py::test_validator_cli_names_bad_status_in_output PASSED [ 66%]
tools/lore/tests/test_slice6.py::test_validator_cli_exits_zero_for_valid_files PASSED [ 66%]
tools/lore/tests/test_slice6.py::test_validator_cli_untracked_type_passes PASSED [ 66%]
tools/lore/tests/test_slice6.py::test_validator_cli_no_files_exits_zero PASSED [ 66%]
tools/lore/tests/test_slice6.py::test_validator_cli_mixed_valid_and_invalid PASSED [ 66%]
tools/lore/tests/test_slice6.py::test_installer_creates_pre_commit_hook PASSED [ 66%]
tools/lore/tests/test_slice6.py::test_installer_hook_is_executable PASSED [ 66%]
tools/lore/tests/test_slice6.py::test_installer_idempotent PASSED        [ 67%]
tools/lore/tests/test_slice6.py::test_installer_chain_safe_with_existing_hook PASSED [ 67%]
tools/lore/tests/test_slice6.py::test_installer_requires_git_repo PASSED [ 67%]
tools/lore/tests/test_slice6.py::test_guard_rejects_bad_status_at_commit PASSED [ 67%]
tools/lore/tests/test_slice6.py::test_guard_passes_canonical_status PASSED [ 67%]
tools/lore/tests/test_slice6.py::test_guard_noop_for_non_md_file PASSED  [ 67%]
tools/lore/tests/test_slice6.py::test_init_creates_git_repo PASSED       [ 67%]
tools/lore/tests/test_slice6.py::test_init_installs_pre_commit_hook PASSED [ 67%]
tools/lore/tests/test_slice6.py::test_init_skips_git_init_if_already_a_repo PASSED [ 67%]
tools/lore/tests/test_slice6.py::test_sync_commits_dirty_vault PASSED    [ 67%]
tools/lore/tests/test_slice6.py::test_sync_noop_on_clean_tree PASSED     [ 67%]
tools/lore/tests/test_slice6.py::test_sync_respects_gpgsign_false PASSED [ 67%]
tools/lore/tests/test_slice6.py::test_sync_aborts_on_toplevel_mismatch PASSED [ 67%]
tools/lore/tests/test_slice6.py::test_sync_skips_push_without_origin PASSED [ 67%]
tools/lore/tests/test_slice6.py::test_sync_accepts_custom_message PASSED [ 67%]
tools/lore/tests/test_slice6.py::test_guard_strict_blocks_when_plugin_root_missing PASSED [ 67%]
tools/lore/tests/test_slice6.py::test_guard_strict_blocks_commit_when_plugin_moved PASSED [ 67%]
tools/lore/tests/test_slice6.py::test_installer_bakes_strict_flag PASSED [ 67%]
tools/lore/tests/test_slice6.py::test_guard_lenient_without_strict_when_plugin_missing PASSED [ 67%]
tools/lore/tests/test_slice6.py::test_guard_rejects_bad_status_non_ascii_filename PASSED [ 67%]
tools/lore/tests/test_slice6.py::test_guard_passes_good_status_non_ascii_filename PASSED [ 67%]
tools/lore/tests/test_slice6.py::test_validator_cli_exits_nonzero_for_nonexistent_file PASSED [ 67%]
tools/lore/tests/test_slice6.py::test_guard_validates_staged_blob_not_working_copy PASSED [ 67%]
tools/lore/tests/test_slice6.py::test_guard_passes_good_staged_blob_even_if_working_copy_bad PASSED [ 67%]
tools/lore/tests/test_slice6.py::test_sync_exits_zero_when_push_fails_but_commit_succeeds PASSED [ 67%]
tools/lore/tests/test_slice6.py::test_installer_chained_wrapper_passes_args PASSED [ 67%]
tools/lore/tests/test_slice6.py::test_init_planned_tree_shows_both_template_dirs PASSED [ 67%]
tools/lore/tests/test_slice9_capture_recall.py::TestNewDeferredFlags::test_surfaces_csv_becomes_inline_list PASSED [ 67%]
tools/lore/tests/test_slice9_capture_recall.py::TestNewDeferredFlags::test_surfaces_single_item PASSED [ 68%]
tools/lore/tests/test_slice9_capture_recall.py::TestNewDeferredFlags::test_surfaces_absent_defaults_to_empty_list PASSED [ 68%]
tools/lore/tests/test_slice9_capture_recall.py::TestNewDeferredFlags::test_next_check_set_when_provided PASSED [ 68%]
tools/lore/tests/test_slice9_capture_recall.py::TestNewDeferredFlags::test_revisit_after_sets_status_scheduled PASSED [ 68%]
tools/lore/tests/test_slice9_capture_recall.py::TestNewDeferredFlags::test_without_revisit_after_status_is_open PASSED [ 68%]
tools/lore/tests/test_slice9_capture_recall.py::TestNewDeferredFlags::test_scheduled_status_passes_validator PASSED [ 68%]
tools/lore/tests/test_slice9_capture_recall.py::TestNewDeferredFlags::test_open_status_passes_validator PASSED [ 68%]
tools/lore/tests/test_slice9_capture_recall.py::TestNewDeferredFlags::test_no_placeholders_with_all_flags PASSED [ 68%]
tools/lore/tests/test_slice9_capture_recall.py::TestNewDeferredFlags::test_no_placeholders_with_no_flags PASSED [ 68%]
tools/lore/tests/test_slice9_capture_recall.py::TestNewDeadEndFlags::test_areas_csv_becomes_inline_list PASSED [ 68%]
tools/lore/tests/test_slice9_capture_recall.py::TestNewDeadEndFlags::test_areas_absent_defaults_to_empty_list PASSED [ 68%]
tools/lore/tests/test_slice9_capture_recall.py::TestNewDeadEndFlags::test_tried_set_when_provided PASSED [ 68%]
tools/lore/tests/test_slice9_capture_recall.py::TestNewDeadEndFlags::test_tried_defaults_to_today_when_absent PASSED [ 68%]
tools/lore/tests/test_slice9_capture_recall.py::TestNewDeadEndFlags::test_revive_condition_set_when_provided PASSED [ 68%]
tools/lore/tests/test_slice9_capture_recall.py::TestNewDeadEndFlags::test_revive_condition_empty_when_absent PASSED [ 68%]
tools/lore/tests/test_slice9_capture_recall.py::TestNewDeadEndFlags::test_no_placeholders_with_all_flags PASSED [ 68%]
tools/lore/tests/test_slice9_capture_recall.py::TestNewDeadEndFlags::test_no_placeholders_with_no_flags PASSED [ 68%]
tools/lore/tests/test_slice9_capture_recall.py::TestNewDecisionFlags::test_areas_csv_becomes_inline_list PASSED [ 68%]
tools/lore/tests/test_slice9_capture_recall.py::TestNewDecisionFlags::test_areas_absent_defaults_to_empty_list PASSED [ 68%]
tools/lore/tests/test_slice9_capture_recall.py::TestNewDecisionFlags::test_no_placeholders_with_all_flags PASSED [ 68%]
tools/lore/tests/test_slice9_capture_recall.py::TestNewDecisionFlags::test_no_placeholders_with_no_flags PASSED [ 68%]
tools/lore/tests/test_slice9_capture_recall.py::TestNewFollowUpFlags::test_source_set_when_provided PASSED [ 68%]
tools/lore/tests/test_slice9_capture_recall.py::TestNewFollowUpFlags::test_target_set_when_provided PASSED [ 68%]
tools/lore/tests/test_slice9_capture_recall.py::TestNewFollowUpFlags::test_check_set_when_provided PASSED [ 68%]
tools/lore/tests/test_slice9_capture_recall.py::TestNewFollowUpFlags::test_scalars_empty_when_absent PASSED [ 68%]
tools/lore/tests/test_slice9_capture_recall.py::TestNewFollowUpFlags::test_no_placeholders_with_all_flags PASSED [ 68%]
tools/lore/tests/test_slice9_capture_recall.py::TestNewFollowUpFlags::test_no_placeholders_with_no_flags PASSED [ 68%]
tools/lore/tests/test_slice9_capture_recall.py::TestNoPlaceholdersAcrossAllTypes::test_deferred_no_extra_flags PASSED [ 68%]
tools/lore/tests/test_slice9_capture_recall.py::TestNoPlaceholdersAcrossAllTypes::test_dead_end_no_extra_flags PASSED [ 69%]
tools/lore/tests/test_slice9_capture_recall.py::TestNoPlaceholdersAcrossAllTypes::test_decision_no_extra_flags PASSED [ 69%]
tools/lore/tests/test_slice9_capture_recall.py::TestNoPlaceholdersAcrossAllTypes::test_follow_up_no_extra_flags PASSED [ 69%]
tools/lore/tests/test_slice9_capture_recall.py::TestNoPlaceholdersAcrossAllTypes::test_area_no_extra_flags PASSED [ 69%]
tools/lore/tests/test_slice9_capture_recall.py::TestCaptureAreaNaming::test_area_note_created_without_date_prefix PASSED [ 69%]
tools/lore/tests/test_slice9b_subsystem_naming.py::TestAreaNoDatePrefix::test_area_note_has_no_date_prefix PASSED [ 69%]
tools/lore/tests/test_slice9b_subsystem_naming.py::TestAreaNoDatePrefix::test_area_stem_matches_logical_name PASSED [ 69%]
tools/lore/tests/test_slice9b_subsystem_naming.py::TestAreaNoDatePrefix::test_area_frontmatter_name_agrees_with_stem PASSED [ 69%]
tools/lore/tests/test_slice9b_subsystem_naming.py::TestAreaRefuseOnDuplicate::test_second_creation_exits_nonzero PASSED [ 69%]
tools/lore/tests/test_slice9b_subsystem_naming.py::TestAreaRefuseOnDuplicate::test_second_creation_writes_no_second_file PASSED [ 69%]
tools/lore/tests/test_slice9b_subsystem_naming.py::TestDatedNamingUnchangedForOtherTypes::test_deferred_note_still_has_date_prefix PASSED [ 69%]
tools/lore/tests/test_slice9b_subsystem_naming.py::TestDatedNamingUnchangedForOtherTypes::test_dead_end_note_still_has_date_prefix PASSED [ 69%]
tools/lore/tests/test_status_validator.py::test_canonical_vocab_matches_source PASSED [ 69%]
tools/lore/tests/test_status_validator.py::test_is_valid_status_accepts_canonical PASSED [ 69%]
tools/lore/tests/test_status_validator.py::test_is_valid_status_rejects_noncanonical PASSED [ 69%]
tools/lore/tests/test_status_validator.py::test_is_valid_status_singular_and_plural_type PASSED [ 69%]
tools/lore/tests/test_status_validator.py::test_is_valid_status_unknown_type_is_valid PASSED [ 69%]
tools/lore/tests/test_status_validator.py::test_permitted_statuses_lists_canonical PASSED [ 69%]
tools/lore/tests/test_status_validator.py::test_legacy_session_statuses_accepted PASSED [ 69%]
tools/lore/tests/test_status_validator.py::test_legacy_session_statuses_are_deprecated PASSED [ 69%]
tools/lore/tests/test_status_validator.py::test_finalized_session_accepted_with_deprecation_notice PASSED [ 69%]
tools/lore/tests/test_status_validator.py::test_complete_session_emits_no_deprecation_notice PASSED [ 69%]
tools/lore/tests/test_subsystem_recall.py::TestD23ApiShape::test_derive_subsystem_keywords_not_present PASSED [ 69%]
tools/lore/tests/test_subsystem_recall.py::TestD23ApiShape::test_infer_subsystems_not_present PASSED [ 69%]
tools/lore/tests/test_subsystem_recall.py::TestD23ApiShape::test_render_subsystem_block_not_present PASSED [ 69%]
tools/lore/tests/test_subsystem_recall.py::TestD23ApiShape::test_recall_command_path_not_present PASSED [ 69%]
tools/lore/tests/test_subsystem_recall.py::TestD23ApiShape::test_area_map_api_present PASSED [ 69%]
tools/lore/tests/test_subsystem_recall.py::TestSessionContextWithSubsystemBlock::test_matching_branch_emits_area_pointer_not_auto_inject PASSED [ 70%]
tools/lore/tests/test_subsystem_recall.py::TestSessionContextWithSubsystemBlock::test_non_matching_branch_only_baseline PASSED [ 70%]
tools/lore/tests/test_subsystem_recall.py::TestSessionContextWithSubsystemBlock::test_no_crash_with_empty_areas_dir PASSED [ 70%]
tools/lore/tests/test_tty_security_regression.py::TestNoEnvVarBypass::test_piped_stdin_refused_even_with_arbitrary_env_vars PASSED [ 70%]
tools/lore/tests/test_tty_security_regression.py::TestNoEnvVarBypass::test_no_token_minted_with_piped_stdin_regardless_of_env PASSED [ 70%]
tools/lore/tests/test_tty_security_regression.py::TestHappyPathInProcess::test_confirm_y_copies_note_in_process PASSED [ 70%]
tools/lore/tests/test_tty_security_regression.py::TestHappyPathInProcess::test_confirm_n_writes_nothing_in_process PASSED [ 70%]
tools/lore/tests/test_tty_security_regression.py::TestHappyPathInProcess::test_preview_shows_warning_in_process PASSED [ 70%]
tools/lore/tests/test_tty_security_regression.py::TestHappyPathInProcess::test_non_tty_still_refused_in_process PASSED [ 70%]
tools/lore/tests/test_vault.py::test_resolve_vault_uses_env_when_set PASSED [ 70%]
tools/lore/tests/test_vault.py::test_resolve_vault_expands_tilde PASSED  [ 70%]
tools/lore/tests/test_vault.py::test_resolve_vault_defaults_to_home_lore_when_unset PASSED [ 70%]
tools/lore/tests/test_vault.py::test_resolve_vault_never_raises_on_empty_env PASSED [ 70%]
tools/lore/tests/test_vault.py::test_resolve_user_honors_lore_user_env PASSED [ 70%]
tools/lore/tests/test_vault.py::test_resolve_user_sanitizes_lore_user PASSED [ 70%]
tools/lore/tests/test_vault.py::test_resolve_user_falls_back_to_git_config PASSED [ 70%]
tools/lore/tests/test_vault.py::test_resolve_user_falls_back_to_literal_you PASSED [ 70%]
tools/lore/tests/test_vault.py::test_resolve_user_git_failure_falls_back_to_you PASSED [ 70%]
tools/lore/tests/test_vault.py::test_find_session_note_no_worktree_returns_newest_overall PASSED [ 70%]
tools/lore/tests/test_vault.py::test_find_session_note_scoped_to_alpha_ignores_newer_beta PASSED [ 70%]
tools/lore/tests/test_vault.py::test_find_session_note_scoped_no_note_returns_none PASSED [ 70%]
tools/lore/tests/test_vault.py::test_find_session_note_no_sessions_dir_returns_none PASSED [ 70%]
tools/lore/tests/test_vault.py::test_find_session_note_no_collision_with_super_prefix PASSED [ 70%]
tools/lore/tests/test_xml_escape.py::test_attr_escape_neutralizes_tag_breakout PASSED [ 70%]
tools/lore/tests/test_xml_escape.py::test_body_escape_neutralizes_fence_breakout PASSED [ 70%]
tools/lore/tests/test_xml_escape.py::test_body_escape_ampersand_first PASSED [ 70%]
tools/lore/tests/test_xml_escape.py::test_wrap_shared_emits_fenced_block PASSED [ 70%]
tools/lore/tests/test_xml_escape.py::test_wrap_shared_escapes_source_attr PASSED [ 70%]
tools/lore/tests/test_xml_escape.py::test_wrap_shared_escapes_body_lines_against_breakout PASSED [ 71%]
tools/craft/tests/test_agents_generic.py::test_agent_has_no_structural_brain_seams[advocate] PASSED [ 71%]
tools/craft/tests/test_agents_generic.py::test_agent_has_no_structural_brain_seams[architect] PASSED [ 71%]
tools/craft/tests/test_agents_generic.py::test_agent_has_no_structural_brain_seams[artist] PASSED [ 71%]
tools/craft/tests/test_agents_generic.py::test_agent_has_no_structural_brain_seams[assumption-prover] PASSED [ 71%]
tools/craft/tests/test_agents_generic.py::test_agent_has_no_structural_brain_seams[attacker] PASSED [ 71%]
tools/craft/tests/test_agents_generic.py::test_agent_has_no_structural_brain_seams[breaker] PASSED [ 71%]
tools/craft/tests/test_agents_generic.py::test_agent_has_no_structural_brain_seams[builder] PASSED [ 71%]
tools/craft/tests/test_agents_generic.py::test_agent_has_no_structural_brain_seams[code-reviewer] PASSED [ 71%]
tools/craft/tests/test_agents_generic.py::test_agent_has_no_structural_brain_seams[doc-finder] PASSED [ 71%]
tools/craft/tests/test_agents_generic.py::test_agent_has_no_structural_brain_seams[executor] PASSED [ 71%]
tools/craft/tests/test_agents_generic.py::test_agent_has_no_structural_brain_seams[log-sifter] PASSED [ 71%]
tools/craft/tests/test_agents_generic.py::test_agent_has_no_structural_brain_seams[planner] PASSED [ 71%]
tools/craft/tests/test_agents_generic.py::test_agent_has_no_structural_brain_seams[researcher] PASSED [ 71%]
tools/craft/tests/test_agents_generic.py::test_agent_has_no_structural_brain_seams[security-auditor] PASSED [ 71%]
tools/craft/tests/test_agents_generic.py::test_agent_has_no_structural_brain_seams[test-runner] PASSED [ 71%]
tools/craft/tests/test_agents_generic.py::test_agent_has_no_structural_brain_seams[troubleshooter] PASSED [ 71%]
tools/craft/tests/test_agents_generic.py::test_agent_has_no_middle_band_tokens[advocate] PASSED [ 71%]
tools/craft/tests/test_agents_generic.py::test_agent_has_no_middle_band_tokens[architect] PASSED [ 71%]
tools/craft/tests/test_agents_generic.py::test_agent_has_no_middle_band_tokens[artist] PASSED [ 71%]
tools/craft/tests/test_agents_generic.py::test_agent_has_no_middle_band_tokens[assumption-prover] PASSED [ 71%]
tools/craft/tests/test_agents_generic.py::test_agent_has_no_middle_band_tokens[attacker] PASSED [ 71%]
tools/craft/tests/test_agents_generic.py::test_agent_has_no_middle_band_tokens[breaker] PASSED [ 71%]
tools/craft/tests/test_agents_generic.py::test_agent_has_no_middle_band_tokens[builder] PASSED [ 71%]
tools/craft/tests/test_agents_generic.py::test_agent_has_no_middle_band_tokens[code-reviewer] PASSED [ 71%]
tools/craft/tests/test_agents_generic.py::test_agent_has_no_middle_band_tokens[doc-finder] PASSED [ 71%]
tools/craft/tests/test_agents_generic.py::test_agent_has_no_middle_band_tokens[executor] PASSED [ 71%]
tools/craft/tests/test_agents_generic.py::test_agent_has_no_middle_band_tokens[log-sifter] PASSED [ 71%]
tools/craft/tests/test_agents_generic.py::test_agent_has_no_middle_band_tokens[planner] PASSED [ 72%]
tools/craft/tests/test_agents_generic.py::test_agent_has_no_middle_band_tokens[researcher] PASSED [ 72%]
tools/craft/tests/test_agents_generic.py::test_agent_has_no_middle_band_tokens[security-auditor] PASSED [ 72%]
tools/craft/tests/test_agents_generic.py::test_agent_has_no_middle_band_tokens[test-runner] PASSED [ 72%]
tools/craft/tests/test_agents_generic.py::test_agent_has_no_middle_band_tokens[troubleshooter] PASSED [ 72%]
tools/craft/tests/test_agents_generic.py::test_harvest_bearing_agent_retains_heading[architect] PASSED [ 72%]
tools/craft/tests/test_agents_generic.py::test_harvest_bearing_agent_retains_heading[code-reviewer] PASSED [ 72%]
tools/craft/tests/test_agents_generic.py::test_harvest_bearing_agent_retains_heading[security-auditor] PASSED [ 72%]
tools/craft/tests/test_agents_generic.py::test_harvest_bearing_agent_retains_heading[troubleshooter] PASSED [ 72%]
tools/craft/tests/test_agents_generic.py::test_harvest_bearing_agent_retains_heading[researcher] PASSED [ 72%]
tools/craft/tests/test_agents_generic.py::test_harvest_bearing_agent_retains_heading[assumption-prover] PASSED [ 72%]
tools/craft/tests/test_agents_generic.py::test_harvest_bearing_agent_retains_heading[executor] PASSED [ 72%]
tools/craft/tests/test_agents_generic.py::test_planner_has_no_observability_seam_tokens PASSED [ 72%]
tools/craft/tests/test_agents_generic.py::test_planner_observability_visible_skip_present PASSED [ 72%]
tools/craft/tests/test_agents_generic.py::test_visible_skip_notice_present[architect] PASSED [ 72%]
tools/craft/tests/test_agents_generic.py::test_visible_skip_notice_present[troubleshooter] PASSED [ 72%]
tools/craft/tests/test_agents_generic.py::test_visible_skip_notice_present[researcher] PASSED [ 72%]
tools/craft/tests/test_agents_generic.py::test_visible_skip_notice_present[planner] PASSED [ 72%]
tools/craft/tests/test_agents_generic.py::test_visible_skip_notice_present[builder] PASSED [ 72%]
tools/craft/tests/test_agents_generic.py::test_visible_skip_notice_present[breaker] PASSED [ 72%]
tools/craft/tests/test_agents_generic.py::test_visible_skip_notice_present[attacker] PASSED [ 72%]
tools/craft/tests/test_agents_generic.py::test_visible_skip_notice_present[advocate] PASSED [ 72%]
tools/craft/tests/test_agents_generic.py::test_council_agent_skip_notice_exactly_once[advocate] PASSED [ 72%]
tools/craft/tests/test_agents_generic.py::test_council_agent_skip_notice_exactly_once[attacker] PASSED [ 72%]
tools/craft/tests/test_agents_generic.py::test_council_agent_skip_notice_exactly_once[breaker] PASSED [ 72%]
tools/craft/tests/test_agents_generic.py::test_council_agent_skip_notice_exactly_once[builder] PASSED [ 72%]
tools/craft/tests/test_agents_registrable.py::test_at_least_one_agent_ships PASSED [ 72%]
tools/craft/tests/test_agents_registrable.py::test_agent_has_registrable_frontmatter[advocate] PASSED [ 73%]
tools/craft/tests/test_agents_registrable.py::test_agent_has_registrable_frontmatter[architect] PASSED [ 73%]
tools/craft/tests/test_agents_registrable.py::test_agent_has_registrable_frontmatter[artist] PASSED [ 73%]
tools/craft/tests/test_agents_registrable.py::test_agent_has_registrable_frontmatter[assumption-prover] PASSED [ 73%]
tools/craft/tests/test_agents_registrable.py::test_agent_has_registrable_frontmatter[attacker] PASSED [ 73%]
tools/craft/tests/test_agents_registrable.py::test_agent_has_registrable_frontmatter[breaker] PASSED [ 73%]
tools/craft/tests/test_agents_registrable.py::test_agent_has_registrable_frontmatter[builder] PASSED [ 73%]
tools/craft/tests/test_agents_registrable.py::test_agent_has_registrable_frontmatter[code-reviewer] PASSED [ 73%]
tools/craft/tests/test_agents_registrable.py::test_agent_has_registrable_frontmatter[doc-finder] PASSED [ 73%]
tools/craft/tests/test_agents_registrable.py::test_agent_has_registrable_frontmatter[executor] PASSED [ 73%]
tools/craft/tests/test_agents_registrable.py::test_agent_has_registrable_frontmatter[log-sifter] PASSED [ 73%]
tools/craft/tests/test_agents_registrable.py::test_agent_has_registrable_frontmatter[planner] PASSED [ 73%]
tools/craft/tests/test_agents_registrable.py::test_agent_has_registrable_frontmatter[researcher] PASSED [ 73%]
tools/craft/tests/test_agents_registrable.py::test_agent_has_registrable_frontmatter[security-auditor] PASSED [ 73%]
tools/craft/tests/test_agents_registrable.py::test_agent_has_registrable_frontmatter[test-runner] PASSED [ 73%]
tools/craft/tests/test_agents_registrable.py::test_agent_has_registrable_frontmatter[troubleshooter] PASSED [ 73%]
tools/craft/tests/test_agents_registrable.py::test_planner_tools_line_is_generic PASSED [ 73%]
tools/craft/tests/test_artist_dezenithed.py::test_leak_gate_artist_md_is_clean PASSED [ 73%]
tools/craft/tests/test_artist_dezenithed.py::test_leak_gate_slice1_surface_still_clean PASSED [ 73%]
tools/craft/tests/test_artist_dezenithed.py::test_artist_frontmatter_name_is_artist PASSED [ 73%]
tools/craft/tests/test_artist_dezenithed.py::test_artist_frontmatter_has_description PASSED [ 73%]
tools/craft/tests/test_artist_dezenithed.py::test_artist_is_a_selectable_subagent PASSED [ 73%]
tools/craft/tests/test_artist_dezenithed.py::test_capabilities_toml_has_no_capability_groups PASSED [ 73%]
tools/craft/tests/test_artist_dezenithed.py::test_blocked_message_names_file_line_escape PASSED [ 73%]
tools/craft/tests/test_artist_dezenithed.py::test_blocked_message_names_greenfield_escape PASSED [ 73%]
tools/craft/tests/test_artist_dezenithed.py::test_blocked_message_names_both_escapes_in_block_rule PASSED [ 73%]
tools/craft/tests/test_artist_dezenithed.py::test_greenfield_aspirational_chrome_out_of_scope_note PASSED [ 73%]
tools/craft/tests/test_artist_dezenithed.py::test_artist_carries_create_mode PASSED [ 73%]
tools/craft/tests/test_artist_dezenithed.py::test_artist_carries_update_mode PASSED [ 74%]
tools/craft/tests/test_artist_dezenithed.py::test_both_modes_structurally_present PASSED [ 74%]
tools/craft/tests/test_artist_dezenithed.py::test_artist_resolves_roots_from_input_env PASSED [ 74%]
tools/craft/tests/test_artist_dezenithed.py::test_artist_does_not_name_specific_aesthetic PASSED [ 74%]
tools/craft/tests/test_artist_dezenithed.py::test_artist_does_not_have_fixed_surface_list PASSED [ 74%]
tools/craft/tests/test_artist_dezenithed.py::test_artist_references_combine_as_deliverable_step PASSED [ 74%]
tools/craft/tests/test_artist_dezenithed.py::test_artist_carries_anchor_to_real_chrome_block_rule PASSED [ 74%]
tools/craft/tests/test_artist_dezenithed.py::test_artist_component_mapping_before_html PASSED [ 74%]
tools/craft/tests/test_artist_dezenithed.py::test_artist_report_under_12_lines PASSED [ 74%]
tools/craft/tests/test_combine_design.py::test_import_via_scripts_dir_harness PASSED [ 74%]
tools/craft/tests/test_combine_design.py::test_cli_help_names_required_args PASSED [ 74%]
tools/craft/tests/test_combine_design.py::test_cli_spec_link_arg_present PASSED [ 74%]
tools/craft/tests/test_combine_design.py::test_verbatim_body_survives_in_output PASSED [ 74%]
tools/craft/tests/test_combine_design.py::test_numbered_sections_and_toc PASSED [ 74%]
tools/craft/tests/test_combine_design.py::test_docbar_no_toggles_when_chrome_declares_none PASSED [ 74%]
tools/craft/tests/test_combine_design.py::test_docbar_toggles_present_for_declared_variants PASSED [ 74%]
tools/craft/tests/test_combine_design.py::test_multi_surface_sections_labeled_by_prefix PASSED [ 74%]
tools/craft/tests/test_combine_design.py::test_spec_link_present_in_output PASSED [ 74%]
tools/craft/tests/test_combine_design.py::test_no_external_stylesheet_link_except_flagged_webfont PASSED [ 74%]
tools/craft/tests/test_combine_design.py::test_path_traversal_rejected_nonzero_exit_no_output PASSED [ 74%]
tools/craft/tests/test_combine_design.py::test_path_traversal_via_cli_nonzero_no_output PASSED [ 74%]
tools/craft/tests/test_combine_design.py::test_index_order_is_authoritative_over_filename_alpha PASSED [ 74%]
tools/craft/tests/test_combine_design.py::test_no_partial_output_on_missing_screen_file PASSED [ 74%]
tools/craft/tests/test_combine_design.py::test_malformed_missing_screen_named_error PASSED [ 74%]
tools/craft/tests/test_combine_design.py::test_cli_basic_invocation PASSED [ 74%]
tools/craft/tests/test_combine_design.py::test_cli_with_spec_url PASSED  [ 74%]
tools/craft/tests/test_combine_design.py::test_design_tokens_swatch_section_present PASSED [ 74%]
tools/craft/tests/test_combine_design.py::test_html_escape_escapes_single_quotes PASSED [ 74%]
tools/craft/tests/test_combine_design.py::test_html_escape_escapes_all_required_chars PASSED [ 75%]
tools/craft/tests/test_combine_design.py::test_env_fallback_designs_root_when_flag_absent PASSED [ 75%]
tools/craft/tests/test_combine_design.py::test_env_fallback_chrome_root_when_flag_absent PASSED [ 75%]
tools/craft/tests/test_combine_design.py::test_cli_flag_wins_over_env_designs_root PASSED [ 75%]
tools/craft/tests/test_combine_design.py::test_cli_neither_flag_nor_env_exits_nonzero PASSED [ 75%]
tools/craft/tests/test_combine_design.py::test_leak_gate_combine_design_script_is_clean PASSED [ 75%]
tools/craft/tests/test_council_shared_dedup.py::test_bars_byte_for_byte_in_shared PASSED [ 75%]
tools/craft/tests/test_council_shared_dedup.py::test_disposition_names_in_shared_or_plan PASSED [ 75%]
tools/craft/tests/test_council_shared_dedup.py::test_synthesis_rule_in_shared PASSED [ 75%]
tools/craft/tests/test_council_shared_dedup.py::test_prompt_template_skeleton_in_shared PASSED [ 75%]
tools/craft/tests/test_council_shared_dedup.py::test_template_output_calibration_pinned PASSED [ 75%]
tools/craft/tests/test_council_shared_dedup.py::test_lens_substitution_documented_in_shared PASSED [ 75%]
tools/craft/tests/test_council_shared_dedup.py::test_bars_not_duplicated_in_plan_body PASSED [ 75%]
tools/craft/tests/test_council_shared_dedup.py::test_bars_not_in_consult_body PASSED [ 75%]
tools/craft/tests/test_council_shared_dedup.py::test_synthesis_rules_not_reinlined PASSED [ 75%]
tools/craft/tests/test_council_shared_dedup.py::test_plan_retains_disposition_gate_and_persistence PASSED [ 75%]
tools/craft/tests/test_council_shared_dedup.py::test_plan_keeps_spec_path_substitution PASSED [ 75%]
tools/craft/tests/test_council_shared_dedup.py::test_consult_keeps_role_label_note_and_context_pointers PASSED [ 75%]
tools/craft/tests/test_council_shared_dedup.py::test_consult_has_no_persistence_schema PASSED [ 75%]
tools/craft/tests/test_council_shared_dedup.py::test_single_persistence_worked_example PASSED [ 75%]
tools/craft/tests/test_council_shared_dedup.py::test_skills_reference_shared_council PASSED [ 75%]
tools/craft/tests/test_council_shared_dedup.py::test_shared_council_stays_compressed PASSED [ 75%]
tools/craft/tests/test_craft_skills_generic.py::test_skill_has_no_structural_brain_seams[consult] PASSED [ 75%]
tools/craft/tests/test_craft_skills_generic.py::test_skill_has_no_structural_brain_seams[execute] PASSED [ 75%]
tools/craft/tests/test_craft_skills_generic.py::test_skill_has_no_structural_brain_seams[pickup] PASSED [ 75%]
tools/craft/tests/test_craft_skills_generic.py::test_skill_has_no_structural_brain_seams[plan] PASSED [ 75%]
tools/craft/tests/test_craft_skills_generic.py::test_skill_has_no_structural_brain_seams[polish] PASSED [ 75%]
tools/craft/tests/test_craft_skills_generic.py::test_skill_has_no_structural_brain_seams[review] PASSED [ 76%]
tools/craft/tests/test_craft_skills_generic.py::test_skill_has_no_structural_brain_seams[shelve] PASSED [ 76%]
tools/craft/tests/test_craft_skills_generic.py::test_skill_has_no_app_seam_tokens[consult] PASSED [ 76%]
tools/craft/tests/test_craft_skills_generic.py::test_skill_has_no_app_seam_tokens[execute] PASSED [ 76%]
tools/craft/tests/test_craft_skills_generic.py::test_skill_has_no_app_seam_tokens[pickup] PASSED [ 76%]
tools/craft/tests/test_craft_skills_generic.py::test_skill_has_no_app_seam_tokens[plan] PASSED [ 76%]
tools/craft/tests/test_craft_skills_generic.py::test_skill_has_no_app_seam_tokens[polish] PASSED [ 76%]
tools/craft/tests/test_craft_skills_generic.py::test_skill_has_no_app_seam_tokens[review] PASSED [ 76%]
tools/craft/tests/test_craft_skills_generic.py::test_skill_has_no_app_seam_tokens[shelve] PASSED [ 76%]
tools/craft/tests/test_craft_skills_generic.py::test_skill_visible_skip_phrases_present[execute] PASSED [ 76%]
tools/craft/tests/test_craft_skills_generic.py::test_skill_visible_skip_phrases_present[plan] PASSED [ 76%]
tools/craft/tests/test_craft_skills_generic.py::test_skill_generalize_replacement_landed[polish] PASSED [ 76%]
tools/craft/tests/test_craft_skills_generic.py::test_skill_generalize_replacement_landed[review] PASSED [ 76%]
tools/craft/tests/test_craft_skills_generic.py::test_skill_inlined_values_present[execute] PASSED [ 76%]
tools/craft/tests/test_craft_skills_registrable.py::test_skill_has_registrable_frontmatter[consult] PASSED [ 76%]
tools/craft/tests/test_craft_skills_registrable.py::test_skill_has_registrable_frontmatter[execute] PASSED [ 76%]
tools/craft/tests/test_craft_skills_registrable.py::test_skill_has_registrable_frontmatter[pickup] PASSED [ 76%]
tools/craft/tests/test_craft_skills_registrable.py::test_skill_has_registrable_frontmatter[plan] PASSED [ 76%]
tools/craft/tests/test_craft_skills_registrable.py::test_skill_has_registrable_frontmatter[polish] PASSED [ 76%]
tools/craft/tests/test_craft_skills_registrable.py::test_skill_has_registrable_frontmatter[review] PASSED [ 76%]
tools/craft/tests/test_craft_skills_registrable.py::test_skill_has_registrable_frontmatter[shelve] PASSED [ 76%]
tools/craft/tests/test_craft_skills_registrable.py::test_execute_dispatched_agents_resolve PASSED [ 76%]
tools/craft/tests/test_craft_skills_registrable.py::test_shelve_and_pickup_skills_present PASSED [ 76%]
tools/craft/tests/test_design_phase.py::test_design_mockup_provider_seam_present PASSED [ 76%]
tools/craft/tests/test_design_phase.py::test_provider_seam_names_artist_agent PASSED [ 76%]
tools/craft/tests/test_design_phase.py::test_provider_seam_references_brief_shape PASSED [ 76%]
tools/craft/tests/test_design_phase.py::test_provider_seam_is_marked_live PASSED [ 76%]
tools/craft/tests/test_design_phase.py::test_seam_is_marked_live PASSED  [ 76%]
tools/craft/tests/test_design_phase.py::test_seam_states_brainstorm_dispatches_artist PASSED [ 77%]
tools/craft/tests/test_design_phase.py::test_full_ws2_surface_leak_gate_agents PASSED [ 77%]
tools/craft/tests/test_design_phase.py::test_full_ws2_surface_leak_gate_scripts PASSED [ 77%]
tools/craft/tests/test_design_phase.py::test_full_ws2_surface_leak_gate_docs PASSED [ 77%]
tools/craft/tests/test_design_phase.py::test_design_phase_declaration_present PASSED [ 77%]
tools/craft/tests/test_design_phase.py::test_design_phase_names_artist_renders PASSED [ 77%]
tools/craft/tests/test_design_phase.py::test_design_phase_names_combine_produces_reference PASSED [ 77%]
tools/craft/tests/test_design_phase.py::test_a6_invoke_artist_directly_section_present PASSED [ 77%]
tools/craft/tests/test_design_phase.py::test_a6_combine_cli_args_named PASSED [ 77%]
tools/craft/tests/test_design_phase.py::test_a6_example_invocation_present PASSED [ 77%]
tools/craft/tests/test_handoff_capture.py::test_capture_git_state_reports_branch_ahead_and_clean PASSED [ 77%]
tools/craft/tests/test_handoff_capture.py::test_capture_git_state_flags_dirty_worktree PASSED [ 77%]
tools/craft/tests/test_handoff_capture.py::test_capture_git_state_bounds_log_via_merge_base PASSED [ 77%]
tools/craft/tests/test_handoff_capture.py::test_capture_git_state_falls_back_when_default_branch_missing PASSED [ 77%]
tools/craft/tests/test_handoff_capture.py::test_capture_git_state_graceful_on_non_git_dir PASSED [ 77%]
tools/craft/tests/test_handoff_capture.py::test_lore_state_absent_when_command_missing PASSED [ 77%]
tools/craft/tests/test_handoff_capture.py::test_lore_state_absent_when_vault_unset PASSED [ 77%]
tools/craft/tests/test_handoff_capture.py::test_lore_state_broken_when_stats_nonzero PASSED [ 77%]
tools/craft/tests/test_handoff_capture.py::test_lore_state_working_when_all_three_pass PASSED [ 77%]
tools/craft/tests/test_handoff_capture.py::test_write_degraded_handoff_lands_out_of_repo PASSED [ 77%]
tools/craft/tests/test_handoff_capture.py::test_write_degraded_handoff_creates_dir_when_missing PASSED [ 77%]
tools/craft/tests/test_handoff_capture.py::test_real_lore_handoff_with_pickup_hints_file PASSED [ 77%]
tools/craft/tests/test_handoff_capture.py::test_write_degraded_handoff_slug_stays_contained_under_handoff_dir PASSED [ 77%]
tools/craft/tests/test_handoff_skill.py::test_code_safety_announcement_present_and_first PASSED [ 77%]
tools/craft/tests/test_handoff_skill.py::test_which_backend_declaration_present PASSED [ 77%]
tools/craft/tests/test_handoff_skill.py::test_resolved_vault_path_confirmation_present PASSED [ 77%]
tools/craft/tests/test_handoff_skill.py::test_mid_failure_handling_present PASSED [ 77%]
tools/craft/tests/test_handoff_skill.py::test_pickup_discoverability_present PASSED [ 77%]
tools/craft/tests/test_handoff_skill.py::test_empty_hints_guard_present PASSED [ 78%]
tools/craft/tests/test_handoff_skill.py::test_degraded_path_is_out_of_repo PASSED [ 78%]
tools/craft/tests/test_handoff_skill.py::test_lore_detection_uses_three_state_probe PASSED [ 78%]
tools/craft/tests/test_handoff_skill.py::test_no_sibling_enum_or_worktree_shape PASSED [ 78%]
tools/craft/tests/test_handoff_skill.py::test_invokes_helper_script PASSED [ 78%]
tools/craft/tests/test_handoff_skill.py::test_working_path_uses_pickup_hints_file_flag PASSED [ 78%]
tools/craft/tests/test_handoff_skill.py::test_working_path_no_separate_lore_patch_step PASSED [ 78%]
tools/craft/tests/test_leak_gate.py::test_clean_tree_exits_0 PASSED      [ 78%]
tools/craft/tests/test_leak_gate.py::test_seeded_plain_token_exits_1_and_names_file PASSED [ 78%]
tools/craft/tests/test_leak_gate.py::test_word_boundary_anchor_matches_word_not_substring PASSED [ 78%]
tools/craft/tests/test_leak_gate.py::test_dotted_metric_pattern PASSED   [ 78%]
tools/craft/tests/test_leak_gate.py::test_case_insensitive PASSED        [ 78%]
tools/craft/tests/test_leak_gate.py::test_binary_and_pycache_skipped PASSED [ 78%]
tools/craft/tests/test_leak_gate.py::test_multiple_trees_all_scanned PASSED [ 78%]
tools/craft/tests/test_leak_gate.py::test_multiple_trees_all_clean_exits_0 PASSED [ 78%]
tools/craft/tests/test_leak_gate.py::test_multiple_trees_one_missing_fails_closed PASSED [ 78%]
tools/craft/tests/test_leak_gate.py::test_missing_denylist_exits_2 PASSED [ 78%]
tools/craft/tests/test_leak_gate.py::test_empty_denylist_exits_2 PASSED  [ 78%]
tools/craft/tests/test_leak_gate.py::test_missing_tree_exits_2 PASSED    [ 78%]
tools/craft/tests/test_leak_gate.py::test_real_shippable_surface_is_clean[craft] SKIPPED [ 78%]
tools/craft/tests/test_leak_gate.py::test_real_shippable_surface_is_clean[lore] SKIPPED [ 78%]
tools/craft/tests/test_packaging.py::test_plugin_json_parses_and_has_required_keys PASSED [ 78%]
tools/craft/tests/test_pickup_resume.py::test_most_recent_returns_newest_file PASSED [ 78%]
tools/craft/tests/test_pickup_resume.py::test_most_recent_none_when_dir_missing PASSED [ 78%]
tools/craft/tests/test_pickup_resume.py::test_most_recent_none_when_dir_empty PASSED [ 78%]
tools/craft/tests/test_pickup_resume.py::test_most_recent_by_slug PASSED [ 78%]
tools/craft/tests/test_pickup_resume.py::test_most_recent_by_slug_missing_returns_none PASSED [ 78%]
tools/craft/tests/test_pickup_resume.py::test_parse_pickup_hints_extracts_section PASSED [ 79%]
tools/craft/tests/test_pickup_resume.py::test_parse_pickup_hints_graceful_when_absent PASSED [ 79%]
tools/craft/tests/test_pickup_resume.py::test_parse_pickup_hints_runs_to_eof_when_last_section PASSED [ 79%]
tools/craft/tests/test_pickup_resume.py::test_real_pickup_sequence_shelved_then_resume PASSED [ 79%]
tools/craft/tests/test_pickup_resume.py::test_real_pickup_resume_by_path PASSED [ 79%]
tools/craft/tests/test_pickup_skill.py::test_no_rebase_announcement_present PASSED [ 79%]
tools/craft/tests/test_pickup_skill.py::test_no_rebase_is_first_output_line PASSED [ 79%]
tools/craft/tests/test_pickup_skill.py::test_which_backend_declaration_present PASSED [ 79%]
tools/craft/tests/test_pickup_skill.py::test_lore_detection_uses_three_state_probe PASSED [ 79%]
tools/craft/tests/test_pickup_skill.py::test_symmetric_degraded_read_location PASSED [ 79%]
tools/craft/tests/test_pickup_skill.py::test_resume_flips_via_lore_resume PASSED [ 79%]
tools/craft/tests/test_pickup_skill.py::test_empty_state_clear_message PASSED [ 79%]
tools/craft/tests/test_pickup_skill.py::test_invokes_helper_script PASSED [ 79%]
tools/craft/tests/test_pickup_skill.py::test_no_sibling_enum_or_worktree_shape PASSED [ 79%]
tools/craft/tests/test_pickup_skill.py::test_no_placeholder_deferral_language PASSED [ 79%]
tools/craft/tests/test_planner_template_dedup.py::test_spec_template_literal_absent_from_common_path PASSED [ 79%]
tools/craft/tests/test_planner_template_dedup.py::test_plan_template_literal_absent_from_common_path PASSED [ 79%]
tools/craft/tests/test_planner_template_dedup.py::test_lore_new_spec_referenced PASSED [ 79%]
tools/craft/tests/test_planner_template_dedup.py::test_lore_new_plan_referenced PASSED [ 79%]
tools/craft/tests/test_planner_template_dedup.py::test_fallback_marker_present PASSED [ 79%]
tools/craft/tests/test_planner_template_dedup.py::test_spec_checklist_carries_all_required_sections PASSED [ 79%]
tools/craft/tests/test_planner_template_dedup.py::test_plan_checklist_carries_all_required_sections PASSED [ 79%]
tools/camp/tests/test_activation.py::test_enter_pending_prints_provisioning_message PASSED [ 79%]
tools/camp/tests/test_activation.py::test_enter_pending_does_not_run_hooks PASSED [ 79%]
tools/camp/tests/test_activation.py::test_enter_failed_names_failure_and_retry PASSED [ 79%]
tools/camp/tests/test_activation.py::test_enter_ready_fires_each_hook_once PASSED [ 79%]
tools/camp/tests/test_activation.py::test_enter_ready_hooks_run_shell_false PASSED [ 79%]
tools/camp/tests/test_activation.py::test_enter_ready_prints_member_claude_md PASSED [ 79%]
tools/camp/tests/test_activation.py::test_enter_ready_prints_fallback_when_no_claude_md PASSED [ 80%]
tools/camp/tests/test_activation.py::test_enter_ready_marks_activated_in_manifest PASSED [ 80%]
tools/camp/tests/test_activation.py::test_enter_ready_reenter_does_not_rerun_hooks PASSED [ 80%]
tools/camp/tests/test_activation.py::test_enter_ready_reenter_reprints_doc PASSED [ 80%]
tools/camp/tests/test_activation.py::test_unknown_hook_kind_raises_group_config_error PASSED [ 80%]
tools/camp/tests/test_activation.py::test_group_config_parses_activation_hooks PASSED [ 80%]
tools/camp/tests/test_activation.py::test_group_config_no_hooks_defaults_to_empty_list PASSED [ 80%]
tools/camp/tests/test_activation.py::test_group_config_hook_cmd_must_be_list PASSED [ 80%]
tools/camp/tests/test_activation.py::test_group_config_hook_cmd_elements_must_be_strings PASSED [ 80%]
tools/camp/tests/test_activation.py::test_group_config_hook_empty_token_rejected PASSED [ 80%]
tools/camp/tests/test_activation.py::test_group_config_hook_whitespace_only_token_rejected PASSED [ 80%]
tools/camp/tests/test_activation.py::test_group_config_hook_missing_kind_errors PASSED [ 80%]
tools/camp/tests/test_activation.py::test_group_config_hook_missing_cmd_errors PASSED [ 80%]
tools/camp/tests/test_activation.py::test_cli_enter_unknown_hook_kind_exits_nonzero_with_legible_message PASSED [ 80%]
tools/camp/tests/test_activation.py::test_failing_hook_does_not_mark_activated PASSED [ 80%]
tools/camp/tests/test_activation.py::test_failing_hook_surfaces_legibly_via_cli PASSED [ 80%]
tools/camp/tests/test_activation.py::test_enter_claude_hook_enqueues_doc_not_stdout PASSED [ 80%]
tools/camp/tests/test_activation.py::test_enter_claude_hook_prints_concise_confirmation PASSED [ 80%]
tools/camp/tests/test_activation.py::test_enter_claude_hook_without_drain_hook_falls_back_to_stdout PASSED [ 80%]
tools/camp/tests/test_activation.py::test_enter_stdout_strategy_prints_full_doc PASSED [ 80%]
tools/camp/tests/test_ai_launch.py::TestNewVsResume::test_first_ai_uses_new_template_and_writes_lock PASSED [ 80%]
tools/camp/tests/test_ai_launch.py::TestNewVsResume::test_second_ai_uses_resume_template PASSED [ 80%]
tools/camp/tests/test_ai_launch.py::TestRefuseConcurrent::test_live_lock_refuses_and_does_not_launch PASSED [ 80%]
tools/camp/tests/test_ai_launch.py::TestRefuseConcurrent::test_live_lock_refusal_names_workspace_pid_timestamp PASSED [ 80%]
tools/camp/tests/test_ai_launch.py::TestRefuseConcurrent::test_stale_dead_pid_lock_reclaimed_launch_proceeds PASSED [ 80%]
tools/camp/tests/test_ai_launch.py::TestBringUpInjectHook::test_claude_hook_default_installs_posttooluse_hook PASSED [ 80%]
tools/camp/tests/test_ai_launch.py::TestBringUpInjectHook::test_stdout_strategy_does_not_install_posttooluse_hook PASSED [ 80%]
tools/camp/tests/test_ai_launch.py::TestBringUpInjectHook::test_inject_hook_idempotent_on_reentry PASSED [ 80%]
tools/camp/tests/test_camp_cli.py::test_camp_help_exits_0 PASSED         [ 81%]
tools/camp/tests/test_camp_cli.py::test_camp_help_prints_grouped_menu PASSED [ 81%]
tools/camp/tests/test_camp_cli.py::test_camp_help_contains_key_commands PASSED [ 81%]
tools/camp/tests/test_camp_cli.py::test_camp_version_exits_0 PASSED      [ 81%]
tools/camp/tests/test_camp_cli.py::test_camp_version_includes_binary_path PASSED [ 81%]
tools/camp/tests/test_camp_cli.py::test_camp_which_exits_0 PASSED        [ 81%]
tools/camp/tests/test_camp_cli.py::test_camp_which_prints_path PASSED    [ 81%]
tools/camp/tests/test_camp_cli.py::test_bin_camp_wrapper_exits_0_on_help PASSED [ 81%]
tools/camp/tests/test_camp_cli.py::test_capabilities_toml_loads_and_validates PASSED [ 81%]
tools/camp/tests/test_camp_cli.py::test_capabilities_toml_no_skills PASSED [ 81%]
tools/camp/tests/test_camp_cli.py::test_author_from_flags_writes_loadable_config PASSED [ 81%]
tools/camp/tests/test_camp_cli.py::test_force_redefine_does_not_self_collide PASSED [ 81%]
tools/camp/tests/test_camp_cli.py::test_existing_config_without_force_errors_and_preserves_file PASSED [ 81%]
tools/camp/tests/test_camp_cli.py::test_existing_config_with_force_overwrites PASSED [ 81%]
tools/camp/tests/test_camp_cli.py::test_scaffold_writes_stub_no_hooks PASSED [ 81%]
tools/camp/tests/test_camp_cli.py::test_bare_init_unknown_group_errors PASSED [ 81%]
tools/camp/tests/test_camp_cli.py::test_bare_init_known_group_wires_hooks PASSED [ 81%]
tools/camp/tests/test_camp_cli.py::test_malformed_member_errors_writes_nothing[noequals] PASSED [ 81%]
tools/camp/tests/test_camp_cli.py::test_malformed_member_errors_writes_nothing[=/some/path] PASSED [ 81%]
tools/camp/tests/test_camp_cli.py::test_malformed_member_errors_writes_nothing[n=] PASSED [ 81%]
tools/camp/tests/test_camp_cli.py::test_member_path_with_equals_splits_on_first PASSED [ 81%]
tools/camp/tests/test_camp_cli.py::test_atomicity_validation_failure_leaves_no_tmp PASSED [ 81%]
tools/camp/tests/test_camp_cli.py::test_atomicity_roundtrip_gate_failure_unlinks_tmp PASSED [ 81%]
tools/camp/tests/test_camp_cli.py::test_group_help_documents_flags PASSED [ 81%]
tools/camp/tests/test_camp_cli.py::test_init_help_documents_new_flags PASSED [ 81%]
tools/camp/tests/test_camp_rm_cli.py::TestCampRmSuccess::test_rm_clean_workspace_exits_zero PASSED [ 81%]
tools/camp/tests/test_camp_rm_cli.py::TestCampRmSuccess::test_rm_removes_manifest PASSED [ 81%]
tools/camp/tests/test_camp_rm_cli.py::TestCampRmSuccess::test_rm_name_flag_resolves_slug PASSED [ 82%]
tools/camp/tests/test_camp_rm_cli.py::TestCampRmSuccess::test_rm_announces_removed_slug PASSED [ 82%]
tools/camp/tests/test_camp_rm_cli.py::TestCampRmDirtyBlock::test_dirty_worktree_blocked_without_force PASSED [ 82%]
tools/camp/tests/test_camp_rm_cli.py::TestCampRmDirtyBlock::test_dirty_worktree_blocked_message_mentions_dirty PASSED [ 82%]
tools/camp/tests/test_camp_rm_cli.py::TestCampRmDirtyBlock::test_dirty_worktree_succeeds_with_force PASSED [ 82%]
tools/camp/tests/test_camp_rm_cli.py::TestCampRmDirtyBlock::test_dirty_worktree_force_removes_manifest PASSED [ 82%]
tools/camp/tests/test_camp_rm_cli.py::TestCampRmUnknownSlug::test_unknown_slug_exits_nonzero PASSED [ 82%]
tools/camp/tests/test_camp_rm_cli.py::TestCampRmUnknownSlug::test_unknown_slug_error_is_legible PASSED [ 82%]
tools/camp/tests/test_camp_rm_cli.py::TestCampRmInvokesReconcileBreak::test_rm_reaches_reconcile_break_confinement PASSED [ 82%]
tools/camp/tests/test_claude_trust.py::TestAbsentFile::test_creates_file_with_trust_flag PASSED [ 82%]
tools/camp/tests/test_claude_trust.py::TestAbsentFile::test_created_file_mode_is_0o600 PASSED [ 82%]
tools/camp/tests/test_claude_trust.py::TestAbsentFile::test_key_is_realpath PASSED [ 82%]
tools/camp/tests/test_claude_trust.py::TestAbsentFile::test_only_trust_flag_written_no_extra_keys PASSED [ 82%]
tools/camp/tests/test_claude_trust.py::TestExistingFile::test_merges_into_existing_file_preserves_other_keys PASSED [ 82%]
tools/camp/tests/test_claude_trust.py::TestExistingFile::test_loose_existing_mode_tightened_to_0o600 PASSED [ 82%]
tools/camp/tests/test_claude_trust.py::TestIdempotent::test_second_call_produces_identical_file PASSED [ 82%]
tools/camp/tests/test_claude_trust.py::TestIdempotent::test_already_trusted_dir_is_noop PASSED [ 82%]
tools/camp/tests/test_claude_trust.py::TestMalformedJson::test_malformed_json_does_not_overwrite PASSED [ 82%]
tools/camp/tests/test_claude_trust.py::TestMalformedJson::test_malformed_json_does_not_raise PASSED [ 82%]
tools/camp/tests/test_claude_trust.py::TestMalformedJson::test_malformed_json_emits_camp_stderr PASSED [ 82%]
tools/camp/tests/test_claude_trust.py::TestUnexpectedStructure::test_top_level_not_object_aborts_without_overwrite PASSED [ 82%]
tools/camp/tests/test_claude_trust.py::TestUnexpectedStructure::test_projects_not_object_aborts_without_overwrite PASSED [ 82%]
tools/camp/tests/test_claude_trust.py::TestUnexpectedStructure::test_project_entry_not_object_aborts_without_overwrite PASSED [ 82%]
tools/camp/tests/test_claude_trust.py::TestUnexpectedStructure::test_unexpected_structure_does_not_raise_and_warns PASSED [ 82%]
tools/camp/tests/test_claude_trust.py::TestUnreadableFile::test_unreadable_file_does_not_overwrite PASSED [ 82%]
tools/camp/tests/test_claude_trust.py::TestUnreadableFile::test_unreadable_file_emits_camp_stderr_distinguishable PASSED [ 82%]
tools/camp/tests/test_claude_trust.py::TestConfinement::test_launch_dir_equals_workspace_root_is_written PASSED [ 82%]
tools/camp/tests/test_claude_trust.py::TestConfinement::test_launch_dir_is_descendant_of_workspace_root_is_written PASSED [ 82%]
tools/camp/tests/test_claude_trust.py::TestConfinement::test_launch_dir_outside_workspace_root_is_refused PASSED [ 83%]
tools/camp/tests/test_claude_trust.py::TestConfinement::test_dotdot_escape_is_refused PASSED [ 83%]
tools/camp/tests/test_claude_trust.py::TestConfinement::test_etc_path_is_refused PASSED [ 83%]
tools/camp/tests/test_claude_trust.py::TestConfinement::test_stderr_confinement_message_distinguishable_from_read_error PASSED [ 83%]
tools/camp/tests/test_claude_trust.py::TestResolvedCwd::test_default_cwd_is_workspace PASSED [ 83%]
tools/camp/tests/test_claude_trust.py::TestResolvedCwd::test_custom_cwd_template_substituted PASSED [ 83%]
tools/camp/tests/test_claude_trust.py::TestResolvedCwd::test_resolved_cwd_accepts_path_workspace PASSED [ 83%]
tools/camp/tests/test_claude_trust.py::TestResolvedCwd::test_launch_uses_resolved_cwd PASSED [ 83%]
tools/camp/tests/test_claude_trust.py::TestIsClaudeLaunch::test_baked_in_default_is_claude_launch PASSED [ 83%]
tools/camp/tests/test_claude_trust.py::TestIsClaudeLaunch::test_explicit_claude_binary_is_claude_launch PASSED [ 83%]
tools/camp/tests/test_claude_trust.py::TestIsClaudeLaunch::test_codex_is_not_claude_launch PASSED [ 83%]
tools/camp/tests/test_claude_trust.py::TestIsClaudeLaunch::test_other_binary_is_not_claude_launch PASSED [ 83%]
tools/camp/tests/test_claude_trust.py::TestIsClaudeLaunch::test_path_to_claude_binary_is_claude_launch PASSED [ 83%]
tools/camp/tests/test_claude_trust.py::TestIsClaudeLaunch::test_empty_new_is_not_claude_launch_no_raise PASSED [ 83%]
tools/camp/tests/test_claude_trust.py::TestShouldPretrust::test_bare_default_pretrusts PASSED [ 83%]
tools/camp/tests/test_claude_trust.py::TestShouldPretrust::test_explicit_claude_block_without_inject_pretrusts PASSED [ 83%]
tools/camp/tests/test_claude_trust.py::TestShouldPretrust::test_pretrust_false_disables PASSED [ 83%]
tools/camp/tests/test_claude_trust.py::TestShouldPretrust::test_non_claude_binary_without_claude_hook_does_not_pretrust PASSED [ 83%]
tools/camp/tests/test_claude_trust.py::TestShouldPretrust::test_wrapper_with_claude_hook_inject_pretrusts PASSED [ 83%]
tools/camp/tests/test_group_config.py::test_load_valid_config PASSED     [ 83%]
tools/camp/tests/test_group_config.py::test_load_bootstrap_is_list PASSED [ 83%]
tools/camp/tests/test_group_config.py::test_load_bootstrap_defaults_to_empty_list PASSED [ 83%]
tools/camp/tests/test_group_config.py::test_load_branch_pattern_defaults PASSED [ 83%]
tools/camp/tests/test_group_config.py::test_member_base_defaults_to_origin_main PASSED [ 83%]
tools/camp/tests/test_group_config.py::test_member_base_override_honored PASSED [ 83%]
tools/camp/tests/test_group_config.py::test_member_base_non_string_errors PASSED [ 83%]
tools/camp/tests/test_group_config.py::test_missing_group_name_errors_with_field PASSED [ 83%]
tools/camp/tests/test_group_config.py::test_missing_member_repo_root_errors_with_field PASSED [ 83%]
tools/camp/tests/test_group_config.py::test_missing_member_name_errors_with_field PASSED [ 84%]
tools/camp/tests/test_group_config.py::test_bootstrap_not_list_errors_with_field PASSED [ 84%]
tools/camp/tests/test_group_config.py::test_dev_env_block_warns_and_continues PASSED [ 84%]
tools/camp/tests/test_group_config.py::test_no_config_file_first_run_message PASSED [ 84%]
tools/camp/tests/test_group_config.py::test_load_all_groups_empty_dir PASSED [ 84%]
tools/camp/tests/test_group_config.py::test_load_all_groups_loads_files PASSED [ 84%]
tools/camp/tests/test_group_config.py::test_groups_example_trailhead_toml_exists PASSED [ 84%]
tools/camp/tests/test_group_config.py::test_groups_example_trailhead_toml_loads PASSED [ 84%]
tools/camp/tests/test_group_config.py::test_shared_vaults_round_trips_into_dict PASSED [ 84%]
tools/camp/tests/test_group_config.py::test_no_shared_vaults_defaults_to_empty_list PASSED [ 84%]
tools/camp/tests/test_group_config.py::test_shared_vaults_missing_name_raises PASSED [ 84%]
tools/camp/tests/test_group_config.py::test_shared_vaults_empty_name_raises PASSED [ 84%]
tools/camp/tests/test_group_config.py::test_shared_vaults_missing_root_raises PASSED [ 84%]
tools/camp/tests/test_group_config.py::test_shared_vaults_empty_root_raises PASSED [ 84%]
tools/camp/tests/test_group_config.py::test_harness_doc_files_only_loads PASSED [ 84%]
tools/camp/tests/test_group_config.py::test_harness_doc_files_only_no_new_key PASSED [ 84%]
tools/camp/tests/test_group_config.py::test_harness_cwd_only_loads PASSED [ 84%]
tools/camp/tests/test_group_config.py::test_harness_new_only_loads PASSED [ 84%]
tools/camp/tests/test_group_config.py::test_groups_example_harness_commented_block_round_trips PASSED [ 84%]
tools/camp/tests/test_group_resolve.py::TestStateDirResolverMatrix::test_1_workspace_root PASSED [ 84%]
tools/camp/tests/test_group_resolve.py::TestStateDirResolverMatrix::test_2_member_subdir PASSED [ 84%]
tools/camp/tests/test_group_resolve.py::TestStateDirResolverMatrix::test_3_deep_path_inside_member PASSED [ 84%]
tools/camp/tests/test_group_resolve.py::TestStateDirResolverMatrix::test_4_another_member_subdir PASSED [ 84%]
tools/camp/tests/test_group_resolve.py::TestStateDirResolverMatrix::test_5_canonical_member_repo_returns_group_no_slug PASSED [ 84%]
tools/camp/tests/test_group_resolve.py::TestStateDirResolverMatrix::test_5b_deep_inside_canonical_member_repo PASSED [ 84%]
tools/camp/tests/test_group_resolve.py::TestStateDirResolverMatrix::test_6_non_member_dir_raises PASSED [ 84%]
tools/camp/tests/test_group_resolve.py::TestStateDirResolverMatrix::test_6b_state_dir_root_itself_raises PASSED [ 84%]
tools/camp/tests/test_group_resolve.py::TestStateDirResolverMatrix::test_6c_unconfigured_group_under_state_dir_raises PASSED [ 85%]
tools/camp/tests/test_group_resolve.py::TestStateDirResolverMatrix::test_7_different_slug_same_group PASSED [ 85%]
tools/camp/tests/test_group_resolve.py::TestStateDirResolverMatrix::test_7b_deep_path_resolves_correct_slug PASSED [ 85%]
tools/camp/tests/test_group_resolve.py::TestStateDirResolverMatrix::test_8_deep_state_dir_root PASSED [ 85%]
tools/camp/tests/test_group_resolve.py::TestStateDirResolverMatrix::test_position_5_vs_6_are_unambiguous PASSED [ 85%]
tools/camp/tests/test_group_resolve.py::test_group_override_beats_cwd PASSED [ 85%]
tools/camp/tests/test_group_resolve.py::test_group_override_unknown_group_errors PASSED [ 85%]
tools/camp/tests/test_group_resolve.py::test_no_group_legible_error PASSED [ 85%]
tools/camp/tests/test_group_resolve.py::test_repo_in_two_groups_error PASSED [ 85%]
tools/camp/tests/test_group_resolve.py::test_repo_in_two_groups_surfaces_on_cwd_resolve PASSED [ 85%]
tools/camp/tests/test_group_resolve.py::test_group_name_confinement_rejects_path_traversal[../traversal] PASSED [ 85%]
tools/camp/tests/test_group_resolve.py::test_group_name_confinement_rejects_path_traversal[foo/bar] PASSED [ 85%]
tools/camp/tests/test_group_resolve.py::test_group_name_confinement_rejects_path_traversal[foo\\bar] PASSED [ 85%]
tools/camp/tests/test_group_resolve.py::test_group_name_confinement_rejects_path_traversal[a/b/../c] PASSED [ 85%]
tools/camp/tests/test_group_resolve.py::test_group_name_confinement_rejects_path_traversal[foo\x00bar] PASSED [ 85%]
tools/camp/tests/test_group_resolve.py::test_group_name_valid PASSED     [ 85%]
tools/camp/tests/test_group_resolve.py::test_central_state_path_uses_resolver PASSED [ 85%]
tools/camp/tests/test_group_resolve.py::test_central_state_path_no_file_anchor PASSED [ 85%]
tools/camp/tests/test_group_resolve.py::test_resolve_derives_state_dir_from_env PASSED [ 85%]
tools/camp/tests/test_group_scaffold.py::test_render_group_toml_parses_under_tomllib PASSED [ 85%]
tools/camp/tests/test_group_scaffold.py::test_render_group_toml_round_trips_through_load_group PASSED [ 85%]
tools/camp/tests/test_group_scaffold.py::test_render_group_toml_path_with_spaces_round_trips PASSED [ 85%]
tools/camp/tests/test_group_scaffold.py::test_render_group_toml_repo_root_is_absolute PASSED [ 85%]
tools/camp/tests/test_group_scaffold.py::test_render_group_toml_tilde_path_expanded PASSED [ 85%]
tools/camp/tests/test_group_scaffold.py::test_render_group_toml_bootstrap_always_empty_list PASSED [ 85%]
tools/camp/tests/test_group_scaffold.py::test_render_group_toml_no_shared_vaults_or_dev_env PASSED [ 85%]
tools/camp/tests/test_group_scaffold.py::test_build_stub_toml_parses_as_toml PASSED [ 85%]
tools/camp/tests/test_group_scaffold.py::test_build_stub_toml_contains_group_name PASSED [ 85%]
tools/camp/tests/test_group_scaffold.py::test_build_stub_toml_contains_members_scaffold PASSED [ 86%]
tools/camp/tests/test_group_scaffold.py::test_validate_scaffold_raises_on_nonexistent_repo_root PASSED [ 86%]
tools/camp/tests/test_group_scaffold.py::test_validate_scaffold_allow_missing_skips_existence_check PASSED [ 86%]
tools/camp/tests/test_group_scaffold.py::test_validate_scaffold_raises_on_overlap_with_other_configs PASSED [ 86%]
tools/camp/tests/test_group_scaffold.py::test_validate_scaffold_overlap_message_names_both_groups PASSED [ 86%]
tools/camp/tests/test_group_scaffold.py::test_validate_scaffold_raises_on_intra_group_duplicate PASSED [ 86%]
tools/camp/tests/test_group_scaffold.py::test_validate_scaffold_raises_on_invalid_group_name_dotdot PASSED [ 86%]
tools/camp/tests/test_group_scaffold.py::test_validate_scaffold_raises_on_invalid_group_name_slash PASSED [ 86%]
tools/camp/tests/test_group_scaffold.py::test_validate_scaffold_raises_when_repo_root_not_git PASSED [ 86%]
tools/camp/tests/test_group_scaffold.py::test_validate_scaffold_clean_3_member_input_passes PASSED [ 86%]
tools/camp/tests/test_harness_launch.py::TestClaudeDefault::test_default_new_argv_is_claude_cwd_workspace PASSED [ 86%]
tools/camp/tests/test_harness_launch.py::TestClaudeDefault::test_default_resume_argv_is_claude_dash_r_slug PASSED [ 86%]
tools/camp/tests/test_harness_launch.py::TestCustomHarness::test_custom_new_argv_substitutes_workspace PASSED [ 86%]
tools/camp/tests/test_harness_launch.py::TestCustomHarness::test_custom_resume_argv_substitutes_slug PASSED [ 86%]
tools/camp/tests/test_harness_launch.py::TestCustomHarness::test_custom_cwd_substitution PASSED [ 86%]
tools/camp/tests/test_harness_launch.py::TestHarnessConfigValidation::test_valid_harness_block_parses PASSED [ 86%]
tools/camp/tests/test_harness_launch.py::TestHarnessConfigValidation::test_no_harness_block_absent_from_config PASSED [ 86%]
tools/camp/tests/test_harness_launch.py::TestHarnessConfigValidation::test_harness_new_must_be_list PASSED [ 86%]
tools/camp/tests/test_harness_launch.py::TestHarnessConfigValidation::test_harness_empty_token_rejected PASSED [ 86%]
tools/camp/tests/test_harness_launch.py::TestHarnessConfigValidation::test_harness_non_string_token_rejected PASSED [ 86%]
tools/camp/tests/test_harness_launch.py::TestHarnessConfigValidation::test_harness_unknown_placeholder_rejected PASSED [ 86%]
tools/camp/tests/test_harness_launch.py::TestHarnessConfigValidation::test_harness_cwd_unknown_placeholder_rejected PASSED [ 86%]
tools/camp/tests/test_harness_launch.py::TestHarnessConfigValidation::test_harness_inject_stdout_parses PASSED [ 86%]
tools/camp/tests/test_harness_launch.py::TestHarnessConfigValidation::test_harness_inject_claude_hook_parses PASSED [ 86%]
tools/camp/tests/test_harness_launch.py::TestHarnessConfigValidation::test_harness_inject_absent_not_in_parsed PASSED [ 86%]
tools/camp/tests/test_harness_launch.py::TestHarnessConfigValidation::test_harness_inject_unknown_value_rejected PASSED [ 86%]
tools/camp/tests/test_harness_launch.py::TestHarnessConfigValidation::test_harness_inject_non_string_rejected PASSED [ 86%]
tools/camp/tests/test_harness_launch.py::TestHarnessConfigValidation::test_harness_pretrust_true_parses PASSED [ 86%]
tools/camp/tests/test_harness_launch.py::TestHarnessConfigValidation::test_harness_pretrust_false_parses PASSED [ 87%]
tools/camp/tests/test_harness_launch.py::TestHarnessConfigValidation::test_harness_pretrust_absent_not_in_parsed PASSED [ 87%]
tools/camp/tests/test_harness_launch.py::TestHarnessConfigValidation::test_harness_pretrust_non_bool_rejected PASSED [ 87%]
tools/camp/tests/test_harness_launch.py::TestLaunch::test_launch_execs_resolved_argv_and_chdir PASSED [ 87%]
tools/camp/tests/test_harness_launch.py::TestPartialHarnessMerge::test_doc_files_only_block_uses_default_new PASSED [ 87%]
tools/camp/tests/test_harness_launch.py::TestPartialHarnessMerge::test_doc_files_only_block_uses_default_resume PASSED [ 87%]
tools/camp/tests/test_harness_launch.py::TestPartialHarnessMerge::test_cwd_only_block_uses_default_new PASSED [ 87%]
tools/camp/tests/test_harness_launch.py::TestPartialHarnessMerge::test_new_only_block_resume_falls_back_to_default PASSED [ 87%]
tools/camp/tests/test_harness_launch.py::TestPartialHarnessMerge::test_new_only_block_uses_configured_new PASSED [ 87%]
tools/camp/tests/test_harness_launch.py::TestResolveInject::test_no_harness_block_defaults_to_claude_hook PASSED [ 87%]
tools/camp/tests/test_harness_launch.py::TestResolveInject::test_harness_block_without_inject_defaults_to_stdout PASSED [ 87%]
tools/camp/tests/test_harness_launch.py::TestResolveInject::test_configured_stdout_honored PASSED [ 87%]
tools/camp/tests/test_harness_launch.py::TestResolveInject::test_configured_claude_hook_honored PASSED [ 87%]
tools/camp/tests/test_harness_launch.py::TestResolveHarnessProfile::test_no_harness_block_is_all_claude_defaults PASSED [ 87%]
tools/camp/tests/test_harness_launch.py::TestResolveHarnessProfile::test_block_without_inject_defaults_to_stdout PASSED [ 87%]
tools/camp/tests/test_harness_launch.py::TestResolveHarnessProfile::test_configured_fields_honored PASSED [ 87%]
tools/camp/tests/test_harness_launch.py::TestResolveHarnessProfile::test_profile_is_frozen PASSED [ 87%]
tools/camp/tests/test_harness_launch.py::TestResolveHarnessProfile::test_launch_substitutes_new PASSED [ 87%]
tools/camp/tests/test_harness_launch.py::TestResolveHarnessProfile::test_launch_substitutes_resume PASSED [ 87%]
tools/camp/tests/test_harness_launch.py::TestResolveHarnessProfile::test_no_harness_block_pretrust_defaults_true PASSED [ 87%]
tools/camp/tests/test_harness_launch.py::TestResolveHarnessProfile::test_block_without_pretrust_defaults_true PASSED [ 87%]
tools/camp/tests/test_harness_launch.py::TestResolveHarnessProfile::test_configured_pretrust_false_honored PASSED [ 87%]
tools/camp/tests/test_inject.py::TestEnqueue::test_enqueue_writes_a_queue_file PASSED [ 87%]
tools/camp/tests/test_inject.py::TestEnqueue::test_multiple_enqueues_do_not_overwrite PASSED [ 87%]
tools/camp/tests/test_inject.py::TestEnqueue::test_enqueue_unique_even_on_same_time_ns PASSED [ 87%]
tools/camp/tests/test_inject.py::TestDrain::test_drain_emits_posttooluse_additional_context_json PASSED [ 87%]
tools/camp/tests/test_inject.py::TestDrain::test_drain_clears_queue PASSED [ 87%]
tools/camp/tests/test_inject.py::TestDrain::test_drain_second_call_is_empty PASSED [ 88%]
tools/camp/tests/test_inject.py::TestDrain::test_drain_includes_all_queued_docs PASSED [ 88%]
tools/camp/tests/test_inject.py::TestDrain::test_drain_emits_docs_in_enqueue_order PASSED [ 88%]
tools/camp/tests/test_inject.py::TestDrain::test_drain_empty_queue_no_output PASSED [ 88%]
tools/camp/tests/test_inject.py::TestDrain::test_drain_no_workspace_no_output PASSED [ 88%]
tools/camp/tests/test_inject.py::TestFindWorkspaceRoot::test_finds_nearest_ancestor_with_camp_dir PASSED [ 88%]
tools/camp/tests/test_inject.py::TestFindWorkspaceRoot::test_returns_start_when_no_camp_ancestor PASSED [ 88%]
tools/camp/tests/test_inject.py::TestFindWorkspaceRoot::test_returns_self_when_start_is_workspace_root PASSED [ 88%]
tools/camp/tests/test_inject.py::TestInjectCliWalkUp::test_drain_from_member_subdir_finds_workspace_queue PASSED [ 88%]
tools/camp/tests/test_inject.py::TestInjectCliWalkUp::test_drain_from_deep_member_subdir_finds_workspace_queue PASSED [ 88%]
tools/camp/tests/test_inject.py::TestInjectCliWalkUp::test_drain_from_workspace_root_still_works PASSED [ 88%]
tools/camp/tests/test_inject.py::TestInjectCliWalkUp::test_drain_with_no_camp_ancestor_no_output PASSED [ 88%]
tools/camp/tests/test_inject.py::TestInjectCliWalkUp::test_drain_walkup_clears_workspace_queue PASSED [ 88%]
tools/camp/tests/test_inject.py::TestInjectCli::test_cli_drain_empty_queue_no_output_exit_zero PASSED [ 88%]
tools/camp/tests/test_inject.py::TestInjectCli::test_cli_drain_with_doc_emits_json PASSED [ 88%]
tools/camp/tests/test_inject.py::TestDrainResilience::test_drain_resilient_to_read_error_exits_zero_no_stdout PASSED [ 88%]
tools/camp/tests/test_inject.py::TestDrainResilience::test_drain_cli_exits_zero_no_stdout_when_queue_dir_only_has_subdirs PASSED [ 88%]
tools/camp/tests/test_provision.py::TestU1RealSurvival::test_detached_provisioner_survives_parent_exec PASSED [ 88%]
tools/camp/tests/test_provision.py::TestU1RealSurvival::test_logfile_captures_child_output_after_exec PASSED [ 88%]
tools/camp/tests/test_provision.py::TestU1RealSurvival::test_setup_log_written_0600 PASSED [ 88%]
tools/camp/tests/test_provision.py::TestSpawnDetached::test_builds_camp_setup_background_argv_by_default PASSED [ 88%]
tools/camp/tests/test_provision.py::TestSpawnDetached::test_popen_uses_detach_flags PASSED [ 88%]
tools/camp/tests/test_provision.py::TestAiSeedAndSpawn::test_ai_seeds_manifest_members_pending PASSED [ 88%]
tools/camp/tests/test_provision.py::TestAiSeedAndSpawn::test_ai_creates_workspace_dir_synchronously PASSED [ 88%]
tools/camp/tests/test_provision.py::TestAiSeedAndSpawn::test_ai_spawns_detached_provisioner PASSED [ 88%]
tools/camp/tests/test_provision.py::TestPretrustWiring::test_claude_default_writes_trust_under_tmp_home PASSED [ 88%]
tools/camp/tests/test_provision.py::TestPretrustWiring::test_trust_targets_resolved_subpath_cwd PASSED [ 88%]
tools/camp/tests/test_provision.py::TestPretrustWiring::test_pretrust_false_writes_nothing PASSED [ 88%]
tools/camp/tests/test_provision.py::TestPretrustWiring::test_non_claude_launch_writes_nothing PASSED [ 89%]
tools/camp/tests/test_provision.py::TestPretrustWiring::test_pretrust_exception_does_not_abort_bringup PASSED [ 89%]
tools/camp/tests/test_provision.py::TestPretrustWiring::test_resume_path_trust_entry_present PASSED [ 89%]
tools/camp/tests/test_provision.py::TestForegroundSetup::test_setup_flips_pending_to_ready PASSED [ 89%]
tools/camp/tests/test_provision.py::TestForegroundSetup::test_failing_member_marked_failed_others_ready PASSED [ 89%]
tools/camp/tests/test_provision.py::TestForegroundSetup::test_fetch_timeout_fails_that_member PASSED [ 89%]
tools/camp/tests/test_provision.py::TestForegroundSetup::test_retry_reruns_only_non_ready PASSED [ 89%]
tools/camp/tests/test_provision.py::TestForegroundSetup::test_setup_is_idempotent PASSED [ 89%]
tools/camp/tests/test_provision.py::TestConcurrency::test_setup_serializes_on_reconcile_lock PASSED [ 89%]
tools/camp/tests/test_provision.py::TestConcurrency::test_status_read_during_write_never_torn PASSED [ 89%]
tools/camp/tests/test_provision.py::TestStatusExitCodes::test_all_ready_exit_0 PASSED [ 89%]
tools/camp/tests/test_provision.py::TestStatusExitCodes::test_some_pending_exit_2 PASSED [ 89%]
tools/camp/tests/test_provision.py::TestStatusExitCodes::test_some_failed_exit_3 PASSED [ 89%]
tools/camp/tests/test_provision.py::TestStatusExitCodes::test_failed_takes_precedence_over_pending PASSED [ 89%]
tools/camp/tests/test_provision.py::TestStatusExitCodes::test_json_shape_stable PASSED [ 89%]
tools/camp/tests/test_review_bugfixes.py::TestBug1SetupStatus::test_status_prints_summary_to_stdout PASSED [ 89%]
tools/camp/tests/test_review_bugfixes.py::TestBug1SetupStatus::test_status_exits_zero_when_ready PASSED [ 89%]
tools/camp/tests/test_review_bugfixes.py::TestBug1SetupStatus::test_status_exits_zero_when_pending_or_failed PASSED [ 89%]
tools/camp/tests/test_review_bugfixes.py::TestBug1SetupStatus::test_status_never_mutates_creates_no_junk_dir PASSED [ 89%]
tools/camp/tests/test_review_bugfixes.py::TestBug1SetupStatus::test_status_consumed_not_treated_as_slug PASSED [ 89%]
tools/camp/tests/test_review_bugfixes.py::TestBug2RmRemovesWorkspaceDir::test_rm_removes_workspace_dir PASSED [ 89%]
tools/camp/tests/test_review_bugfixes.py::TestBug2RmRemovesWorkspaceDir::test_after_rm_next_ai_takes_new_path PASSED [ 89%]
tools/camp/tests/test_review_bugfixes.py::TestBug2RmRemovesWorkspaceDir::test_dirty_block_without_force_leaves_dir_intact PASSED [ 89%]
tools/camp/tests/test_review_bugfixes.py::TestBug2RmRemovesWorkspaceDir::test_confinement_rejects_out_of_tree_workspace_dir PASSED [ 89%]
tools/camp/tests/test_review_bugfixes.py::TestBug4FetchFailureFailsMember::test_fetch_failure_unresolved_base_flips_failed PASSED [ 89%]
tools/camp/tests/test_review_bugfixes.py::TestBug4FetchFailureFailsMember::test_fetch_failure_resolved_base_proceeds PASSED [ 89%]
tools/camp/tests/test_review_bugfixes.py::TestBug4FetchFailureFailsMember::test_successful_fetch_branches_off_base PASSED [ 89%]
tools/camp/tests/test_review_structural.py::TestFix6InjectIsLight::test_inject_drain_does_not_import_spine PASSED [ 89%]
tools/camp/tests/test_review_structural.py::TestFix6InjectIsLight::test_cmd_inject_cli_does_not_reference_spine_import PASSED [ 90%]
tools/camp/tests/test_review_structural.py::TestFix6InjectIsLight::test_inject_drain_still_drains PASSED [ 90%]
tools/camp/tests/test_review_structural.py::TestFix6InjectIsLight::test_inject_drain_empty_is_silent PASSED [ 90%]
tools/camp/tests/test_review_structural.py::TestFix7SlugFromCwdThreadsEnv::test_resolves_against_env_state_dir_not_os_environ PASSED [ 90%]
tools/camp/tests/test_review_structural.py::TestFix7SlugFromCwdThreadsEnv::test_signature_accepts_env_kwarg PASSED [ 90%]
tools/camp/tests/test_review_structural.py::TestFix9VerbTaxonomy::test_taxonomy_module_defines_tables PASSED [ 90%]
tools/camp/tests/test_review_structural.py::TestFix9VerbTaxonomy::test_spine_sources_disabled_set_from_taxonomy PASSED [ 90%]
tools/camp/tests/test_review_structural.py::TestFix9VerbTaxonomy::test_spine_sources_redirect_map_from_taxonomy PASSED [ 90%]
tools/camp/tests/test_review_structural.py::TestFix9VerbTaxonomy::test_cli_sources_taxonomy_from_same_definition PASSED [ 90%]
tools/camp/tests/test_review_structural.py::TestFix9VerbTaxonomy::test_cmd_needs_group_replaces_five_stubs PASSED [ 90%]
tools/camp/tests/test_review_structural.py::TestFix9VerbTaxonomy::test_needs_group_configure_message[ai] PASSED [ 90%]
tools/camp/tests/test_review_structural.py::TestFix9VerbTaxonomy::test_needs_group_configure_message[setup] PASSED [ 90%]
tools/camp/tests/test_review_structural.py::TestFix9VerbTaxonomy::test_needs_group_pass_group_message[rm] PASSED [ 90%]
tools/camp/tests/test_review_structural.py::TestFix9VerbTaxonomy::test_needs_group_pass_group_message[cd] PASSED [ 90%]
tools/camp/tests/test_review_structural.py::TestFix9VerbTaxonomy::test_needs_group_pass_group_message[enter] PASSED [ 90%]
tools/camp/tests/test_review_structural.py::TestC1RmtreeGuard::test_rmtree_guard_rejects_symlink_escaping_workspace_dir PASSED [ 90%]
tools/camp/tests/test_session_lock.py::TestIsPidAlive::test_self_pid_is_alive PASSED [ 90%]
tools/camp/tests/test_session_lock.py::TestIsPidAlive::test_dead_pid_is_not_alive PASSED [ 90%]
tools/camp/tests/test_session_lock.py::TestIsPidAlive::test_live_child_is_alive PASSED [ 90%]
tools/camp/tests/test_session_lock.py::TestIsPidAlive::test_permission_error_treated_as_alive PASSED [ 90%]
tools/camp/tests/test_session_lock.py::TestAcquireRelease::test_acquire_writes_lock_with_pid_and_timestamp PASSED [ 90%]
tools/camp/tests/test_session_lock.py::TestAcquireRelease::test_release_clears_lock PASSED [ 90%]
tools/camp/tests/test_session_lock.py::TestAcquireRelease::test_release_is_idempotent PASSED [ 90%]
tools/camp/tests/test_session_lock.py::TestRefuseAndReclaim::test_live_pid_lock_refuses PASSED [ 90%]
tools/camp/tests/test_session_lock.py::TestRefuseAndReclaim::test_live_pid_refusal_names_workspace_pid_timestamp PASSED [ 90%]
tools/camp/tests/test_session_lock.py::TestRefuseAndReclaim::test_live_pid_lock_not_overwritten_on_refusal PASSED [ 90%]
tools/camp/tests/test_session_lock.py::TestRefuseAndReclaim::test_dead_pid_lock_is_reclaimed PASSED [ 90%]
tools/camp/tests/test_session_lock.py::TestRefuseAndReclaim::test_old_live_lock_reclaimed_via_age_fallback PASSED [ 91%]
tools/camp/tests/test_session_lock.py::TestRefuseAndReclaim::test_fresh_live_lock_within_threshold_refuses PASSED [ 91%]
tools/camp/tests/test_session_lock.py::TestRefuseAndReclaim::test_corrupt_lock_is_reclaimed PASSED [ 91%]
tools/camp/tests/test_shell_integration.py::TestCmdPwd::test_cmd_pwd_returns_workspace_dir PASSED [ 91%]
tools/camp/tests/test_shell_integration.py::TestCmdPwd::test_cmd_pwd_is_absolute PASSED [ 91%]
tools/camp/tests/test_shell_integration.py::TestCampPwdCLI::test_camp_pwd_prints_one_line_workspace_path PASSED [ 91%]
tools/camp/tests/test_shell_integration.py::TestCampPwdCLI::test_camp_pwd_stdout_has_no_trailing_whitespace PASSED [ 91%]
tools/camp/tests/test_shell_integration.py::TestCampPwdCLI::test_camp_pwd_diagnostics_go_to_stderr_not_stdout PASSED [ 91%]
tools/camp/tests/test_shell_integration.py::TestCampPwdCLI::test_camp_pwd_path_is_absolute PASSED [ 91%]
tools/camp/tests/test_shell_integration.py::TestCampPwdErrors::test_unknown_slug_exits_nonzero PASSED [ 91%]
tools/camp/tests/test_shell_integration.py::TestCampPwdErrors::test_unknown_slug_error_on_stderr_not_stdout PASSED [ 91%]
tools/camp/tests/test_shell_integration.py::TestCampPwdErrors::test_unknown_slug_stderr_is_legible PASSED [ 91%]
tools/camp/tests/test_shell_integration.py::TestCampPwdErrors::test_outside_member_dir_without_group_exits_nonzero PASSED [ 91%]
tools/camp/tests/test_shell_integration.py::TestCampPwdErrors::test_outside_member_dir_without_group_error_mentions_group PASSED [ 91%]
tools/camp/tests/test_slice1_cli_surface.py::test_camp_help_contains_all_active_verbs PASSED [ 91%]
tools/camp/tests/test_slice1_cli_surface.py::test_camp_help_does_not_contain_disabled_verbs PASSED [ 91%]
tools/camp/tests/test_slice1_cli_surface.py::test_camp_help_does_not_contain_legacy_verbs PASSED [ 91%]
tools/camp/tests/test_slice1_cli_surface.py::test_camp_help_golden_structure PASSED [ 91%]
tools/camp/tests/test_slice1_cli_surface.py::test_camp_group_dispatches_not_bare_slug_error PASSED [ 91%]
tools/camp/tests/test_slice1_cli_surface.py::test_camp_group_without_args_shows_usage PASSED [ 91%]
tools/camp/tests/test_slice1_cli_surface.py::test_camp_ai_dispatches_not_error PASSED [ 91%]
tools/camp/tests/test_slice1_cli_surface.py::test_camp_ai_is_in_reserved PASSED [ 91%]
tools/camp/tests/test_slice1_cli_surface.py::test_camp_rm_is_in_reserved PASSED [ 91%]
tools/camp/tests/test_slice1_cli_surface.py::test_camp_group_is_in_reserved PASSED [ 91%]
tools/camp/tests/test_slice1_cli_surface.py::test_camp_pwd_is_in_reserved PASSED [ 91%]
tools/camp/tests/test_slice1_cli_surface.py::test_camp_enter_is_in_reserved PASSED [ 91%]
tools/camp/tests/test_slice1_cli_surface.py::test_camp_setup_is_in_reserved PASSED [ 91%]
tools/camp/tests/test_slice1_cli_surface.py::test_bare_slug_exits_nonzero PASSED [ 91%]
tools/camp/tests/test_slice1_cli_surface.py::test_bare_slug_names_camp_ai PASSED [ 92%]
tools/camp/tests/test_slice1_cli_surface.py::test_bare_slug_names_the_slug_in_error PASSED [ 92%]
tools/camp/tests/test_slice1_cli_surface.py::test_disabled_verb_exits_nonzero[restock] PASSED [ 92%]
tools/camp/tests/test_slice1_cli_surface.py::test_disabled_verb_exits_nonzero[sweep] PASSED [ 92%]
tools/camp/tests/test_slice1_cli_surface.py::test_disabled_verb_exits_nonzero[code] PASSED [ 92%]
tools/camp/tests/test_slice1_cli_surface.py::test_disabled_verb_exits_nonzero[fire] PASSED [ 92%]
tools/camp/tests/test_slice1_cli_surface.py::test_disabled_verb_prints_disabled_message[restock] PASSED [ 92%]
tools/camp/tests/test_slice1_cli_surface.py::test_disabled_verb_prints_disabled_message[sweep] PASSED [ 92%]
tools/camp/tests/test_slice1_cli_surface.py::test_disabled_verb_prints_disabled_message[code] PASSED [ 92%]
tools/camp/tests/test_slice1_cli_surface.py::test_disabled_verb_prints_disabled_message[fire] PASSED [ 92%]
tools/camp/tests/test_slice1_cli_surface.py::test_disabled_verb_stabilizes_message[restock] PASSED [ 92%]
tools/camp/tests/test_slice1_cli_surface.py::test_disabled_verb_stabilizes_message[sweep] PASSED [ 92%]
tools/camp/tests/test_slice1_cli_surface.py::test_disabled_verb_stabilizes_message[code] PASSED [ 92%]
tools/camp/tests/test_slice1_cli_surface.py::test_disabled_verb_stabilizes_message[fire] PASSED [ 92%]
tools/camp/tests/test_slice1_cli_surface.py::test_camp_init_gives_legible_redirect PASSED [ 92%]
tools/camp/tests/test_slice1_cli_surface.py::test_camp_open_gives_legible_redirect PASSED [ 92%]
tools/camp/tests/test_slice1_cli_surface.py::test_camp_break_gives_legible_redirect PASSED [ 92%]
tools/camp/tests/test_slice1_cli_surface.py::test_stub_verb_exits_nonzero[NOTSET] SKIPPED [ 92%]
tools/camp/tests/test_slice1_cli_surface.py::test_stub_verb_prints_not_implemented_message[NOTSET] SKIPPED [ 92%]
tools/camp/tests/test_slice1_cli_surface.py::test_group_path_disabled_verb_exits_nonzero[code] PASSED [ 92%]
tools/camp/tests/test_slice1_cli_surface.py::test_group_path_disabled_verb_exits_nonzero[sweep] PASSED [ 92%]
tools/camp/tests/test_slice1_cli_surface.py::test_group_path_disabled_verb_exits_nonzero[restock] PASSED [ 92%]
tools/camp/tests/test_slice1_cli_surface.py::test_group_path_disabled_verb_exits_nonzero[fire] PASSED [ 92%]
tools/camp/tests/test_slice1_cli_surface.py::test_group_path_disabled_verb_prints_stabilizes_message[code] PASSED [ 92%]
tools/camp/tests/test_slice1_cli_surface.py::test_group_path_disabled_verb_prints_stabilizes_message[sweep] PASSED [ 92%]
tools/camp/tests/test_slice1_cli_surface.py::test_group_path_disabled_verb_prints_stabilizes_message[restock] PASSED [ 92%]
tools/camp/tests/test_slice1_cli_surface.py::test_group_path_disabled_verb_prints_stabilizes_message[fire] PASSED [ 92%]
tools/camp/tests/test_slice1_cli_surface.py::test_group_path_ai_seeds_and_exits_zero PASSED [ 92%]
tools/camp/tests/test_slice1_cli_surface.py::test_group_path_ai_announces_background_provisioning PASSED [ 93%]
tools/camp/tests/test_slice1_cli_surface.py::test_group_path_rm_no_longer_stubbed PASSED [ 93%]
tools/camp/tests/test_slice1_cli_surface.py::test_group_path_rm_unknown_slug_exits_nonzero PASSED [ 93%]
tools/camp/tests/test_slice2_lifecycle.py::TestReconcileWorktreeCreates::test_creates_both_worktrees_on_correct_branch PASSED [ 93%]
tools/camp/tests/test_slice2_lifecycle.py::TestReconcileWorktreeCreates::test_central_manifest_written_after_success PASSED [ 93%]
tools/camp/tests/test_slice2_lifecycle.py::TestReconcileWorktreeCreates::test_manifest_lists_correct_worktree_paths PASSED [ 93%]
tools/camp/tests/test_slice2_lifecycle.py::TestReconcileWorktreeCreates::test_configured_bootstrap_runs_per_member PASSED [ 93%]
tools/camp/tests/test_slice2_lifecycle.py::TestReconcileWorktreeCreates::test_manifest_mode_is_0600 PASSED [ 93%]
tools/camp/tests/test_slice2_lifecycle.py::TestReconcileIdempotency::test_rerun_is_noop_no_worktree_already_exists_error PASSED [ 93%]
tools/camp/tests/test_slice2_lifecycle.py::TestReconcileIdempotency::test_rerun_does_not_create_duplicate_manifest_entries PASSED [ 93%]
tools/camp/tests/test_slice2_lifecycle.py::TestPartialCreationAtomicity::test_partial_create_then_rerun_completes_set PASSED [ 93%]
tools/camp/tests/test_slice2_lifecycle.py::TestPartialCreationAtomicity::test_manifest_never_lists_partial_set PASSED [ 93%]
tools/camp/tests/test_slice2_lifecycle.py::TestBootstrapFailureAtomicity::test_bootstrap_failure_on_member2_no_manifest PASSED [ 93%]
tools/camp/tests/test_slice2_lifecycle.py::TestBootstrapFailureAtomicity::test_bootstrap_failure_error_names_member PASSED [ 93%]
tools/camp/tests/test_slice2_lifecycle.py::TestBranchBasePolicy::test_default_base_origin_main_in_worktree_add PASSED [ 93%]
tools/camp/tests/test_slice2_lifecycle.py::TestBranchBasePolicy::test_per_member_base_override_honored PASSED [ 93%]
tools/camp/tests/test_slice2_lifecycle.py::TestBranchBasePolicy::test_reconcile_reads_member_base_from_config PASSED [ 93%]
tools/camp/tests/test_slice2_lifecycle.py::TestBreakRemovalConfinement::test_break_rejects_path_outside_workspace_dir PASSED [ 93%]
tools/camp/tests/test_slice2_lifecycle.py::TestBreakRemovalConfinement::test_break_rejects_symlink_escaping_workspace_dir PASSED [ 93%]
tools/camp/tests/test_slice2_lifecycle.py::TestBreakRemovalConfinement::test_break_legacy_layout_path_legible_error PASSED [ 93%]
tools/camp/tests/test_slice2_lifecycle.py::TestBreakAtomicitySymmetry::test_mid_break_failure_manifest_not_left_listing_removed_member PASSED [ 93%]
tools/camp/tests/test_slice2_lifecycle.py::TestConcurrentRunGuard::test_concurrent_reconciles_do_not_double_add_worktree PASSED [ 93%]
tools/camp/tests/test_slice2_lifecycle.py::TestMalformedManifest::test_truncated_manifest_gives_legible_error_from_read PASSED [ 93%]
tools/camp/tests/test_slice2_lifecycle.py::TestMalformedManifest::test_malformed_manifest_status_gives_legible_error PASSED [ 93%]
tools/camp/tests/test_slice2_lifecycle.py::TestCentralManifestPath::test_manifest_path_uses_camp_state_dir_injection PASSED [ 93%]
tools/camp/tests/test_slice2_lifecycle.py::TestCentralManifestPath::test_manifest_written_to_injected_path PASSED [ 93%]
tools/camp/tests/test_slice2_lifecycle.py::TestSuccessSummary::test_reconcile_worktree_returns_summary PASSED [ 93%]
tools/camp/tests/test_slice2_lifecycle.py::TestSuccessSummary::test_success_summary_line_format PASSED [ 94%]
tools/camp/tests/test_slice2_lifecycle.py::TestCmdStatusAndLs::test_cmd_status_fleet_view_lists_all_worktrees PASSED [ 94%]
tools/camp/tests/test_slice2_lifecycle.py::TestCmdStatusAndLs::test_cmd_status_scoped_returns_single_worktree PASSED [ 94%]
tools/camp/tests/test_slice2_lifecycle.py::TestCmdStatusAndLs::test_cmd_ls_returns_all_worktrees_for_group PASSED [ 94%]
tools/camp/tests/test_slice2_lifecycle.py::TestCmdStatusAndLs::test_cmd_ls_empty_when_no_worktrees PASSED [ 94%]
tools/camp/tests/test_slice2_lifecycle.py::TestCmdBreak::test_break_removes_both_member_worktrees PASSED [ 94%]
tools/camp/tests/test_slice2_lifecycle.py::TestCmdBreak::test_break_removes_central_manifest PASSED [ 94%]
tools/camp/tests/test_slice2_lifecycle.py::TestCmdBreak::test_break_dirty_worktree_blocked_without_force PASSED [ 94%]
tools/camp/tests/test_slice2_lifecycle.py::TestCmdBreak::test_break_dirty_worktree_succeeds_with_force PASSED [ 94%]
tools/camp/tests/test_slice2_lifecycle.py::TestCmdSync::test_cmd_sync_operates_on_all_group_members PASSED [ 94%]
tools/camp/tests/test_slice2_lifecycle.py::TestManifestAPI::test_write_and_read_roundtrip PASSED [ 94%]
tools/camp/tests/test_slice2_lifecycle.py::TestManifestAPI::test_write_is_atomic PASSED [ 94%]
tools/camp/tests/test_slice2_lifecycle.py::TestManifestAPI::test_remove_central_manifest PASSED [ 94%]
tools/camp/tests/test_slice2_lifecycle.py::TestManifestAPI::test_remove_central_manifest_noop_if_absent PASSED [ 94%]
tools/camp/tests/test_slice3_cli.py::TestCampAi::test_ai_seeds_and_background_provisions_to_ready PASSED [ 94%]
tools/camp/tests/test_slice3_cli.py::TestCampAi::test_ai_requires_slug PASSED [ 94%]
tools/camp/tests/test_slice3_cli.py::TestCampSetup::test_foreground_setup_drives_ready PASSED [ 94%]
tools/camp/tests/test_slice3_cli.py::TestCampStatusExitCodes::test_status_all_ready_exit_0 PASSED [ 94%]
tools/camp/tests/test_slice3_cli.py::TestCampStatusExitCodes::test_status_some_pending_exit_2 PASSED [ 94%]
tools/camp/tests/test_slice3_cli.py::TestCampStatusExitCodes::test_status_some_failed_exit_3 PASSED [ 94%]
tools/camp/tests/test_slice3_cli.py::TestCampStatusExitCodes::test_status_json_shape PASSED [ 94%]
tools/camp/tests/test_slice3_cli.py::TestSetupRetryFlagRemoved::test_setup_retry_flag_rejected_with_slug PASSED [ 94%]
tools/camp/tests/test_slice3_cli.py::TestSetupRetryFlagRemoved::test_setup_without_retry_still_works PASSED [ 94%]
tools/camp/tests/test_slice3_hooks.py::TestHooksWriter::test_writes_session_start_hook PASSED [ 94%]
tools/camp/tests/test_slice3_hooks.py::TestHooksWriter::test_does_not_write_worktree_remove_hook PASSED [ 94%]
tools/camp/tests/test_slice3_hooks.py::TestHooksWriter::test_writes_env_camp_bin PASSED [ 94%]
tools/camp/tests/test_slice3_hooks.py::TestHooksWriter::test_hook_command_shape PASSED [ 94%]
tools/camp/tests/test_slice3_hooks.py::TestHooksWriter::test_idempotent_no_duplicates PASSED [ 94%]
tools/camp/tests/test_slice3_hooks.py::TestHooksWriter::test_preserves_existing_unrelated_keys PASSED [ 95%]
tools/camp/tests/test_slice3_hooks.py::TestHooksWriter::test_json_robustness_path_with_space_and_quote PASSED [ 95%]
tools/camp/tests/test_slice3_hooks.py::TestInitCmd::test_init_writes_hooks_for_all_members PASSED [ 95%]
tools/camp/tests/test_slice3_hooks.py::TestInitCmd::test_init_idempotent PASSED [ 95%]
tools/camp/tests/test_slice3_hooks.py::TestSessionBootstrapNoOp::test_cold_start_no_config_dir_exits_0_no_stderr PASSED [ 95%]
tools/camp/tests/test_slice3_hooks.py::TestSessionBootstrapNoOp::test_config_present_but_not_member_exits_0_no_stderr PASSED [ 95%]
tools/camp/tests/test_slice3_hooks.py::TestSessionBootstrapNoOp::test_malformed_config_exits_0_no_stderr PASSED [ 95%]
tools/camp/tests/test_slice3_hooks.py::TestSessionBootstrapNoOp::test_slug_none_repo_root_exits_0_no_stderr PASSED [ 95%]
tools/camp/tests/test_slice3_hooks.py::TestSessionBootstrapIdempotent::test_second_run_is_noop PASSED [ 95%]
tools/camp/tests/test_slice3_hooks.py::TestBootstrapGuard::test_bare_python3_no_module_not_found_error PASSED [ 95%]
tools/camp/tests/test_slice3_hooks.py::TestWorktreeCleanup::test_removes_member_worktrees_and_manifest PASSED [ 95%]
tools/camp/tests/test_slice3_hooks.py::TestWorktreeCleanup::test_dirty_worktree_blocks_cleanup_without_force PASSED [ 95%]
tools/camp/tests/test_slice3_hooks.py::TestWorktreeCleanup::test_dirty_worktree_cleanup_succeeds_with_force PASSED [ 95%]
tools/camp/tests/test_slice3_hooks.py::TestWorktreeCleanup::test_non_member_cwd_silent_noop PASSED [ 95%]
tools/camp/tests/test_slice3_hooks.py::TestSessionBootstrapGenuineFailure::test_genuine_reconcile_failure_warns_once_names_slug_exits_0 PASSED [ 95%]
tools/camp/tests/test_slice3_hooks.py::TestSessionBootstrapGenuineFailure::test_no_op_cases_remain_silent_after_change PASSED [ 95%]
tools/camp/tests/test_slice3_hooks.py::TestHelpMenuInit::test_help_contains_init PASSED [ 95%]
tools/camp/tests/test_slice3_hooks.py::TestHelpMenuInit::test_help_init_has_description PASSED [ 95%]
tools/camp/tests/test_slice3_hooks.py::TestHelpMenuInit::test_help_not_argparse_dump PASSED [ 95%]
tools/camp/tests/test_slice3_hooks.py::TestHelpMenuInit::test_help_does_not_list_session_bootstrap_or_worktree_cleanup PASSED [ 95%]
tools/camp/tests/test_spine.py::test_repos_imports_without_dev_env PASSED [ 95%]
tools/camp/tests/test_spine.py::test_spine_imports_without_dev_env PASSED [ 95%]
tools/camp/tests/test_spine.py::test_no_dev_env_in_sys_modules_after_import PASSED [ 95%]
tools/camp/tests/test_spine.py::test_read_manifest_returns_none_when_absent PASSED [ 95%]
tools/camp/tests/test_spine.py::test_read_manifest_returns_data PASSED   [ 95%]
tools/camp/tests/test_spine.py::test_read_manifest_returns_none_on_bad_json PASSED [ 95%]
tools/camp/tests/test_spine.py::test_resolve_manifest_for_direct PASSED  [ 95%]
tools/camp/tests/test_spine.py::test_resolve_manifest_for_sibling_marker PASSED [ 95%]
tools/camp/tests/test_spine.py::test_resolve_manifest_for_returns_none_when_absent PASSED [ 96%]
tools/camp/tests/test_spine.py::test_repo_path_from_manifest PASSED      [ 96%]
tools/camp/tests/test_spine.py::test_repo_path_fallback PASSED           [ 96%]
tools/camp/tests/test_spine.py::test_normalize_slug_lowercases PASSED    [ 96%]
tools/camp/tests/test_spine.py::test_normalize_slug_replaces_non_alnum PASSED [ 96%]
tools/camp/tests/test_spine.py::test_normalize_slug_trims_dashes PASSED  [ 96%]
tools/camp/tests/test_spine.py::test_normalize_slug_already_clean PASSED [ 96%]
tools/camp/tests/test_spine.py::test_validate_slug_accepts_valid PASSED  [ 96%]
tools/camp/tests/test_spine.py::test_validate_slug_rejects_empty PASSED  [ 96%]
tools/camp/tests/test_spine.py::test_validate_slug_rejects_uppercase PASSED [ 96%]
tools/camp/tests/test_spine.py::test_resolve_slug_rejects_path_traversal PASSED [ 96%]
tools/camp/tests/test_spine.py::test_resolve_slug_rejects_shell_metachar PASSED [ 96%]
tools/camp/tests/test_spine.py::test_resolve_slug_normalizes_and_returns PASSED [ 96%]
tools/camp/tests/test_spine.py::test_git_forms_correct_argv PASSED       [ 96%]
tools/camp/tests/test_spine.py::test_git_out_returns_stripped_stdout PASSED [ 96%]
tools/camp/tests/test_spine.py::test_git_out_returns_empty_on_nonzero PASSED [ 96%]
tools/camp/tests/test_spine.py::test_cmd_sweep_no_registry_returns_empty_instances PASSED [ 96%]
tools/camp/tests/test_spine.py::test_cmd_sweep_no_registry_does_not_call_import_dev_env PASSED [ 96%]
tools/camp/tests/test_spine.py::test_cmd_sweep_prune_with_orphan_instance_raises_not_implemented PASSED [ 96%]
tools/camp/tests/test_spine.py::test_sweep_report_retains_dev_env_schema_keys PASSED [ 96%]
tools/camp/tests/test_spine.py::test_trailhead_paths_guard_emits_legible_message_on_import_error PASSED [ 96%]
tools/camp/tests/test_spine.py::test_trailhead_paths_guard_succeeds_when_importable PASSED [ 96%]
tools/camp/tests/test_workspace_doc.py::TestWorkspaceDocFiles::test_claude_md_written PASSED [ 96%]
tools/camp/tests/test_workspace_doc.py::TestWorkspaceDocFiles::test_agent_md_not_written_by_default PASSED [ 96%]
tools/camp/tests/test_workspace_doc.py::TestWorkspaceDocCommandTable::test_claude_md_contains_camp_enter_exact PASSED [ 96%]
tools/camp/tests/test_workspace_doc.py::TestWorkspaceDocCommandTable::test_claude_md_contains_camp_status_exact PASSED [ 96%]
tools/camp/tests/test_workspace_doc.py::TestWorkspaceDocCommandTable::test_claude_md_contains_camp_setup_exact PASSED [ 96%]
tools/camp/tests/test_workspace_doc.py::TestWorkspaceDocCommandTable::test_claude_md_does_not_contain_camp_setup_retry PASSED [ 97%]
tools/camp/tests/test_workspace_doc.py::TestWorkspaceDocCommandTable::test_configured_agents_md_contains_camp_enter_exact PASSED [ 97%]
tools/camp/tests/test_workspace_doc.py::TestWorkspaceDocMemberList::test_claude_md_contains_all_member_names PASSED [ 97%]
tools/camp/tests/test_workspace_doc.py::TestWorkspaceDocMemberList::test_configured_agents_md_contains_all_member_names PASSED [ 97%]
tools/camp/tests/test_workspace_doc.py::TestWorkspaceDocGuidance::test_inert_until_camp_enter PASSED [ 97%]
tools/camp/tests/test_workspace_doc.py::TestWorkspaceDocGuidance::test_setup_may_be_in_flight PASSED [ 97%]
tools/camp/tests/test_workspace_doc.py::TestWorkspaceDocIdempotent::test_no_duplication_on_second_write PASSED [ 97%]
tools/camp/tests/test_workspace_doc.py::TestWorkspaceDocIdempotent::test_configured_agents_md_no_duplication_on_second_write PASSED [ 97%]
tools/camp/tests/test_workspace_doc.py::TestWorkspaceDocIdempotent::test_stable_content_for_same_inputs PASSED [ 97%]
tools/camp/tests/test_workspace_doc.py::TestWorkspaceHooks::test_workspace_settings_written PASSED [ 97%]
tools/camp/tests/test_workspace_doc.py::TestWorkspaceHooks::test_workspace_settings_has_session_start_hook PASSED [ 97%]
tools/camp/tests/test_workspace_doc.py::TestWorkspaceHooks::test_workspace_session_start_command_exact PASSED [ 97%]
tools/camp/tests/test_workspace_doc.py::TestWorkspaceHooks::test_workspace_hooks_idempotent PASSED [ 97%]
tools/camp/tests/test_workspace_doc.py::TestWorkspaceHooks::test_workspace_hooks_preserves_existing_keys PASSED [ 97%]
tools/camp/tests/test_workspace_doc.py::TestWorkspaceHooks::test_workspace_hooks_written_not_in_member_repo PASSED [ 97%]
tools/camp/tests/test_workspace_doc.py::TestWorkspaceInjectHook::test_inject_hook_written PASSED [ 97%]
tools/camp/tests/test_workspace_doc.py::TestWorkspaceInjectHook::test_inject_hook_matcher_is_bash PASSED [ 97%]
tools/camp/tests/test_workspace_doc.py::TestWorkspaceInjectHook::test_inject_hook_idempotent PASSED [ 97%]
tools/camp/tests/test_workspace_doc.py::TestWorkspaceInjectHook::test_inject_hook_preserves_session_start PASSED [ 97%]
tools/camp/tests/test_workspace_doc.py::TestHasInjectDrainHook::test_true_when_drain_hook_installed PASSED [ 97%]
tools/camp/tests/test_workspace_doc.py::TestHasInjectDrainHook::test_false_when_no_settings_file PASSED [ 97%]
tools/camp/tests/test_workspace_doc.py::TestHasInjectDrainHook::test_false_when_only_session_start_hook PASSED [ 97%]
tools/camp/tests/test_workspace_doc.py::TestBringUpWorkspaceIntegration::test_bring_up_creates_claude_md PASSED [ 97%]
tools/camp/tests/test_workspace_doc.py::TestBringUpWorkspaceIntegration::test_bring_up_does_not_create_agent_md_by_default PASSED [ 97%]
tools/camp/tests/test_workspace_doc.py::TestBringUpWorkspaceIntegration::test_bring_up_creates_workspace_settings PASSED [ 97%]
tools/camp/tests/test_workspace_doc.py::TestBringUpWorkspaceIntegration::test_bring_up_claude_md_has_member_names PASSED [ 97%]
tools/camp/tests/test_workspace_doc.py::TestBringUpWorkspaceIntegration::test_bring_up_idempotent_docs PASSED [ 97%]
tools/camp/tests/test_workspace_doc.py::TestResolveDocFiles::test_no_harness_returns_claude_md PASSED [ 97%]
tools/camp/tests/test_workspace_doc.py::TestResolveDocFiles::test_harness_without_doc_files_returns_claude_md PASSED [ 98%]
tools/camp/tests/test_workspace_doc.py::TestResolveDocFiles::test_configured_doc_files_returned PASSED [ 98%]
tools/camp/tests/test_workspace_doc.py::TestResolveDocFiles::test_multiple_doc_files_returned PASSED [ 98%]
tools/camp/tests/test_workspace_doc.py::TestWriteWorkspaceDocFiles::test_default_writes_only_claude_md PASSED [ 98%]
tools/camp/tests/test_workspace_doc.py::TestWriteWorkspaceDocFiles::test_configured_agents_md_writes_agents_md_only PASSED [ 98%]
tools/camp/tests/test_workspace_doc.py::TestWriteWorkspaceDocFiles::test_configured_both_writes_both PASSED [ 98%]
tools/camp/tests/test_workspace_doc.py::TestWriteWorkspaceDocFiles::test_each_doc_has_same_content PASSED [ 98%]
tools/camp/tests/test_workspace_doc.py::TestRenderedDocMembersLine::test_no_bare_members_line PASSED [ 98%]
tools/camp/tests/test_workspace_doc.py::TestRenderedDocMembersLine::test_members_section_heading_retained PASSED [ 98%]
tools/camp/tests/test_workspace_doc.py::TestRenderedDocMembersLine::test_member_names_still_listed PASSED [ 98%]
tools/camp/tests/test_workspace_doc.py::TestGroupConfigDocFiles::test_valid_doc_files_loads PASSED [ 98%]
tools/camp/tests/test_workspace_doc.py::TestGroupConfigDocFiles::test_doc_files_multiple_accepted PASSED [ 98%]
tools/camp/tests/test_workspace_doc.py::TestGroupConfigDocFiles::test_empty_list_raises PASSED [ 98%]
tools/camp/tests/test_workspace_doc.py::TestGroupConfigDocFiles::test_whitespace_token_raises PASSED [ 98%]
tools/camp/tests/test_workspace_doc.py::TestGroupConfigDocFiles::test_non_string_token_raises PASSED [ 98%]
tools/camp/tests/test_workspace_doc.py::TestGroupConfigDocFiles::test_not_a_list_raises PASSED [ 98%]
tools/camp/tests/test_workspace_doc.py::TestGroupConfigDocFiles::test_absent_doc_files_returns_none PASSED [ 98%]
tools/portage/tests/test_portage_agents_registrable.py::test_at_least_three_agents_ship PASSED [ 98%]
tools/portage/tests/test_portage_agents_registrable.py::test_agent_has_registrable_frontmatter[monitor] PASSED [ 98%]
tools/portage/tests/test_portage_agents_registrable.py::test_agent_has_registrable_frontmatter[summarizer] PASSED [ 98%]
tools/portage/tests/test_portage_agents_registrable.py::test_agent_has_registrable_frontmatter[updater] PASSED [ 98%]
tools/portage/tests/test_portage_agents_registrable.py::test_agent_name_matches_filename_stem[monitor] PASSED [ 98%]
tools/portage/tests/test_portage_agents_registrable.py::test_agent_name_matches_filename_stem[summarizer] PASSED [ 98%]
tools/portage/tests/test_portage_agents_registrable.py::test_agent_name_matches_filename_stem[updater] PASSED [ 98%]
tools/portage/tests/test_portage_capability.py::test_capabilities_toml_exists PASSED [ 98%]
tools/portage/tests/test_portage_capability.py::test_tool_name_is_portage_and_matches_dir PASSED [ 98%]
tools/portage/tests/test_portage_capability.py::test_no_capability_groups PASSED [ 98%]
tools/portage/tests/test_portage_capability.py::test_expected_portage_skills_present PASSED [ 98%]
tools/portage/tests/test_portage_capability.py::test_expected_portage_agents_present PASSED [ 99%]
tools/portage/tests/test_portage_skills_registrable.py::test_all_four_portage_skills_present PASSED [ 99%]
tools/portage/tests/test_portage_skills_registrable.py::test_skill_has_registrable_frontmatter[merge] PASSED [ 99%]
tools/portage/tests/test_portage_skills_registrable.py::test_skill_has_registrable_frontmatter[monitor] PASSED [ 99%]
tools/portage/tests/test_portage_skills_registrable.py::test_skill_has_registrable_frontmatter[open] PASSED [ 99%]
tools/portage/tests/test_portage_skills_registrable.py::test_skill_has_registrable_frontmatter[update] PASSED [ 99%]
tools/portage/tests/test_portage_skills_registrable.py::test_skill_name_matches_dir[merge] PASSED [ 99%]
tools/portage/tests/test_portage_skills_registrable.py::test_skill_name_matches_dir[monitor] PASSED [ 99%]
tools/portage/tests/test_portage_skills_registrable.py::test_skill_name_matches_dir[open] PASSED [ 99%]
tools/portage/tests/test_portage_skills_registrable.py::test_skill_name_matches_dir[update] PASSED [ 99%]
tools/portage/tests/test_portage_thin_scripts.py::TestDetectRepos::test_delegates_to_repos_detect_and_prints_json PASSED [ 99%]
tools/portage/tests/test_portage_thin_scripts.py::TestCheckPrStatus::test_delegates_to_pr_status_and_prints_json PASSED [ 99%]
tools/portage/tests/test_portage_thin_scripts.py::TestCheckPrStatus::test_not_a_directory_exits_1 PASSED [ 99%]
tools/portage/tests/test_portage_thin_scripts.py::TestPrEvaluate::test_delegates_status_then_evaluate PASSED [ 99%]
tools/portage/tests/test_portage_thin_scripts.py::TestMergePrs::test_delegates_to_pr_merge_and_prints_json PASSED [ 99%]
tools/portage/tests/test_portage_thin_scripts.py::TestMergePrs::test_r6_gate_message_preserved PASSED [ 99%]
tools/portage/tests/test_portage_thin_scripts.py::TestMergePrs::test_bad_pair_format_exits_2 PASSED [ 99%]
tools/portage/tests/test_portage_thin_scripts.py::TestWaitForActionable::test_delegates_to_ci_wait_and_prints_json PASSED [ 99%]
tools/portage/tests/test_portage_thin_scripts.py::TestWaitForActionable::test_timeout_exits_1 PASSED [ 99%]
tools/portage/tests/test_portage_thin_scripts.py::TestSidecar::test_write_delegates_to_pr_open PASSED [ 99%]
tools/portage/tests/test_portage_thin_scripts.py::TestSidecar::test_read_delegates_to_pr_read_sidecar PASSED [ 99%]
tools/portage/tests/test_portage_vcs_loader.py::TestParents6Layout::test_bootstrap_exists PASSED [ 99%]
tools/portage/tests/test_portage_vcs_loader.py::TestParents6Layout::test_marker_reachable_at_proven_depth PASSED [ 99%]
tools/portage/tests/test_portage_vcs_loader.py::TestVcsImportableFromPortageContext::test_ensure_importable_then_get_provider PASSED [ 99%]
tools/portage/tests/test_portage_vcs_loader.py::TestS5InProcessBoundary::test_hostile_trailhead_root_does_not_redirect PASSED [ 99%]
tools/portage/tests/test_portage_vcs_loader.py::TestColdStartTier2Hardening::test_walk_wins_over_hostile_env_when_run_from_checkout PASSED [ 99%]
tools/portage/tests/test_portage_vcs_loader.py::TestColdStartTier2Hardening::test_env_fallback_used_when_walk_finds_nothing PASSED [ 99%]
tools/portage/tests/test_portage_vcs_loader.py::TestColdStartTier2Hardening::test_invalid_env_with_no_walk_target_exits_legibly PASSED [100%]

=================================== FAILURES ===================================
_ TestLoreRecallHonestyGuards.test_lore_readme_contains_recall_areas_positive __

self = <trailhead.tests.test_landing_links_real.TestLoreRecallHonestyGuards object at 0x1097a0690>

    def test_lore_readme_contains_recall_areas_positive(self):
        """R-3 positive: the lore README must contain 'recall --areas' (the real mechanism)."""
        assert _LORE_README.exists(), f"lore README not found at {_LORE_README}"
        text = _LORE_README.read_text(encoding="utf-8")
>       assert "recall --areas" in text, (
            "lore README must contain 'recall --areas' — the area-mediated recall mechanism "
            "(R-3 positive: ensures the real mechanism is documented, not just that the old "
            "oversell is absent)"
        )
E       AssertionError: lore README must contain 'recall --areas' — the area-mediated recall mechanism (R-3 positive: ensures the real mechanism is documented, not just that the old oversell is absent)
E       assert 'recall --areas' in '# lore\n\nAgent-native project memory that works with your existing setup. Lore captures\nthe durable, non-obvious things worth remembering across sessions — decisions,\ndead-ends, deferrals, follow-up items, area mental models, and a running session\nlog — and loads what\'s relevant automatically when a session starts.\n\n**No MCP required.** Lore uses only `Read`, `Write`, `Edit`, `Glob`, `Grep`,\nand `Bash(git)` — tools every Claude Code session already has.\n\n## What lore captures\n\n| Capture command | What it records |\n|---|---|\n| `/lore:defer` | Work chosen not to do now, with a trigger to revisit |\n| `/lore:dead-end` | Approaches tried that didn\'t work, with a revive condition |\n| `/lore:decision` | Non-obvious architectural choices and their reasoning |\n| `/lore:follow-up` | External things out of your control being watched |\n| `/lore:area` | Mental model of a codebase area (files, gotchas, conventions) |\n\nSession lifecycle is automatic: `/lore:checkpoint` snapshots in-flight state;\n`/lore:finish` wraps the session. `/lore:sync` commits and pushes the vault at\nany point.\n\n## Install\n\nLore is installed as part of Trailhead — see the [root README](../../RE...earch and synthesize across the vault.\nIt uses `Glob`, `Grep`, and `Read` — no MCP — and returns a cited synthesis,\nnot a raw dump.\n\n## Development\n\n```bash\n# Run the test suite\npython -m pytest tests/\n```\n\nA **pre-commit leak gate** keeps project- or machine-specific tokens out of the\nshipped plugin surface. Install the generic, denylist-driven gate from the\n[craft](../craft) plugin — it reads a machine-local denylist\n(`~/.claude/leak-gate.denylist`, untracked) so no private token lives in this\ntracked repo:\n\n```bash\ncraft/plugins/craft/scripts/install-hooks.sh "$(pwd)" plugins/lore tests docs\n```\n\nThe `docs` tree is included so adopter-facing docs (e.g. `EXTENDING.md`) are\ngated too — they ship publicly and must stay leak-clean.\n\nSee `MANUAL-SMOKE.md` for the plugin-system boundary smoke test (hook\nregistration, `${CLAUDE_PLUGIN_ROOT}`, skill namespacing).\n\n## Extending lore for your project\n\nTo bolt your own project layer on top of lore and the craft dev agents — wiring\ncraft\'s extension points (feature flags, issue tracker, observability, test\ncommands) to your own stack — see the adopter cookbook in\n[`docs/EXTENDING.md`](docs/EXTENDING.md).\n'

trailhead/tests/test_landing_links_real.py:904: AssertionError
=========================== short test summary info ============================
FAILED trailhead/tests/test_landing_links_real.py::TestLoreRecallHonestyGuards::test_lore_readme_contains_recall_areas_positive
============ 1 failed, 2758 passed, 8 skipped in 100.42s (0:01:40) =============
